../libs/vanttec_CANLib/platform_specific/vanttec_canlib_stm/generic_tasks/requirements.c:43:6:emergencystop_task	40	static
../libs/vanttec_CANLib/platform_specific/vanttec_canlib_stm/generic_tasks/requirements.c:63:6:hb_task	24	static
../libs/vanttec_CANLib/platform_specific/vanttec_canlib_stm/generic_tasks/requirements.c:74:6:drivemode_task	40	static
../libs/vanttec_CANLib/platform_specific/vanttec_canlib_stm/generic_tasks/requirements.c:104:6:driverpresent_task	40	static
../libs/vanttec_CANLib/platform_specific/vanttec_canlib_stm/generic_tasks/requirements.c:123:6:reverse_task	40	static
../libs/vanttec_CANLib/platform_specific/vanttec_canlib_stm/generic_tasks/requirements.c:142:6:frenomanual_task	40	static
../libs/vanttec_CANLib/platform_specific/vanttec_canlib_stm/generic_tasks/requirements.c:161:6:driverfault_task	40	static
../libs/vanttec_CANLib/platform_specific/vanttec_canlib_stm/generic_tasks/requirements.c:182:6:init_requirements_task	8	static
