../libs/vanttec_CANLib/platform_specific/vanttec_canlib_stm/generic_tasks/requirements.c:43:6:emergencystop_task	40	static
../libs/vanttec_CANLib/platform_specific/vanttec_canlib_stm/generic_tasks/requirements.c:65:6:hb_task	24	static
../libs/vanttec_CANLib/platform_specific/vanttec_canlib_stm/generic_tasks/requirements.c:76:6:drivemode_task	40	static
../libs/vanttec_CANLib/platform_specific/vanttec_canlib_stm/generic_tasks/requirements.c:106:6:driverpresent_task	40	static
../libs/vanttec_CANLib/platform_specific/vanttec_canlib_stm/generic_tasks/requirements.c:125:6:reverse_task	40	static
../libs/vanttec_CANLib/platform_specific/vanttec_canlib_stm/generic_tasks/requirements.c:144:6:frenomanual_task	40	static
../libs/vanttec_CANLib/platform_specific/vanttec_canlib_stm/generic_tasks/requirements.c:163:6:driverfault_task	40	static
../libs/vanttec_CANLib/platform_specific/vanttec_canlib_stm/generic_tasks/requirements.c:184:6:init_requirements_task	8	static
