Archive member included to satisfy reference by file (symbol)

c:/st/stm32cubeide_1.11.2/stm32cubeide/plugins/com.st.stm32cube.ide.mcu.externaltools.gnu-tools-for-stm32.10.3-2021.10.win32_1.0.100.202210260954/tools/bin/../lib/gcc/arm-none-eabi/10.3.1/../../../../arm-none-eabi/lib/thumb/v7e-m+fp/hard\libm.a(lib_a-sf_ldexp.o)
                              ./libs/vanttec_CANLib/src/Vanttec_CANLib/Utils/CANDeserialization.o (ldexpf)
c:/st/stm32cubeide_1.11.2/stm32cubeide/plugins/com.st.stm32cube.ide.mcu.externaltools.gnu-tools-for-stm32.10.3-2021.10.win32_1.0.100.202210260954/tools/bin/../lib/gcc/arm-none-eabi/10.3.1/../../../../arm-none-eabi/lib/thumb/v7e-m+fp/hard\libm.a(lib_a-sf_scalbn.o)
                              c:/st/stm32cubeide_1.11.2/stm32cubeide/plugins/com.st.stm32cube.ide.mcu.externaltools.gnu-tools-for-stm32.10.3-2021.10.win32_1.0.100.202210260954/tools/bin/../lib/gcc/arm-none-eabi/10.3.1/../../../../arm-none-eabi/lib/thumb/v7e-m+fp/hard\libm.a(lib_a-sf_ldexp.o) (scalbnf)
c:/st/stm32cubeide_1.11.2/stm32cubeide/plugins/com.st.stm32cube.ide.mcu.externaltools.gnu-tools-for-stm32.10.3-2021.10.win32_1.0.100.202210260954/tools/bin/../lib/gcc/arm-none-eabi/10.3.1/../../../../arm-none-eabi/lib/thumb/v7e-m+fp/hard\libm.a(lib_a-sf_finite.o)
                              c:/st/stm32cubeide_1.11.2/stm32cubeide/plugins/com.st.stm32cube.ide.mcu.externaltools.gnu-tools-for-stm32.10.3-2021.10.win32_1.0.100.202210260954/tools/bin/../lib/gcc/arm-none-eabi/10.3.1/../../../../arm-none-eabi/lib/thumb/v7e-m+fp/hard\libm.a(lib_a-sf_ldexp.o) (finitef)
c:/st/stm32cubeide_1.11.2/stm32cubeide/plugins/com.st.stm32cube.ide.mcu.externaltools.gnu-tools-for-stm32.10.3-2021.10.win32_1.0.100.202210260954/tools/bin/../lib/gcc/arm-none-eabi/10.3.1/../../../../arm-none-eabi/lib/thumb/v7e-m+fp/hard\libc_nano.a(lib_a-errno.o)
                              ./Core/Src/syscalls.o (__errno)
c:/st/stm32cubeide_1.11.2/stm32cubeide/plugins/com.st.stm32cube.ide.mcu.externaltools.gnu-tools-for-stm32.10.3-2021.10.win32_1.0.100.202210260954/tools/bin/../lib/gcc/arm-none-eabi/10.3.1/../../../../arm-none-eabi/lib/thumb/v7e-m+fp/hard\libc_nano.a(lib_a-exit.o)
                              c:/st/stm32cubeide_1.11.2/stm32cubeide/plugins/com.st.stm32cube.ide.mcu.externaltools.gnu-tools-for-stm32.10.3-2021.10.win32_1.0.100.202210260954/tools/bin/../lib/gcc/arm-none-eabi/10.3.1/../../../../arm-none-eabi/lib/thumb/v7e-m+fp/hard/crt0.o (exit)
c:/st/stm32cubeide_1.11.2/stm32cubeide/plugins/com.st.stm32cube.ide.mcu.externaltools.gnu-tools-for-stm32.10.3-2021.10.win32_1.0.100.202210260954/tools/bin/../lib/gcc/arm-none-eabi/10.3.1/../../../../arm-none-eabi/lib/thumb/v7e-m+fp/hard\libc_nano.a(lib_a-findfp.o)
                              ./Middlewares/Third_Party/FreeRTOS/Source/tasks.o (__sf_fake_stderr)
c:/st/stm32cubeide_1.11.2/stm32cubeide/plugins/com.st.stm32cube.ide.mcu.externaltools.gnu-tools-for-stm32.10.3-2021.10.win32_1.0.100.202210260954/tools/bin/../lib/gcc/arm-none-eabi/10.3.1/../../../../arm-none-eabi/lib/thumb/v7e-m+fp/hard\libc_nano.a(lib_a-fwalk.o)
                              c:/st/stm32cubeide_1.11.2/stm32cubeide/plugins/com.st.stm32cube.ide.mcu.externaltools.gnu-tools-for-stm32.10.3-2021.10.win32_1.0.100.202210260954/tools/bin/../lib/gcc/arm-none-eabi/10.3.1/../../../../arm-none-eabi/lib/thumb/v7e-m+fp/hard\libc_nano.a(lib_a-findfp.o) (_fwalk)
c:/st/stm32cubeide_1.11.2/stm32cubeide/plugins/com.st.stm32cube.ide.mcu.externaltools.gnu-tools-for-stm32.10.3-2021.10.win32_1.0.100.202210260954/tools/bin/../lib/gcc/arm-none-eabi/10.3.1/../../../../arm-none-eabi/lib/thumb/v7e-m+fp/hard\libc_nano.a(lib_a-impure.o)
                              c:/st/stm32cubeide_1.11.2/stm32cubeide/plugins/com.st.stm32cube.ide.mcu.externaltools.gnu-tools-for-stm32.10.3-2021.10.win32_1.0.100.202210260954/tools/bin/../lib/gcc/arm-none-eabi/10.3.1/../../../../arm-none-eabi/lib/thumb/v7e-m+fp/hard\libc_nano.a(lib_a-exit.o) (_global_impure_ptr)
c:/st/stm32cubeide_1.11.2/stm32cubeide/plugins/com.st.stm32cube.ide.mcu.externaltools.gnu-tools-for-stm32.10.3-2021.10.win32_1.0.100.202210260954/tools/bin/../lib/gcc/arm-none-eabi/10.3.1/../../../../arm-none-eabi/lib/thumb/v7e-m+fp/hard\libc_nano.a(lib_a-init.o)
                              c:/st/stm32cubeide_1.11.2/stm32cubeide/plugins/com.st.stm32cube.ide.mcu.externaltools.gnu-tools-for-stm32.10.3-2021.10.win32_1.0.100.202210260954/tools/bin/../lib/gcc/arm-none-eabi/10.3.1/../../../../arm-none-eabi/lib/thumb/v7e-m+fp/hard/crt0.o (__libc_init_array)
c:/st/stm32cubeide_1.11.2/stm32cubeide/plugins/com.st.stm32cube.ide.mcu.externaltools.gnu-tools-for-stm32.10.3-2021.10.win32_1.0.100.202210260954/tools/bin/../lib/gcc/arm-none-eabi/10.3.1/../../../../arm-none-eabi/lib/thumb/v7e-m+fp/hard\libc_nano.a(lib_a-lock.o)
[...]
Memory Configuration

Name             Origin             Length             Attributes
RAM              0x0000000020000000 0x0000000000010000 xrw
RAM2             0x0000000010000000 0x0000000000004000 xrw
FLASH            0x0000000008000000 0x0000000000040000 xr
*default*        0x0000000000000000 0xffffffffffffffff

Linker script and memory map

LOAD c:/st/stm32cubeide_1.11.2/stm32cubeide/plugins/com.st.stm32cube.ide.mcu.externaltools.gnu-tools-for-stm32.10.3-2021.10.win32_1.0.100.202210260954/tools/bin/../lib/gcc/arm-none-eabi/10.3.1/thumb/v7e-m+fp/hard/crti.o
LOAD c:/st/stm32cubeide_1.11.2/stm32cubeide/plugins/com.st.stm32cube.ide.mcu.externaltools.gnu-tools-for-stm32.10.3-2021.10.win32_1.0.100.202210260954/tools/bin/../lib/gcc/arm-none-eabi/10.3.1/thumb/v7e-m+fp/hard/crtbegin.o
LOAD c:/st/stm32cubeide_1.11.2/stm32cubeide/plugins/com.st.stm32cube.ide.mcu.externaltools.gnu-tools-for-stm32.10.3-2021.10.win32_1.0.100.202210260954/tools/bin/../lib/gcc/arm-none-eabi/10.3.1/../../../../arm-none-eabi/lib/thumb/v7e-m+fp/hard/crt0.o
LOAD ./Core/Src/freertos.o
LOAD ./Core/Src/main.o
LOAD ./Core/Src/mcp45hvx1.o
LOAD ./Core/Src/stm32l4xx_hal_msp.o
LOAD ./Core/Src/stm32l4xx_it.o
LOAD ./Core/Src/syscalls.o
LOAD ./Core/Src/sysmem.o
LOAD ./Core/Src/system_stm32l4xx.o
LOAD ./Core/Src/throttle_tasks.o
LOAD ./Core/Startup/startup_stm32l431rctx.o
LOAD ./Drivers/STM32L4xx_HAL_Driver/Src/stm32l4xx_hal.o
LOAD ./Drivers/STM32L4xx_HAL_Driver/Src/stm32l4xx_hal_can.o
LOAD ./Drivers/STM32L4xx_HAL_Driver/Src/stm32l4xx_hal_cortex.o
LOAD ./Drivers/STM32L4xx_HAL_Driver/Src/stm32l4xx_hal_dma.o
LOAD ./Drivers/STM32L4xx_HAL_Driver/Src/stm32l4xx_hal_dma_ex.o
LOAD ./Drivers/STM32L4xx_HAL_Driver/Src/stm32l4xx_hal_exti.o
LOAD ./Drivers/STM32L4xx_HAL_Driver/Src/stm32l4xx_hal_flash.o
LOAD ./Drivers/STM32L4xx_HAL_Driver/Src/stm32l4xx_hal_flash_ex.o
LOAD ./Drivers/STM32L4xx_HAL_Driver/Src/stm32l4xx_hal_flash_ramfunc.o
LOAD ./Drivers/STM32L4xx_HAL_Driver/Src/stm32l4xx_hal_gpio.o
LOAD ./Drivers/STM32L4xx_HAL_Driver/Src/stm32l4xx_hal_i2c.o
LOAD ./Drivers/STM32L4xx_HAL_Driver/Src/stm32l4xx_hal_i2c_ex.o
LOAD ./Drivers/STM32L4xx_HAL_Driver/Src/stm32l4xx_hal_pwr.o
LOAD ./Drivers/STM32L4xx_HAL_Driver/Src/stm32l4xx_hal_pwr_ex.o
LOAD ./Drivers/STM32L4xx_HAL_Driver/Src/stm32l4xx_hal_rcc.o
LOAD ./Drivers/STM32L4xx_HAL_Driver/Src/stm32l4xx_hal_rcc_ex.o
LOAD ./Middlewares/Third_Party/FreeRTOS/Source/CMSIS_RTOS_V2/cmsis_os2.o
LOAD ./Middlewares/Third_Party/FreeRTOS/Source/croutine.o
LOAD ./Middlewares/Third_Party/FreeRTOS/Source/event_groups.o
LOAD ./Middlewares/Third_Party/FreeRTOS/Source/list.o
LOAD ./Middlewares/Third_Party/FreeRTOS/Source/queue.o
LOAD ./Middlewares/Third_Party/FreeRTOS/Source/stream_buffer.o
LOAD ./Middlewares/Third_Party/FreeRTOS/Source/tasks.o
LOAD ./Middlewares/Third_Party/FreeRTOS/Source/timers.o
LOAD ./Middlewares/Third_Party/FreeRTOS/Source/portable/GCC/ARM_CM4F/port.o
LOAD ./Middlewares/Third_Party/FreeRTOS/Source/portable/MemMang/heap_4.o
LOAD ./libs/vanttec_CANLib/platform_specific/vanttec_canlib_stm/generic_tasks/can_reset_task.o
LOAD ./libs/vanttec_CANLib/platform_specific/vanttec_canlib_stm/generic_tasks/generic_tasks.o
LOAD ./libs/vanttec_CANLib/platform_specific/vanttec_canlib_stm/generic_tasks/requirements.o
LOAD ./libs/vanttec_CANLib/platform_specific/vanttec_canlib_stm/ping_task.o
LOAD ./libs/vanttec_CANLib/platform_specific/vanttec_canlib_stm/utils.o
LOAD ./libs/vanttec_CANLib/platform_specific/vanttec_canlib_stm/vanttec_canlib.o
LOAD ./libs/vanttec_CANLib/platform_specific/vanttec_canlib_stm/vanttec_canlib_rx_task.o
LOAD ./libs/vanttec_CANLib/platform_specific/vanttec_canlib_stm/vanttec_canlib_tx_task.o
LOAD ./libs/vanttec_CANLib/src/Vanttec_CANLib/ByteOrder/inet.o
LOAD ./libs/vanttec_CANLib/src/Vanttec_CANLib/CANMessage.o
LOAD ./libs/vanttec_CANLib/src/Vanttec_CANLib/Utils/CANDeserialization.o
LOAD ./libs/vanttec_CANLib/src/Vanttec_CANLib/Utils/CANSerialization.o
START GROUP
LOAD c:/st/stm32cubeide_1.11.2/stm32cubeide/plugins/com.st.stm32cube.ide.mcu.externaltools.gnu-tools-for-stm32.10.3-2021.10.win32_1.0.100.202210260954/tools/bin/../lib/gcc/arm-none-eabi/10.3.1/../../../../arm-none-eabi/lib/thumb/v7e-m+fp/hard\libstdc++_nano.a
LOAD c:/st/stm32cubeide_1.11.2/stm32cubeide/plugins/com.st.stm32cube.ide.mcu.externaltools.gnu-tools-for-stm32.10.3-2021.10.win32_1.0.100.202210260954/tools/bin/../lib/gcc/arm-none-eabi/10.3.1/../../../../arm-none-eabi/lib/thumb/v7e-m+fp/hard\libsupc++_nano.a
END GROUP
LOAD c:/st/stm32cubeide_1.11.2/stm32cubeide/plugins/com.st.stm32cube.ide.mcu.externaltools.gnu-tools-for-stm32.10.3-2021.10.win32_1.0.100.202210260954/tools/bin/../lib/gcc/arm-none-eabi/10.3.1/../../../../arm-none-eabi/lib/thumb/v7e-m+fp/hard\libstdc++_nano.a
LOAD c:/st/stm32cubeide_1.11.2/stm32cubeide/plugins/com.st.stm32cube.ide.mcu.externaltools.gnu-tools-for-stm32.10.3-2021.10.win32_1.0.100.202210260954/tools/bin/../lib/gcc/arm-none-eabi/10.3.1/../../../../arm-none-eabi/lib/thumb/v7e-m+fp/hard\libm.a
LOAD c:/st/stm32cubeide_1.11.2/stm32cubeide/plugins/com.st.stm32cube.ide.mcu.externaltools.gnu-tools-for-stm32.10.3-2021.10.win32_1.0.100.202210260954/tools/bin/../lib/gcc/arm-none-eabi/10.3.1/../../../../arm-none-eabi/lib/thumb/v7e-m+fp/hard\libc_nano.a
START GROUP
LOAD c:/st/stm32cubeide_1.11.2/stm32cubeide/plugins/com.st.stm32cube.ide.mcu.externaltools.gnu-tools-for-stm32.10.3-2021.10.win32_1.0.100.202210260954/tools/bin/../lib/gcc/arm-none-eabi/10.3.1/thumb/v7e-m+fp/hard\libgcc.a
LOAD c:/st/stm32cubeide_1.11.2/stm32cubeide/plugins/com.st.stm32cube.ide.mcu.externaltools.gnu-tools-for-stm32.10.3-2021.10.win32_1.0.100.202210260954/tools/bin/../lib/gcc/arm-none-eabi/10.3.1/../../../../arm-none-eabi/lib/thumb/v7e-m+fp/hard\libc_nano.a
END GROUP
START GROUP
LOAD c:/st/stm32cubeide_1.11.2/stm32cubeide/plugins/com.st.stm32cube.ide.mcu.externaltools.gnu-tools-for-stm32.10.3-2021.10.win32_1.0.100.202210260954/tools/bin/../lib/gcc/arm-none-eabi/10.3.1/thumb/v7e-m+fp/hard\libgcc.a
LOAD c:/st/stm32cubeide_1.11.2/stm32cubeide/plugins/com.st.stm32cube.ide.mcu.externaltools.gnu-tools-for-stm32.10.3-2021.10.win32_1.0.100.202210260954/tools/bin/../lib/gcc/arm-none-eabi/10.3.1/../../../../arm-none-eabi/lib/thumb/v7e-m+fp/hard\libc_nano.a
END GROUP
LOAD c:/st/stm32cubeide_1.11.2/stm32cubeide/plugins/com.st.stm32cube.ide.mcu.externaltools.gnu-tools-for-stm32.10.3-2021.10.win32_1.0.100.202210260954/tools/bin/../lib/gcc/arm-none-eabi/10.3.1/thumb/v7e-m+fp/hard/crtend.o
LOAD c:/st/stm32cubeide_1.11.2/stm32cubeide/plugins/com.st.stm32cube.ide.mcu.externaltools.gnu-tools-for-stm32.10.3-2021.10.win32_1.0.100.202210260954/tools/bin/../lib/gcc/arm-none-eabi/10.3.1/thumb/v7e-m+fp/hard/crtn.o
                0x0000000020010000                _estack = (ORIGIN (RAM) + LENGTH (RAM))
                0x0000000000000200                _Min_Heap_Size = 0x200
                0x0000000000000400                _Min_Stack_Size = 0x400

.isr_vector     0x0000000008000000      0x18c
                0x0000000008000000                . = ALIGN (0x4)
 *(.isr_vector)
 .isr_vector    0x0000000008000000      0x18c ./Core/Startup/startup_stm32l431rctx.o
                0x0000000008000000                g_pfnVectors
                0x000000000800018c                . = ALIGN (0x4)

.text           0x0000000008000190     0x7d94
                0x0000000008000190                . = ALIGN (0x4)
 *(.text)
 .text          0x0000000008000190       0x40 c:/st/stm32cubeide_1.11.2/stm32cubeide/plugins/com.st.stm32cube.ide.mcu.externaltools.gnu-tools-for-stm32.10.3-2021.10.win32_1.0.100.202210260954/tools/bin/../lib/gcc/arm-none-eabi/10.3.1/thumb/v7e-m+fp/hard/crtbegin.o
 .text          0x00000000080001d0       0x10 c:/st/stm32cubeide_1.11.2/stm32cubeide/plugins/com.st.stm32cube.ide.mcu.externaltools.gnu-tools-for-stm32.10.3-2021.10.win32_1.0.100.202210260954/tools/bin/../lib/gcc/arm-none-eabi/10.3.1/../../../../arm-none-eabi/lib/thumb/v7e-m+fp/hard\libc_nano.a(lib_a-strlen.o)
                0x00000000080001d0                strlen
 *(.text*)
 .text.main     0x00000000080001e0       0x7c ./Core/Src/main.o
                0x00000000080001e0                main
 .text.SystemClock_Config
                0x000000000800025c       0xa4 ./Core/Src/main.o
                0x000000000800025c                SystemClock_Config
 .text.MX_CAN1_Init
                0x0000000008000300       0x6c ./Core/Src/main.o
 .text.MX_I2C1_Init
                0x000000000800036c       0x80 ./Core/Src/main.o
 .text.MX_GPIO_Init
                0x00000000080003ec       0xec ./Core/Src/main.o
 .text.StartDefaultTask
                0x00000000080004d8       0x10 ./Core/Src/main.o
                0x00000000080004d8                StartDefaultTask
 .text.Error_Handler
                0x00000000080004e8        0xa ./Core/Src/main.o
                0x00000000080004e8                Error_Handler
 *fill*         0x00000000080004f2        0x2 
 .text.initialize_devices
                0x00000000080004f4       0x3c ./Core/Src/mcp45hvx1.o
                0x00000000080004f4                initialize_devices
 .text.begin_pot
                0x0000000008000530       0x48 ./Core/Src/mcp45hvx1.o
                0x0000000008000530                begin_pot
 .text.writeWiper
                0x0000000008000578       0x2c ./Core/Src/mcp45hvx1.o
                0x0000000008000578                writeWiper
 .text.send_command
                0x00000000080005a4       0x88 ./Core/Src/mcp45hvx1.o
                0x00000000080005a4                send_command
 .text.write_register
                0x000000000800062c       0x22 ./Core/Src/mcp45hvx1.o
                0x000000000800062c                write_register
 *fill*         0x000000000800064e        0x2 
 .text.defaultTCON
                0x0000000008000650       0x28 ./Core/Src/mcp45hvx1.o
                0x0000000008000650                defaultTCON
 .text.write_TCON_Register
                0x0000000008000678       0xa0 ./Core/Src/mcp45hvx1.o
                0x0000000008000678                write_TCON_Register
 .text.HAL_MspInit
                0x0000000008000718       0x50 ./Core/Src/stm32l4xx_hal_msp.o
                0x0000000008000718                HAL_MspInit
 .text.HAL_CAN_MspInit
                0x0000000008000768       0x88 ./Core/Src/stm32l4xx_hal_msp.o
                0x0000000008000768                HAL_CAN_MspInit
 .text.HAL_I2C_MspInit
                0x00000000080007f0       0xb0 ./Core/Src/stm32l4xx_hal_msp.o
                0x00000000080007f0                HAL_I2C_MspInit
 .text.NMI_Handler
                0x00000000080008a0        0x6 ./Core/Src/stm32l4xx_it.o
                0x00000000080008a0                NMI_Handler
 .text.HardFault_Handler
                0x00000000080008a6        0x6 ./Core/Src/stm32l4xx_it.o
                0x00000000080008a6                HardFault_Handler
 .text.MemManage_Handler
                0x00000000080008ac        0x6 ./Core/Src/stm32l4xx_it.o
                0x00000000080008ac                MemManage_Handler
 .text.BusFault_Handler
                0x00000000080008b2        0x6 ./Core/Src/stm32l4xx_it.o
                0x00000000080008b2                BusFault_Handler
 .text.UsageFault_Handler
                0x00000000080008b8        0x6 ./Core/Src/stm32l4xx_it.o
                0x00000000080008b8                UsageFault_Handler
 .text.DebugMon_Handler
                0x00000000080008be        0xe ./Core/Src/stm32l4xx_it.o
                0x00000000080008be                DebugMon_Handler
 .text.SysTick_Handler
                0x00000000080008cc       0x1a ./Core/Src/stm32l4xx_it.o
                0x00000000080008cc                SysTick_Handler
 *fill*         0x00000000080008e6        0x2 
 .text.SystemInit
                0x00000000080008e8       0x24 ./Core/Src/system_stm32l4xx.o
                0x00000000080008e8                SystemInit
 .text.pot_task
                0x000000000800090c       0x54 ./Core/Src/throttle_tasks.o
                0x000000000800090c                pot_task
 .text.motor_task
                0x0000000008000960       0x5a ./Core/Src/throttle_tasks.o
                0x0000000008000960                motor_task
 .text.mode_task
                0x00000000080009ba       0x5a ./Core/Src/throttle_tasks.o
                0x00000000080009ba                mode_task
 .text.init_throttle_tasks
                0x0000000008000a14       0x5c ./Core/Src/throttle_tasks.o
                0x0000000008000a14                init_throttle_tasks
 .text.Reset_Handler
                0x0000000008000a70       0x50 ./Core/Startup/startup_stm32l431rctx.o
                0x0000000008000a70                Reset_Handler
 .text.Default_Handler
                0x0000000008000ac0        0x2 ./Core/Startup/startup_stm32l431rctx.o
                0x0000000008000ac0                RTC_Alarm_IRQHandler
                0x0000000008000ac0                EXTI2_IRQHandler
                0x0000000008000ac0                TIM1_CC_IRQHandler
                0x0000000008000ac0                TSC_IRQHandler
                0x0000000008000ac0                TAMP_STAMP_IRQHandler
                0x0000000008000ac0                EXTI3_IRQHandler
                0x0000000008000ac0                LPTIM2_IRQHandler
                0x0000000008000ac0                I2C3_ER_IRQHandler
                0x0000000008000ac0                EXTI0_IRQHandler
                0x0000000008000ac0                I2C2_EV_IRQHandler
                0x0000000008000ac0                CAN1_RX0_IRQHandler
                0x0000000008000ac0                FPU_IRQHandler
                0x0000000008000ac0                TIM1_UP_TIM16_IRQHandler
                0x0000000008000ac0                SPI1_IRQHandler
                0x0000000008000ac0                TIM6_DAC_IRQHandler
                0x0000000008000ac0                DMA2_Channel2_IRQHandler
                0x0000000008000ac0                DMA1_Channel4_IRQHandler
                0x0000000008000ac0                ADC1_IRQHandler
                0x0000000008000ac0                USART3_IRQHandler
                0x0000000008000ac0                DMA1_Channel7_IRQHandler
                0x0000000008000ac0                CAN1_RX1_IRQHandler
                0x0000000008000ac0                DMA2_Channel1_IRQHandler
                0x0000000008000ac0                QUADSPI_IRQHandler
                0x0000000008000ac0                I2C1_EV_IRQHandler
                0x0000000008000ac0                DMA1_Channel6_IRQHandler
                0x0000000008000ac0                DMA2_Channel4_IRQHandler
                0x0000000008000ac0                RCC_IRQHandler
                0x0000000008000ac0                TIM1_TRG_COM_IRQHandler
                0x0000000008000ac0                DMA1_Channel1_IRQHandler
                0x0000000008000ac0                Default_Handler
                0x0000000008000ac0                DMA2_Channel7_IRQHandler
                0x0000000008000ac0                EXTI15_10_IRQHandler
                0x0000000008000ac0                TIM7_IRQHandler
                0x0000000008000ac0                SDMMC1_IRQHandler
                0x0000000008000ac0                I2C3_EV_IRQHandler
                0x0000000008000ac0                EXTI9_5_IRQHandler
                0x0000000008000ac0                RTC_WKUP_IRQHandler
                0x0000000008000ac0                PVD_PVM_IRQHandler
                0x0000000008000ac0                SPI2_IRQHandler
                0x0000000008000ac0                CAN1_TX_IRQHandler
                0x0000000008000ac0                DMA2_Channel5_IRQHandler
                0x0000000008000ac0                CRS_IRQHandler
                0x0000000008000ac0                DMA1_Channel5_IRQHandler
                0x0000000008000ac0                EXTI4_IRQHandler
                0x0000000008000ac0                RNG_IRQHandler
                0x0000000008000ac0                DMA1_Channel3_IRQHandler
                0x0000000008000ac0                COMP_IRQHandler
                0x0000000008000ac0                WWDG_IRQHandler
                0x0000000008000ac0                LPUART1_IRQHandler
                0x0000000008000ac0                DMA2_Channel6_IRQHandler
                0x0000000008000ac0                TIM2_IRQHandler
                0x0000000008000ac0                EXTI1_IRQHandler
                0x0000000008000ac0                USART2_IRQHandler
                0x0000000008000ac0                I2C2_ER_IRQHandler
                0x0000000008000ac0                DMA1_Channel2_IRQHandler
                0x0000000008000ac0                CAN1_SCE_IRQHandler
                0x0000000008000ac0                FLASH_IRQHandler
                0x0000000008000ac0                USART1_IRQHandler
                0x0000000008000ac0                SPI3_IRQHandler
                0x0000000008000ac0                I2C1_ER_IRQHandler
                0x0000000008000ac0                SWPMI1_IRQHandler
                0x0000000008000ac0                LPTIM1_IRQHandler
                0x0000000008000ac0                SAI1_IRQHandler
                0x0000000008000ac0                DMA2_Channel3_IRQHandler
                0x0000000008000ac0                TIM1_BRK_TIM15_IRQHandler
 .text.HAL_Init
                0x0000000008000ac2       0x30 ./Drivers/STM32L4xx_HAL_Driver/Src/stm32l4xx_hal.o
                0x0000000008000ac2                HAL_Init
 *fill*         0x0000000008000af2        0x2 
 .text.HAL_InitTick
                0x0000000008000af4       0x78 ./Drivers/STM32L4xx_HAL_Driver/Src/stm32l4xx_hal.o
                0x0000000008000af4                HAL_InitTick
 .text.HAL_IncTick
                0x0000000008000b6c       0x28 ./Drivers/STM32L4xx_HAL_Driver/Src/stm32l4xx_hal.o
                0x0000000008000b6c                HAL_IncTick
 .text.HAL_GetTick
                0x0000000008000b94       0x18 ./Drivers/STM32L4xx_HAL_Driver/Src/stm32l4xx_hal.o
                0x0000000008000b94                HAL_GetTick
 .text.HAL_CAN_Init
                0x0000000008000bac      0x1f6 ./Drivers/STM32L4xx_HAL_Driver/Src/stm32l4xx_hal_can.o
                0x0000000008000bac                HAL_CAN_Init
 .text.HAL_CAN_ConfigFilter
                0x0000000008000da2      0x194 ./Drivers/STM32L4xx_HAL_Driver/Src/stm32l4xx_hal_can.o
                0x0000000008000da2                HAL_CAN_ConfigFilter
 .text.HAL_CAN_Start
                0x0000000008000f36       0x88 ./Drivers/STM32L4xx_HAL_Driver/Src/stm32l4xx_hal_can.o
                0x0000000008000f36                HAL_CAN_Start
 .text.HAL_CAN_AddTxMessage
                0x0000000008000fbe      0x1a0 ./Drivers/STM32L4xx_HAL_Driver/Src/stm32l4xx_hal_can.o
                0x0000000008000fbe                HAL_CAN_AddTxMessage
 .text.HAL_CAN_GetTxMailboxesFreeLevel
                0x000000000800115e       0x6a ./Drivers/STM32L4xx_HAL_Driver/Src/stm32l4xx_hal_can.o
                0x000000000800115e                HAL_CAN_GetTxMailboxesFreeLevel
 .text.HAL_CAN_GetRxMessage
                0x00000000080011c8      0x224 ./Drivers/STM32L4xx_HAL_Driver/Src/stm32l4xx_hal_can.o
                0x00000000080011c8                HAL_CAN_GetRxMessage
 .text.HAL_CAN_GetRxFifoFillLevel
                0x00000000080013ec       0x50 ./Drivers/STM32L4xx_HAL_Driver/Src/stm32l4xx_hal_can.o
                0x00000000080013ec                HAL_CAN_GetRxFifoFillLevel
 .text.HAL_CAN_ActivateNotification
                0x000000000800143c       0x4c ./Drivers/STM32L4xx_HAL_Driver/Src/stm32l4xx_hal_can.o
                0x000000000800143c                HAL_CAN_ActivateNotification
 .text.__NVIC_SetPriorityGrouping
                0x0000000008001488       0x48 ./Drivers/STM32L4xx_HAL_Driver/Src/stm32l4xx_hal_cortex.o
 .text.__NVIC_GetPriorityGrouping
                0x00000000080014d0       0x1c ./Drivers/STM32L4xx_HAL_Driver/Src/stm32l4xx_hal_cortex.o
 .text.__NVIC_SetPriority
                0x00000000080014ec       0x54 ./Drivers/STM32L4xx_HAL_Driver/Src/stm32l4xx_hal_cortex.o
 .text.NVIC_EncodePriority
                0x0000000008001540       0x66 ./Drivers/STM32L4xx_HAL_Driver/Src/stm32l4xx_hal_cortex.o
 *fill*         0x00000000080015a6        0x2 
 .text.SysTick_Config
                0x00000000080015a8       0x44 ./Drivers/STM32L4xx_HAL_Driver/Src/stm32l4xx_hal_cortex.o
 .text.HAL_NVIC_SetPriorityGrouping
                0x00000000080015ec       0x16 ./Drivers/STM32L4xx_HAL_Driver/Src/stm32l4xx_hal_cortex.o
                0x00000000080015ec                HAL_NVIC_SetPriorityGrouping
 .text.HAL_NVIC_SetPriority
                0x0000000008001602       0x38 ./Drivers/STM32L4xx_HAL_Driver/Src/stm32l4xx_hal_cortex.o
                0x0000000008001602                HAL_NVIC_SetPriority
 .text.HAL_SYSTICK_Config
                0x000000000800163a       0x18 ./Drivers/STM32L4xx_HAL_Driver/Src/stm32l4xx_hal_cortex.o
                0x000000000800163a                HAL_SYSTICK_Config
 *fill*         0x0000000008001652        0x2 
 .text.HAL_GPIO_Init
                0x0000000008001654      0x2f4 ./Drivers/STM32L4xx_HAL_Driver/Src/stm32l4xx_hal_gpio.o
                0x0000000008001654                HAL_GPIO_Init
 .text.HAL_GPIO_WritePin
                0x0000000008001948       0x30 ./Drivers/STM32L4xx_HAL_Driver/Src/stm32l4xx_hal_gpio.o
                0x0000000008001948                HAL_GPIO_WritePin
 .text.HAL_I2C_Init
                0x0000000008001978      0x11e ./Drivers/STM32L4xx_HAL_Driver/Src/stm32l4xx_hal_i2c.o
                0x0000000008001978                HAL_I2C_Init
 *fill*         0x0000000008001a96        0x2 
 .text.HAL_I2C_Master_Transmit
                0x0000000008001a98      0x1e8 ./Drivers/STM32L4xx_HAL_Driver/Src/stm32l4xx_hal_i2c.o
                0x0000000008001a98                HAL_I2C_Master_Transmit
 .text.HAL_I2C_IsDeviceReady
                0x0000000008001c80      0x20e ./Drivers/STM32L4xx_HAL_Driver/Src/stm32l4xx_hal_i2c.o
                0x0000000008001c80                HAL_I2C_IsDeviceReady
 .text.I2C_Flush_TXDR
                0x0000000008001e8e       0x48 ./Drivers/STM32L4xx_HAL_Driver/Src/stm32l4xx_hal_i2c.o
 .text.I2C_WaitOnFlagUntilTimeout
                0x0000000008001ed6       0x80 ./Drivers/STM32L4xx_HAL_Driver/Src/stm32l4xx_hal_i2c.o
 .text.I2C_WaitOnTXISFlagUntilTimeout
                0x0000000008001f56       0x80 ./Drivers/STM32L4xx_HAL_Driver/Src/stm32l4xx_hal_i2c.o
 .text.I2C_WaitOnSTOPFlagUntilTimeout
                0x0000000008001fd6       0x78 ./Drivers/STM32L4xx_HAL_Driver/Src/stm32l4xx_hal_i2c.o
 *fill*         0x000000000800204e        0x2 
 .text.I2C_IsErrorOccurred
                0x0000000008002050      0x1d8 ./Drivers/STM32L4xx_HAL_Driver/Src/stm32l4xx_hal_i2c.o
 .text.I2C_TransferConfig
                0x0000000008002228       0x64 ./Drivers/STM32L4xx_HAL_Driver/Src/stm32l4xx_hal_i2c.o
 .text.HAL_I2CEx_ConfigAnalogFilter
                0x000000000800228c       0x96 ./Drivers/STM32L4xx_HAL_Driver/Src/stm32l4xx_hal_i2c_ex.o
                0x000000000800228c                HAL_I2CEx_ConfigAnalogFilter
 .text.HAL_I2CEx_ConfigDigitalFilter
                0x0000000008002322       0x98 ./Drivers/STM32L4xx_HAL_Driver/Src/stm32l4xx_hal_i2c_ex.o
                0x0000000008002322                HAL_I2CEx_ConfigDigitalFilter
 *fill*         0x00000000080023ba        0x2 
 .text.HAL_PWREx_GetVoltageRange
                0x00000000080023bc       0x1c ./Drivers/STM32L4xx_HAL_Driver/Src/stm32l4xx_hal_pwr_ex.o
                0x00000000080023bc                HAL_PWREx_GetVoltageRange
 .text.HAL_PWREx_ControlVoltageScaling
                0x00000000080023d8       0xac ./Drivers/STM32L4xx_HAL_Driver/Src/stm32l4xx_hal_pwr_ex.o
                0x00000000080023d8                HAL_PWREx_ControlVoltageScaling
 .text.HAL_RCC_OscConfig
                0x0000000008002484      0x828 ./Drivers/STM32L4xx_HAL_Driver/Src/stm32l4xx_hal_rcc.o
                0x0000000008002484                HAL_RCC_OscConfig
 .text.HAL_RCC_ClockConfig
                0x0000000008002cac      0x200 ./Drivers/STM32L4xx_HAL_Driver/Src/stm32l4xx_hal_rcc.o
                0x0000000008002cac                HAL_RCC_ClockConfig
 .text.HAL_RCC_GetSysClockFreq
                0x0000000008002eac      0x118 ./Drivers/STM32L4xx_HAL_Driver/Src/stm32l4xx_hal_rcc.o
                0x0000000008002eac                HAL_RCC_GetSysClockFreq
 .text.RCC_SetFlashLatencyFromMSIRange
                0x0000000008002fc4       0xc0 ./Drivers/STM32L4xx_HAL_Driver/Src/stm32l4xx_hal_rcc.o
 .text.HAL_RCCEx_PeriphCLKConfig
                0x0000000008003084      0x430 ./Drivers/STM32L4xx_HAL_Driver/Src/stm32l4xx_hal_rcc_ex.o
                0x0000000008003084                HAL_RCCEx_PeriphCLKConfig
 .text.RCCEx_PLLSAI1_Config
                0x00000000080034b4      0x1e4 ./Drivers/STM32L4xx_HAL_Driver/Src/stm32l4xx_hal_rcc_ex.o
 .text.__NVIC_SetPriority
                0x0000000008003698       0x54 ./Middlewares/Third_Party/FreeRTOS/Source/CMSIS_RTOS_V2/cmsis_os2.o
 .text.SVC_Setup
                0x00000000080036ec       0x12 ./Middlewares/Third_Party/FreeRTOS/Source/CMSIS_RTOS_V2/cmsis_os2.o
 *fill*         0x00000000080036fe        0x2 
 .text.osKernelInitialize
                0x0000000008003700       0x48 ./Middlewares/Third_Party/FreeRTOS/Source/CMSIS_RTOS_V2/cmsis_os2.o
                0x0000000008003700                osKernelInitialize
 .text.osKernelStart
                0x0000000008003748       0x4c ./Middlewares/Third_Party/FreeRTOS/Source/CMSIS_RTOS_V2/cmsis_os2.o
                0x0000000008003748                osKernelStart
 .text.osThreadNew
                0x0000000008003794      0x124 ./Middlewares/Third_Party/FreeRTOS/Source/CMSIS_RTOS_V2/cmsis_os2.o
                0x0000000008003794                osThreadNew
 .text.osDelay  0x00000000080038b8       0x36 ./Middlewares/Third_Party/FreeRTOS/Source/CMSIS_RTOS_V2/cmsis_os2.o
                0x00000000080038b8                osDelay
 .text.osMutexNew
                0x00000000080038ee      0x10c ./Middlewares/Third_Party/FreeRTOS/Source/CMSIS_RTOS_V2/cmsis_os2.o
                0x00000000080038ee                osMutexNew
 .text.osMutexAcquire
                0x00000000080039fa       0x96 ./Middlewares/Third_Party/FreeRTOS/Source/CMSIS_RTOS_V2/cmsis_os2.o
                0x00000000080039fa                osMutexAcquire
 .text.osMutexRelease
                0x0000000008003a90       0x7a ./Middlewares/Third_Party/FreeRTOS/Source/CMSIS_RTOS_V2/cmsis_os2.o
                0x0000000008003a90                osMutexRelease
 .text.osMessageQueueNew
                0x0000000008003b0a       0xe6 ./Middlewares/Third_Party/FreeRTOS/Source/CMSIS_RTOS_V2/cmsis_os2.o
                0x0000000008003b0a                osMessageQueueNew
 .text.osMessageQueuePut
                0x0000000008003bf0       0xc0 ./Middlewares/Third_Party/FreeRTOS/Source/CMSIS_RTOS_V2/cmsis_os2.o
                0x0000000008003bf0                osMessageQueuePut
 .text.osMessageQueueGet
                0x0000000008003cb0       0xbc ./Middlewares/Third_Party/FreeRTOS/Source/CMSIS_RTOS_V2/cmsis_os2.o
                0x0000000008003cb0                osMessageQueueGet
 .text.vApplicationGetIdleTaskMemory
                0x0000000008003d6c       0x34 ./Middlewares/Third_Party/FreeRTOS/Source/CMSIS_RTOS_V2/cmsis_os2.o
                0x0000000008003d6c                vApplicationGetIdleTaskMemory
 .text.vApplicationGetTimerTaskMemory
                0x0000000008003da0       0x34 ./Middlewares/Third_Party/FreeRTOS/Source/CMSIS_RTOS_V2/cmsis_os2.o
                0x0000000008003da0                vApplicationGetTimerTaskMemory
 .text.vListInitialise
                0x0000000008003dd4       0x40 ./Middlewares/Third_Party/FreeRTOS/Source/list.o
                0x0000000008003dd4                vListInitialise
 .text.vListInitialiseItem
                0x0000000008003e14       0x1a ./Middlewares/Third_Party/FreeRTOS/Source/list.o
                0x0000000008003e14                vListInitialiseItem
 .text.vListInsertEnd
                0x0000000008003e2e       0x48 ./Middlewares/Third_Party/FreeRTOS/Source/list.o
                0x0000000008003e2e                vListInsertEnd
 .text.vListInsert
                0x0000000008003e76       0x72 ./Middlewares/Third_Party/FreeRTOS/Source/list.o
                0x0000000008003e76                vListInsert
 .text.uxListRemove
                0x0000000008003ee8       0x54 ./Middlewares/Third_Party/FreeRTOS/Source/list.o
                0x0000000008003ee8                uxListRemove
 .text.xQueueGenericReset
                0x0000000008003f3c       0xd0 ./Middlewares/Third_Party/FreeRTOS/Source/queue.o
                0x0000000008003f3c                xQueueGenericReset
 .text.xQueueGenericCreateStatic
                0x000000000800400c       0xf0 ./Middlewares/Third_Party/FreeRTOS/Source/queue.o
                0x000000000800400c                xQueueGenericCreateStatic
 .text.xQueueGenericCreate
                0x00000000080040fc       0x74 ./Middlewares/Third_Party/FreeRTOS/Source/queue.o
                0x00000000080040fc                xQueueGenericCreate
 .text.prvInitialiseNewQueue
                0x0000000008004170       0x46 ./Middlewares/Third_Party/FreeRTOS/Source/queue.o
 .text.prvInitialiseMutex
                0x00000000080041b6       0x34 ./Middlewares/Third_Party/FreeRTOS/Source/queue.o
 .text.xQueueCreateMutex
                0x00000000080041ea       0x30 ./Middlewares/Third_Party/FreeRTOS/Source/queue.o
                0x00000000080041ea                xQueueCreateMutex
 .text.xQueueCreateMutexStatic
                0x000000000800421a       0x36 ./Middlewares/Third_Party/FreeRTOS/Source/queue.o
                0x000000000800421a                xQueueCreateMutexStatic
 .text.xQueueGiveMutexRecursive
                0x0000000008004250       0x68 ./Middlewares/Third_Party/FreeRTOS/Source/queue.o
                0x0000000008004250                xQueueGiveMutexRecursive
 .text.xQueueTakeMutexRecursive
                0x00000000080042b8       0x6c ./Middlewares/Third_Party/FreeRTOS/Source/queue.o
                0x00000000080042b8                xQueueTakeMutexRecursive
 .text.xQueueGenericSend
                0x0000000008004324      0x1fc ./Middlewares/Third_Party/FreeRTOS/Source/queue.o
                0x0000000008004324                xQueueGenericSend
 .text.xQueueGenericSendFromISR
                0x0000000008004520      0x136 ./Middlewares/Third_Party/FreeRTOS/Source/queue.o
                0x0000000008004520                xQueueGenericSendFromISR
 *fill*         0x0000000008004656        0x2 
 .text.xQueueReceive
                0x0000000008004658      0x1c0 ./Middlewares/Third_Party/FreeRTOS/Source/queue.o
                0x0000000008004658                xQueueReceive
 .text.xQueueSemaphoreTake
                0x0000000008004818      0x218 ./Middlewares/Third_Party/FreeRTOS/Source/queue.o
                0x0000000008004818                xQueueSemaphoreTake
 .text.xQueueReceiveFromISR
                0x0000000008004a30      0x100 ./Middlewares/Third_Party/FreeRTOS/Source/queue.o
                0x0000000008004a30                xQueueReceiveFromISR
 .text.prvGetDisinheritPriorityAfterTimeout
                0x0000000008004b30       0x30 ./Middlewares/Third_Party/FreeRTOS/Source/queue.o
 .text.prvCopyDataToQueue
                0x0000000008004b60       0xd4 ./Middlewares/Third_Party/FreeRTOS/Source/queue.o
 .text.prvCopyDataFromQueue
                0x0000000008004c34       0x4c ./Middlewares/Third_Party/FreeRTOS/Source/queue.o
 .text.prvUnlockQueue
                0x0000000008004c80       0xa4 ./Middlewares/Third_Party/FreeRTOS/Source/queue.o
 .text.prvIsQueueEmpty
                0x0000000008004d24       0x2c ./Middlewares/Third_Party/FreeRTOS/Source/queue.o
 .text.prvIsQueueFull
                0x0000000008004d50       0x30 ./Middlewares/Third_Party/FreeRTOS/Source/queue.o
 .text.vQueueAddToRegistry
                0x0000000008004d80       0x54 ./Middlewares/Third_Party/FreeRTOS/Source/queue.o
                0x0000000008004d80                vQueueAddToRegistry
 .text.vQueueWaitForMessageRestricted
                0x0000000008004dd4       0x68 ./Middlewares/Third_Party/FreeRTOS/Source/queue.o
                0x0000000008004dd4                vQueueWaitForMessageRestricted
 .text.xTaskCreateStatic
                0x0000000008004e3c       0xba ./Middlewares/Third_Party/FreeRTOS/Source/tasks.o
                0x0000000008004e3c                xTaskCreateStatic
 .text.xTaskCreate
                0x0000000008004ef6       0x8a ./Middlewares/Third_Party/FreeRTOS/Source/tasks.o
                0x0000000008004ef6                xTaskCreate
 .text.prvInitialiseNewTask
                0x0000000008004f80      0x14c ./Middlewares/Third_Party/FreeRTOS/Source/tasks.o
 .text.prvAddNewTaskToReadyList
                0x00000000080050cc       0xe0 ./Middlewares/Third_Party/FreeRTOS/Source/tasks.o
 .text.vTaskDelay
                0x00000000080051ac       0x68 ./Middlewares/Third_Party/FreeRTOS/Source/tasks.o
                0x00000000080051ac                vTaskDelay
 .text.vTaskStartScheduler
                0x0000000008005214       0xe0 ./Middlewares/Third_Party/FreeRTOS/Source/tasks.o
                0x0000000008005214                vTaskStartScheduler
 .text.vTaskSuspendAll
                0x00000000080052f4       0x1c ./Middlewares/Third_Party/FreeRTOS/Source/tasks.o
                0x00000000080052f4                vTaskSuspendAll
 .text.xTaskResumeAll
                0x0000000008005310      0x13c ./Middlewares/Third_Party/FreeRTOS/Source/tasks.o
                0x0000000008005310                xTaskResumeAll
 .text.xTaskGetTickCount
                0x000000000800544c       0x20 ./Middlewares/Third_Party/FreeRTOS/Source/tasks.o
                0x000000000800544c                xTaskGetTickCount
 .text.xTaskIncrementTick
                0x000000000800546c      0x174 ./Middlewares/Third_Party/FreeRTOS/Source/tasks.o
                0x000000000800546c                xTaskIncrementTick
 .text.vTaskSwitchContext
                0x00000000080055e0       0xc8 ./Middlewares/Third_Party/FreeRTOS/Source/tasks.o
                0x00000000080055e0                vTaskSwitchContext
 .text.vTaskPlaceOnEventList
                0x00000000080056a8       0x48 ./Middlewares/Third_Party/FreeRTOS/Source/tasks.o
                0x00000000080056a8                vTaskPlaceOnEventList
 .text.vTaskPlaceOnEventListRestricted
                0x00000000080056f0       0x58 ./Middlewares/Third_Party/FreeRTOS/Source/tasks.o
                0x00000000080056f0                vTaskPlaceOnEventListRestricted
 .text.xTaskRemoveFromEventList
                0x0000000008005748       0xc8 ./Middlewares/Third_Party/FreeRTOS/Source/tasks.o
                0x0000000008005748                xTaskRemoveFromEventList
 .text.vTaskInternalSetTimeOutState
                0x0000000008005810       0x2c ./Middlewares/Third_Party/FreeRTOS/Source/tasks.o
                0x0000000008005810                vTaskInternalSetTimeOutState
 .text.xTaskCheckForTimeOut
                0x000000000800583c       0xc4 ./Middlewares/Third_Party/FreeRTOS/Source/tasks.o
                0x000000000800583c                xTaskCheckForTimeOut
 .text.vTaskMissedYield
                0x0000000008005900       0x18 ./Middlewares/Third_Party/FreeRTOS/Source/tasks.o
                0x0000000008005900                vTaskMissedYield
 .text.prvIdleTask
                0x0000000008005918       0x30 ./Middlewares/Third_Party/FreeRTOS/Source/tasks.o
 .text.prvInitialiseTaskLists
                0x0000000008005948       0x80 ./Middlewares/Third_Party/FreeRTOS/Source/tasks.o
 .text.prvCheckTasksWaitingTermination
                0x00000000080059c8       0x5c ./Middlewares/Third_Party/FreeRTOS/Source/tasks.o
 .text.prvDeleteTCB
                0x0000000008005a24       0x68 ./Middlewares/Third_Party/FreeRTOS/Source/tasks.o
 .text.prvResetNextTaskUnblockTime
                0x0000000008005a8c       0x40 ./Middlewares/Third_Party/FreeRTOS/Source/tasks.o
 .text.xTaskGetCurrentTaskHandle
                0x0000000008005acc       0x20 ./Middlewares/Third_Party/FreeRTOS/Source/tasks.o
                0x0000000008005acc                xTaskGetCurrentTaskHandle
 .text.xTaskGetSchedulerState
                0x0000000008005aec       0x3c ./Middlewares/Third_Party/FreeRTOS/Source/tasks.o
                0x0000000008005aec                xTaskGetSchedulerState
 .text.xTaskPriorityInherit
                0x0000000008005b28       0xd0 ./Middlewares/Third_Party/FreeRTOS/Source/tasks.o
                0x0000000008005b28                xTaskPriorityInherit
 .text.xTaskPriorityDisinherit
                0x0000000008005bf8       0xdc ./Middlewares/Third_Party/FreeRTOS/Source/tasks.o
                0x0000000008005bf8                xTaskPriorityDisinherit
 .text.vTaskPriorityDisinheritAfterTimeout
                0x0000000008005cd4      0x104 ./Middlewares/Third_Party/FreeRTOS/Source/tasks.o
                0x0000000008005cd4                vTaskPriorityDisinheritAfterTimeout
 .text.pvTaskIncrementMutexHeldCount
                0x0000000008005dd8       0x28 ./Middlewares/Third_Party/FreeRTOS/Source/tasks.o
                0x0000000008005dd8                pvTaskIncrementMutexHeldCount
 .text.prvAddCurrentTaskToDelayedList
                0x0000000008005e00       0xa8 ./Middlewares/Third_Party/FreeRTOS/Source/tasks.o
 .text.xTimerCreateTimerTask
                0x0000000008005ea8       0x90 ./Middlewares/Third_Party/FreeRTOS/Source/timers.o
                0x0000000008005ea8                xTimerCreateTimerTask
 .text.xTimerGenericCommand
                0x0000000008005f38       0x9c ./Middlewares/Third_Party/FreeRTOS/Source/timers.o
                0x0000000008005f38                xTimerGenericCommand
 .text.prvProcessExpiredTimer
                0x0000000008005fd4       0x98 ./Middlewares/Third_Party/FreeRTOS/Source/timers.o
 .text.prvTimerTask
                0x000000000800606c       0x24 ./Middlewares/Third_Party/FreeRTOS/Source/timers.o
 .text.prvProcessTimerOrBlockTask
                0x0000000008006090       0x9c ./Middlewares/Third_Party/FreeRTOS/Source/timers.o
 .text.prvGetNextExpireTime
                0x000000000800612c       0x48 ./Middlewares/Third_Party/FreeRTOS/Source/timers.o
 .text.prvSampleTimeNow
                0x0000000008006174       0x40 ./Middlewares/Third_Party/FreeRTOS/Source/timers.o
 .text.prvInsertTimerInActiveList
                0x00000000080061b4       0x84 ./Middlewares/Third_Party/FreeRTOS/Source/timers.o
 .text.prvProcessReceivedCommands
                0x0000000008006238      0x1c4 ./Middlewares/Third_Party/FreeRTOS/Source/timers.o
 .text.prvSwitchTimerLists
                0x00000000080063fc       0xc8 ./Middlewares/Third_Party/FreeRTOS/Source/timers.o
 .text.prvCheckForValidListAndQueue
                0x00000000080064c4       0x80 ./Middlewares/Third_Party/FreeRTOS/Source/timers.o
 .text.pxPortInitialiseStack
                0x0000000008006544       0x68 ./Middlewares/Third_Party/FreeRTOS/Source/portable/GCC/ARM_CM4F/port.o
                0x0000000008006544                pxPortInitialiseStack
 .text.prvTaskExitError
                0x00000000080065ac       0x58 ./Middlewares/Third_Party/FreeRTOS/Source/portable/GCC/ARM_CM4F/port.o
 *fill*         0x0000000008006604        0xc 
 .text.SVC_Handler
                0x0000000008006610       0x28 ./Middlewares/Third_Party/FreeRTOS/Source/portable/GCC/ARM_CM4F/port.o
                0x0000000008006610                SVC_Handler
 .text.prvPortStartFirstTask
                0x0000000008006638       0x28 ./Middlewares/Third_Party/FreeRTOS/Source/portable/GCC/ARM_CM4F/port.o
 .text.xPortStartScheduler
                0x0000000008006660      0x144 ./Middlewares/Third_Party/FreeRTOS/Source/portable/GCC/ARM_CM4F/port.o
                0x0000000008006660                xPortStartScheduler
 .text.vPortEnterCritical
                0x00000000080067a4       0x60 ./Middlewares/Third_Party/FreeRTOS/Source/portable/GCC/ARM_CM4F/port.o
                0x00000000080067a4                vPortEnterCritical
 .text.vPortExitCritical
                0x0000000008006804       0x54 ./Middlewares/Third_Party/FreeRTOS/Source/portable/GCC/ARM_CM4F/port.o
                0x0000000008006804                vPortExitCritical
 *fill*         0x0000000008006858        0x8 
 .text.PendSV_Handler
                0x0000000008006860       0x68 ./Middlewares/Third_Party/FreeRTOS/Source/portable/GCC/ARM_CM4F/port.o
                0x0000000008006860                PendSV_Handler
 .text.xPortSysTickHandler
                0x00000000080068c8       0x44 ./Middlewares/Third_Party/FreeRTOS/Source/portable/GCC/ARM_CM4F/port.o
                0x00000000080068c8                xPortSysTickHandler
 .text.vPortSetupTimerInterrupt
                0x000000000800690c       0x48 ./Middlewares/Third_Party/FreeRTOS/Source/portable/GCC/ARM_CM4F/port.o
                0x000000000800690c                vPortSetupTimerInterrupt
 .text.vPortEnableVFP
                0x0000000008006954       0x14 ./Middlewares/Third_Party/FreeRTOS/Source/portable/GCC/ARM_CM4F/port.o
 .text.vPortValidateInterruptPriority
                0x0000000008006968       0x80 ./Middlewares/Third_Party/FreeRTOS/Source/portable/GCC/ARM_CM4F/port.o
                0x0000000008006968                vPortValidateInterruptPriority
 .text.pvPortMalloc
                0x00000000080069e8      0x198 ./Middlewares/Third_Party/FreeRTOS/Source/portable/MemMang/heap_4.o
                0x00000000080069e8                pvPortMalloc
 .text.vPortFree
                0x0000000008006b80       0xc4 ./Middlewares/Third_Party/FreeRTOS/Source/portable/MemMang/heap_4.o
                0x0000000008006b80                vPortFree
 .text.prvHeapInit
                0x0000000008006c44       0xc4 ./Middlewares/Third_Party/FreeRTOS/Source/portable/MemMang/heap_4.o
 .text.prvInsertBlockIntoFreeList
                0x0000000008006d08       0xb4 ./Middlewares/Third_Party/FreeRTOS/Source/portable/MemMang/heap_4.o
 .text.can_reset_task
                0x0000000008006dbc       0x28 ./libs/vanttec_CANLib/platform_specific/vanttec_canlib_stm/generic_tasks/can_reset_task.o
                0x0000000008006dbc                can_reset_task
 .text.init_can_reset_task
                0x0000000008006de4       0x24 ./libs/vanttec_CANLib/platform_specific/vanttec_canlib_stm/generic_tasks/can_reset_task.o
                0x0000000008006de4                init_can_reset_task
 .text.canlib_init_generic_tasks
                0x0000000008006e08       0x10 ./libs/vanttec_CANLib/platform_specific/vanttec_canlib_stm/generic_tasks/generic_tasks.o
                0x0000000008006e08                canlib_init_generic_tasks
 .text.emergencystop_task
                0x0000000008006e18       0x84 ./libs/vanttec_CANLib/platform_specific/vanttec_canlib_stm/generic_tasks/requirements.o
                0x0000000008006e18                emergencystop_task
 .text.hb_task  0x0000000008006e9c       0x30 ./libs/vanttec_CANLib/platform_specific/vanttec_canlib_stm/generic_tasks/requirements.o
                0x0000000008006e9c                hb_task
 .text.drivemode_task
                0x0000000008006ecc       0xb8 ./libs/vanttec_CANLib/platform_specific/vanttec_canlib_stm/generic_tasks/requirements.o
                0x0000000008006ecc                drivemode_task
 .text.reverse_task
                0x0000000008006f84       0x84 ./libs/vanttec_CANLib/platform_specific/vanttec_canlib_stm/generic_tasks/requirements.o
                0x0000000008006f84                reverse_task
 .text.frenomanual_task
                0x0000000008007008       0x84 ./libs/vanttec_CANLib/platform_specific/vanttec_canlib_stm/generic_tasks/requirements.o
                0x0000000008007008                frenomanual_task
 .text.driverfault_task
                0x000000000800708c       0x88 ./libs/vanttec_CANLib/platform_specific/vanttec_canlib_stm/generic_tasks/requirements.o
                0x000000000800708c                driverfault_task
 .text.init_requirements_task
                0x0000000008007114       0xb0 ./libs/vanttec_CANLib/platform_specific/vanttec_canlib_stm/generic_tasks/requirements.o
                0x0000000008007114                init_requirements_task
 .text.vanttec_canlib_error_handler
                0x00000000080071c4        0x6 ./libs/vanttec_CANLib/platform_specific/vanttec_canlib_stm/utils.o
                0x00000000080071c4                vanttec_canlib_error_handler
 *fill*         0x00000000080071ca        0x2 
 .text.init_canlib
                0x00000000080071cc       0xdc ./libs/vanttec_CANLib/platform_specific/vanttec_canlib_stm/vanttec_canlib.o
                0x00000000080071cc                init_canlib
 .text.init_canlib_rx
                0x00000000080072a8       0x70 ./libs/vanttec_CANLib/platform_specific/vanttec_canlib_stm/vanttec_canlib_rx_task.o
                0x00000000080072a8                init_canlib_rx
 .text.is_valid_length
                0x0000000008007318       0x74 ./libs/vanttec_CANLib/platform_specific/vanttec_canlib_stm/vanttec_canlib_rx_task.o
                0x0000000008007318                is_valid_length
 .text.parse_data
                0x000000000800738c       0x88 ./libs/vanttec_CANLib/platform_specific/vanttec_canlib_stm/vanttec_canlib_rx_task.o
                0x000000000800738c                parse_data
 .text.update_table
                0x0000000008007414      0x124 ./libs/vanttec_CANLib/platform_specific/vanttec_canlib_stm/vanttec_canlib_rx_task.o
                0x0000000008007414                update_table
 .text.register_canlib_rx
                0x0000000008007538       0xd8 ./libs/vanttec_CANLib/platform_specific/vanttec_canlib_stm/vanttec_canlib_rx_task.o
                0x0000000008007538                register_canlib_rx
 .text.can_rx_task
                0x0000000008007610       0xec ./libs/vanttec_CANLib/platform_specific/vanttec_canlib_stm/vanttec_canlib_rx_task.o
                0x0000000008007610                can_rx_task
 .text.can_rx_queue_task
                0x00000000080076fc       0x38 ./libs/vanttec_CANLib/platform_specific/vanttec_canlib_stm/vanttec_canlib_rx_task.o
                0x00000000080076fc                can_rx_queue_task
 .text.init_canlib_tx
                0x0000000008007734       0x48 ./libs/vanttec_CANLib/platform_specific/vanttec_canlib_stm/vanttec_canlib_tx_task.o
                0x0000000008007734                init_canlib_tx
 .text.canlib_tx_update
                0x000000000800777c       0x90 ./libs/vanttec_CANLib/platform_specific/vanttec_canlib_stm/vanttec_canlib_tx_task.o
                0x000000000800777c                canlib_tx_update
 .text.canlib_tx_task
                0x000000000800780c       0x14 ./libs/vanttec_CANLib/platform_specific/vanttec_canlib_stm/vanttec_canlib_tx_task.o
                0x000000000800780c                canlib_tx_task
 .text.canlib_queue_tx
                0x0000000008007820       0x54 ./libs/vanttec_CANLib/platform_specific/vanttec_canlib_stm/vanttec_canlib_tx_task.o
                0x0000000008007820                canlib_queue_tx
 .text.canlib_send_debug_string
                0x0000000008007874       0x9c ./libs/vanttec_CANLib/platform_specific/vanttec_canlib_stm/vanttec_canlib_tx_task.o
                0x0000000008007874                canlib_send_debug_string
 .text.canlib_send_byte
                0x0000000008007910       0x32 ./libs/vanttec_CANLib/platform_specific/vanttec_canlib_stm/vanttec_canlib_tx_task.o
                0x0000000008007910                canlib_send_byte
 .text.vanttec_ntohl
                0x0000000008007942       0x18 ./libs/vanttec_CANLib/src/Vanttec_CANLib/ByteOrder/inet.o
                0x0000000008007942                vanttec_ntohl
 .text.vanttec_ntohs
                0x000000000800795a       0x1c ./libs/vanttec_CANLib/src/Vanttec_CANLib/ByteOrder/inet.o
                0x000000000800795a                vanttec_ntohs
 .text.can_pack_byte
                0x0000000008007976       0x3c ./libs/vanttec_CANLib/src/Vanttec_CANLib/CANMessage.o
                0x0000000008007976                can_pack_byte
 .text.can_parse_byte
                0x00000000080079b2       0x28 ./libs/vanttec_CANLib/src/Vanttec_CANLib/CANMessage.o
                0x00000000080079b2                can_parse_byte
 *fill*         0x00000000080079da        0x2 
 .text.can_parse_float
                0x00000000080079dc       0x44 ./libs/vanttec_CANLib/src/Vanttec_CANLib/CANMessage.o
                0x00000000080079dc                can_parse_float
 .text.can_parse_short
                0x0000000008007a20       0x2c ./libs/vanttec_CANLib/src/Vanttec_CANLib/CANMessage.o
                0x0000000008007a20                can_parse_short
 .text.can_parse_long
                0x0000000008007a4c       0x32 ./libs/vanttec_CANLib/src/Vanttec_CANLib/CANMessage.o
                0x0000000008007a4c                can_parse_long
 .text._ZSt5ldexpfi
                0x0000000008007a7e       0x24 ./libs/vanttec_CANLib/src/Vanttec_CANLib/Utils/CANDeserialization.o
                0x0000000008007a7e                std::ldexp(float, int)
 *fill*         0x0000000008007aa2        0x2 
 .text.deserialize_float
                0x0000000008007aa4       0x6c ./libs/vanttec_CANLib/src/Vanttec_CANLib/Utils/CANDeserialization.o
                0x0000000008007aa4                deserialize_float
 .text.deserialize_short
                0x0000000008007b10       0x32 ./libs/vanttec_CANLib/src/Vanttec_CANLib/Utils/CANDeserialization.o
                0x0000000008007b10                deserialize_short
 .text.deserialize_long
                0x0000000008007b42       0x4e ./libs/vanttec_CANLib/src/Vanttec_CANLib/Utils/CANDeserialization.o
                0x0000000008007b42                deserialize_long
 .text.ldexpf   0x0000000008007b90       0x4c c:/st/stm32cubeide_1.11.2/stm32cubeide/plugins/com.st.stm32cube.ide.mcu.externaltools.gnu-tools-for-stm32.10.3-2021.10.win32_1.0.100.202210260954/tools/bin/../lib/gcc/arm-none-eabi/10.3.1/../../../../arm-none-eabi/lib/thumb/v7e-m+fp/hard\libm.a(lib_a-sf_ldexp.o)
                0x0000000008007b90                ldexpf
 .text.scalbnf  0x0000000008007bdc       0xe4 c:/st/stm32cubeide_1.11.2/stm32cubeide/plugins/com.st.stm32cube.ide.mcu.externaltools.gnu-tools-for-stm32.10.3-2021.10.win32_1.0.100.202210260954/tools/bin/../lib/gcc/arm-none-eabi/10.3.1/../../../../arm-none-eabi/lib/thumb/v7e-m+fp/hard\libm.a(lib_a-sf_scalbn.o)
                0x0000000008007bdc                scalbnf
 .text.finitef  0x0000000008007cc0       0x1a c:/st/stm32cubeide_1.11.2/stm32cubeide/plugins/com.st.stm32cube.ide.mcu.externaltools.gnu-tools-for-stm32.10.3-2021.10.win32_1.0.100.202210260954/tools/bin/../lib/gcc/arm-none-eabi/10.3.1/../../../../arm-none-eabi/lib/thumb/v7e-m+fp/hard\libm.a(lib_a-sf_finite.o)
                0x0000000008007cc0                finitef
 *fill*         0x0000000008007cda        0x2 
 .text.__errno  0x0000000008007cdc        0xc c:/st/stm32cubeide_1.11.2/stm32cubeide/plugins/com.st.stm32cube.ide.mcu.externaltools.gnu-tools-for-stm32.10.3-2021.10.win32_1.0.100.202210260954/tools/bin/../lib/gcc/arm-none-eabi/10.3.1/../../../../arm-none-eabi/lib/thumb/v7e-m+fp/hard\libc_nano.a(lib_a-errno.o)
                0x0000000008007cdc                __errno
 .text.__libc_init_array
                0x0000000008007ce8       0x48 c:/st/stm32cubeide_1.11.2/stm32cubeide/plugins/com.st.stm32cube.ide.mcu.externaltools.gnu-tools-for-stm32.10.3-2021.10.win32_1.0.100.202210260954/tools/bin/../lib/gcc/arm-none-eabi/10.3.1/../../../../arm-none-eabi/lib/thumb/v7e-m+fp/hard\libc_nano.a(lib_a-init.o)
                0x0000000008007ce8                __libc_init_array
 .text.__retarget_lock_acquire_recursive
                0x0000000008007d30        0x2 c:/st/stm32cubeide_1.11.2/stm32cubeide/plugins/com.st.stm32cube.ide.mcu.externaltools.gnu-tools-for-stm32.10.3-2021.10.win32_1.0.100.202210260954/tools/bin/../lib/gcc/arm-none-eabi/10.3.1/../../../../arm-none-eabi/lib/thumb/v7e-m+fp/hard\libc_nano.a(lib_a-lock.o)
                0x0000000008007d30                __retarget_lock_acquire_recursive
 .text.__retarget_lock_release_recursive
                0x0000000008007d32        0x2 c:/st/stm32cubeide_1.11.2/stm32cubeide/plugins/com.st.stm32cube.ide.mcu.externaltools.gnu-tools-for-stm32.10.3-2021.10.win32_1.0.100.202210260954/tools/bin/../lib/gcc/arm-none-eabi/10.3.1/../../../../arm-none-eabi/lib/thumb/v7e-m+fp/hard\libc_nano.a(lib_a-lock.o)
                0x0000000008007d32                __retarget_lock_release_recursive
 .text.memcpy   0x0000000008007d34       0x1c c:/st/stm32cubeide_1.11.2/stm32cubeide/plugins/com.st.stm32cube.ide.mcu.externaltools.gnu-tools-for-stm32.10.3-2021.10.win32_1.0.100.202210260954/tools/bin/../lib/gcc/arm-none-eabi/10.3.1/../../../../arm-none-eabi/lib/thumb/v7e-m+fp/hard\libc_nano.a(lib_a-memcpy-stub.o)
                0x0000000008007d34                memcpy
 .text.memset   0x0000000008007d50       0x10 c:/st/stm32cubeide_1.11.2/stm32cubeide/plugins/com.st.stm32cube.ide.mcu.externaltools.gnu-tools-for-stm32.10.3-2021.10.win32_1.0.100.202210260954/tools/bin/../lib/gcc/arm-none-eabi/10.3.1/../../../../arm-none-eabi/lib/thumb/v7e-m+fp/hard\libc_nano.a(lib_a-memset.o)
                0x0000000008007d50                memset
 .text._free_r  0x0000000008007d60       0x98 c:/st/stm32cubeide_1.11.2/stm32cubeide/plugins/com.st.stm32cube.ide.mcu.externaltools.gnu-tools-for-stm32.10.3-2021.10.win32_1.0.100.202210260954/tools/bin/../lib/gcc/arm-none-eabi/10.3.1/../../../../arm-none-eabi/lib/thumb/v7e-m+fp/hard\libc_nano.a(lib_a-nano-freer.o)
                0x0000000008007d60                _free_r
 .text.cleanup_glue
                0x0000000008007df8       0x1a c:/st/stm32cubeide_1.11.2/stm32cubeide/plugins/com.st.stm32cube.ide.mcu.externaltools.gnu-tools-for-stm32.10.3-2021.10.win32_1.0.100.202210260954/tools/bin/../lib/gcc/arm-none-eabi/10.3.1/../../../../arm-none-eabi/lib/thumb/v7e-m+fp/hard\libc_nano.a(lib_a-reent.o)
                0x0000000008007df8                cleanup_glue
 *fill*         0x0000000008007e12        0x2 
 .text._reclaim_reent
                0x0000000008007e14       0xb8 c:/st/stm32cubeide_1.11.2/stm32cubeide/plugins/com.st.stm32cube.ide.mcu.externaltools.gnu-tools-for-stm32.10.3-2021.10.win32_1.0.100.202210260954/tools/bin/../lib/gcc/arm-none-eabi/10.3.1/../../../../arm-none-eabi/lib/thumb/v7e-m+fp/hard\libc_nano.a(lib_a-reent.o)
                0x0000000008007e14                _reclaim_reent
 .text.strncpy  0x0000000008007ecc       0x26 c:/st/stm32cubeide_1.11.2/stm32cubeide/plugins/com.st.stm32cube.ide.mcu.externaltools.gnu-tools-for-stm32.10.3-2021.10.win32_1.0.100.202210260954/tools/bin/../lib/gcc/arm-none-eabi/10.3.1/../../../../arm-none-eabi/lib/thumb/v7e-m+fp/hard\libc_nano.a(lib_a-strncpy.o)
                0x0000000008007ecc                strncpy
 *fill*         0x0000000008007ef2        0x2 
 .text.__malloc_lock
                0x0000000008007ef4        0xc c:/st/stm32cubeide_1.11.2/stm32cubeide/plugins/com.st.stm32cube.ide.mcu.externaltools.gnu-tools-for-stm32.10.3-2021.10.win32_1.0.100.202210260954/tools/bin/../lib/gcc/arm-none-eabi/10.3.1/../../../../arm-none-eabi/lib/thumb/v7e-m+fp/hard\libc_nano.a(lib_a-mlock.o)
                0x0000000008007ef4                __malloc_lock
 .text.__malloc_unlock
                0x0000000008007f00        0xc c:/st/stm32cubeide_1.11.2/stm32cubeide/plugins/com.st.stm32cube.ide.mcu.externaltools.gnu-tools-for-stm32.10.3-2021.10.win32_1.0.100.202210260954/tools/bin/../lib/gcc/arm-none-eabi/10.3.1/../../../../arm-none-eabi/lib/thumb/v7e-m+fp/hard\libc_nano.a(lib_a-mlock.o)
                0x0000000008007f00                __malloc_unlock
 *(.glue_7)
 .glue_7        0x0000000008007f0c        0x0 linker stubs
 *(.glue_7t)
 .glue_7t       0x0000000008007f0c        0x0 linker stubs
 *(.eh_frame)
 .eh_frame      0x0000000008007f0c        0x0 c:/st/stm32cubeide_1.11.2/stm32cubeide/plugins/com.st.stm32cube.ide.mcu.externaltools.gnu-tools-for-stm32.10.3-2021.10.win32_1.0.100.202210260954/tools/bin/../lib/gcc/arm-none-eabi/10.3.1/thumb/v7e-m+fp/hard/crtbegin.o
 *(.init)
 .init          0x0000000008007f0c        0x4 c:/st/stm32cubeide_1.11.2/stm32cubeide/plugins/com.st.stm32cube.ide.mcu.externaltools.gnu-tools-for-stm32.10.3-2021.10.win32_1.0.100.202210260954/tools/bin/../lib/gcc/arm-none-eabi/10.3.1/thumb/v7e-m+fp/hard/crti.o
                0x0000000008007f0c                _init
 .init          0x0000000008007f10        0x8 c:/st/stm32cubeide_1.11.2/stm32cubeide/plugins/com.st.stm32cube.ide.mcu.externaltools.gnu-tools-for-stm32.10.3-2021.10.win32_1.0.100.202210260954/tools/bin/../lib/gcc/arm-none-eabi/10.3.1/thumb/v7e-m+fp/hard/crtn.o
 *(.fini)
 .fini          0x0000000008007f18        0x4 c:/st/stm32cubeide_1.11.2/stm32cubeide/plugins/com.st.stm32cube.ide.mcu.externaltools.gnu-tools-for-stm32.10.3-2021.10.win32_1.0.100.202210260954/tools/bin/../lib/gcc/arm-none-eabi/10.3.1/thumb/v7e-m+fp/hard/crti.o
                0x0000000008007f18                _fini
 .fini          0x0000000008007f1c        0x8 c:/st/stm32cubeide_1.11.2/stm32cubeide/plugins/com.st.stm32cube.ide.mcu.externaltools.gnu-tools-for-stm32.10.3-2021.10.win32_1.0.100.202210260954/tools/bin/../lib/gcc/arm-none-eabi/10.3.1/thumb/v7e-m+fp/hard/crtn.o
                0x0000000008007f24                . = ALIGN (0x4)
                0x0000000008007f24                _etext = .

.vfp11_veneer   0x0000000008007f24        0x0
 .vfp11_veneer  0x0000000008007f24        0x0 linker stubs

.v4_bx          0x0000000008007f24        0x0
 .v4_bx         0x0000000008007f24        0x0 linker stubs

.iplt           0x0000000008007f24        0x0
 .iplt          0x0000000008007f24        0x0 c:/st/stm32cubeide_1.11.2/stm32cubeide/plugins/com.st.stm32cube.ide.mcu.externaltools.gnu-tools-for-stm32.10.3-2021.10.win32_1.0.100.202210260954/tools/bin/../lib/gcc/arm-none-eabi/10.3.1/thumb/v7e-m+fp/hard/crtbegin.o

.rodata         0x0000000008007f24      0x370
                0x0000000008007f24                . = ALIGN (0x4)
 *(.rodata)
 .rodata        0x0000000008007f24        0xc ./Core/Src/main.o
 .rodata        0x0000000008007f30       0x11 ./Core/Src/throttle_tasks.o
 *fill*         0x0000000008007f41        0x3 
 .rodata        0x0000000008007f44        0x5 ./Middlewares/Third_Party/FreeRTOS/Source/tasks.o
 *fill*         0x0000000008007f49        0x3 
 .rodata        0x0000000008007f4c        0xd ./Middlewares/Third_Party/FreeRTOS/Source/timers.o
 *fill*         0x0000000008007f59        0x3 
 .rodata        0x0000000008007f5c       0x18 ./libs/vanttec_CANLib/platform_specific/vanttec_canlib_stm/generic_tasks/can_reset_task.o
 .rodata        0x0000000008007f74       0x5e ./libs/vanttec_CANLib/platform_specific/vanttec_canlib_stm/generic_tasks/requirements.o
 *fill*         0x0000000008007fd2        0x2 
 .rodata        0x0000000008007fd4       0x1c ./libs/vanttec_CANLib/platform_specific/vanttec_canlib_stm/vanttec_canlib_rx_task.o
 .rodata        0x0000000008007ff0        0xa ./libs/vanttec_CANLib/platform_specific/vanttec_canlib_stm/vanttec_canlib_tx_task.o
 *(.rodata*)
 *fill*         0x0000000008007ffa        0x2 
 .rodata.defaultTask_attributes
                0x0000000008007ffc       0x24 ./Core/Src/main.o
                0x0000000008007ffc                defaultTask_attributes
 .rodata.AHBPrescTable
                0x0000000008008020       0x10 ./Core/Src/system_stm32l4xx.o
                0x0000000008008020                AHBPrescTable
 .rodata.MSIRangeTable
                0x0000000008008030       0x30 ./Core/Src/system_stm32l4xx.o
                0x0000000008008030                MSIRangeTable
 .rodata.potTaskAttributes
                0x0000000008008060       0x24 ./Core/Src/throttle_tasks.o
                0x0000000008008060                potTaskAttributes
 .rodata.motorTaskAttributes
                0x0000000008008084       0x24 ./Core/Src/throttle_tasks.o
                0x0000000008008084                motorTaskAttributes
 .rodata.modeTaskAttributes
                0x00000000080080a8       0x24 ./Core/Src/throttle_tasks.o
                0x00000000080080a8                modeTaskAttributes
 .rodata.canResetAttributes
                0x00000000080080cc       0x24 ./libs/vanttec_CANLib/platform_specific/vanttec_canlib_stm/generic_tasks/can_reset_task.o
                0x00000000080080cc                canResetAttributes
 .rodata.emergencystopTaskAttributes
                0x00000000080080f0       0x24 ./libs/vanttec_CANLib/platform_specific/vanttec_canlib_stm/generic_tasks/requirements.o
                0x00000000080080f0                emergencystopTaskAttributes
 .rodata.hbTaskAttributes
                0x0000000008008114       0x24 ./libs/vanttec_CANLib/platform_specific/vanttec_canlib_stm/generic_tasks/requirements.o
                0x0000000008008114                hbTaskAttributes
 .rodata.drivemodeTaskAttributes
                0x0000000008008138       0x24 ./libs/vanttec_CANLib/platform_specific/vanttec_canlib_stm/generic_tasks/requirements.o
                0x0000000008008138                drivemodeTaskAttributes
 .rodata.reverseTaskAttributes
                0x000000000800815c       0x24 ./libs/vanttec_CANLib/platform_specific/vanttec_canlib_stm/generic_tasks/requirements.o
                0x000000000800815c                reverseTaskAttributes
 .rodata.frenomanualTaskAttributes
                0x0000000008008180       0x24 ./libs/vanttec_CANLib/platform_specific/vanttec_canlib_stm/generic_tasks/requirements.o
                0x0000000008008180                frenomanualTaskAttributes
 .rodata.driverfaultTaskAttributes
                0x00000000080081a4       0x24 ./libs/vanttec_CANLib/platform_specific/vanttec_canlib_stm/generic_tasks/requirements.o
                0x00000000080081a4                driverfaultTaskAttributes
 .rodata.canRxTask_attributes
                0x00000000080081c8       0x24 ./libs/vanttec_CANLib/platform_specific/vanttec_canlib_stm/vanttec_canlib_rx_task.o
                0x00000000080081c8                canRxTask_attributes
 .rodata.canRxQueueTask_attributes
                0x00000000080081ec       0x24 ./libs/vanttec_CANLib/platform_specific/vanttec_canlib_stm/vanttec_canlib_rx_task.o
                0x00000000080081ec                canRxQueueTask_attributes
 .rodata.canTxTask_attributes
                0x0000000008008210       0x24 ./libs/vanttec_CANLib/platform_specific/vanttec_canlib_stm/vanttec_canlib_tx_task.o
                0x0000000008008210                canTxTask_attributes
 .rodata.__sf_fake_stderr
                0x0000000008008234       0x20 c:/st/stm32cubeide_1.11.2/stm32cubeide/plugins/com.st.stm32cube.ide.mcu.externaltools.gnu-tools-for-stm32.10.3-2021.10.win32_1.0.100.202210260954/tools/bin/../lib/gcc/arm-none-eabi/10.3.1/../../../../arm-none-eabi/lib/thumb/v7e-m+fp/hard\libc_nano.a(lib_a-findfp.o)
                0x0000000008008234                __sf_fake_stderr
 .rodata.__sf_fake_stdin
                0x0000000008008254       0x20 c:/st/stm32cubeide_1.11.2/stm32cubeide/plugins/com.st.stm32cube.ide.mcu.externaltools.gnu-tools-for-stm32.10.3-2021.10.win32_1.0.100.202210260954/tools/bin/../lib/gcc/arm-none-eabi/10.3.1/../../../../arm-none-eabi/lib/thumb/v7e-m+fp/hard\libc_nano.a(lib_a-findfp.o)
                0x0000000008008254                __sf_fake_stdin
 .rodata.__sf_fake_stdout
                0x0000000008008274       0x20 c:/st/stm32cubeide_1.11.2/stm32cubeide/plugins/com.st.stm32cube.ide.mcu.externaltools.gnu-tools-for-stm32.10.3-2021.10.win32_1.0.100.202210260954/tools/bin/../lib/gcc/arm-none-eabi/10.3.1/../../../../arm-none-eabi/lib/thumb/v7e-m+fp/hard\libc_nano.a(lib_a-findfp.o)
                0x0000000008008274                __sf_fake_stdout
                0x0000000008008294                . = ALIGN (0x4)

.rel.dyn        0x0000000008008294        0x0
 .rel.iplt      0x0000000008008294        0x0 c:/st/stm32cubeide_1.11.2/stm32cubeide/plugins/com.st.stm32cube.ide.mcu.externaltools.gnu-tools-for-stm32.10.3-2021.10.win32_1.0.100.202210260954/tools/bin/../lib/gcc/arm-none-eabi/10.3.1/thumb/v7e-m+fp/hard/crtbegin.o

.ARM.extab      0x0000000008008294        0x0
                0x0000000008008294                . = ALIGN (0x4)
 *(.ARM.extab* .gnu.linkonce.armextab.*)
                0x0000000008008294                . = ALIGN (0x4)

.ARM            0x0000000008008294        0x0
                0x0000000008008294                . = ALIGN (0x4)
                0x0000000008008294                __exidx_start = .
 *(.ARM.exidx*)
                0x0000000008008294                __exidx_end = .
                0x0000000008008294                . = ALIGN (0x4)

.preinit_array  0x0000000008008294        0x0
                0x0000000008008294                . = ALIGN (0x4)
                0x0000000008008294                PROVIDE (__preinit_array_start = .)
 *(.preinit_array*)
                0x0000000008008294                PROVIDE (__preinit_array_end = .)
                0x0000000008008294                . = ALIGN (0x4)

.init_array     0x0000000008008294        0x4
                0x0000000008008294                . = ALIGN (0x4)
                0x0000000008008294                PROVIDE (__init_array_start = .)
 *(SORT_BY_NAME(.init_array.*))
 *(.init_array*)
 .init_array    0x0000000008008294        0x4 c:/st/stm32cubeide_1.11.2/stm32cubeide/plugins/com.st.stm32cube.ide.mcu.externaltools.gnu-tools-for-stm32.10.3-2021.10.win32_1.0.100.202210260954/tools/bin/../lib/gcc/arm-none-eabi/10.3.1/thumb/v7e-m+fp/hard/crtbegin.o
                0x0000000008008298                PROVIDE (__init_array_end = .)
                0x0000000008008298                . = ALIGN (0x4)

.fini_array     0x0000000008008298        0x4
                0x0000000008008298                . = ALIGN (0x4)
                [!provide]                        PROVIDE (__fini_array_start = .)
 *(SORT_BY_NAME(.fini_array.*))
 *(.fini_array*)
 .fini_array    0x0000000008008298        0x4 c:/st/stm32cubeide_1.11.2/stm32cubeide/plugins/com.st.stm32cube.ide.mcu.externaltools.gnu-tools-for-stm32.10.3-2021.10.win32_1.0.100.202210260954/tools/bin/../lib/gcc/arm-none-eabi/10.3.1/thumb/v7e-m+fp/hard/crtbegin.o
                [!provide]                        PROVIDE (__fini_array_end = .)
                0x000000000800829c                . = ALIGN (0x4)
                0x000000000800829c                _sidata = LOADADDR (.data)

.data           0x0000000020000000       0x78 load address 0x000000000800829c
                0x0000000020000000                . = ALIGN (0x4)
                0x0000000020000000                _sdata = .
 *(.data)
 *(.data*)
 .data.pot_address
                0x0000000020000000        0x1 ./Core/Src/mcp45hvx1.o
                0x0000000020000000                pot_address
 *fill*         0x0000000020000001        0x3 
 .data.SystemCoreClock
                0x0000000020000004        0x4 ./Core/Src/system_stm32l4xx.o
                0x0000000020000004                SystemCoreClock
 .data.uwTickPrio
                0x0000000020000008        0x4 ./Drivers/STM32L4xx_HAL_Driver/Src/stm32l4xx_hal.o
                0x0000000020000008                uwTickPrio
 .data.uwTickFreq
                0x000000002000000c        0x1 ./Drivers/STM32L4xx_HAL_Driver/Src/stm32l4xx_hal.o
                0x000000002000000c                uwTickFreq
 *fill*         0x000000002000000d        0x3 
 .data.uxCriticalNesting
                0x0000000020000010        0x4 ./Middlewares/Third_Party/FreeRTOS/Source/portable/GCC/ARM_CM4F/port.o
 .data._impure_ptr
                0x0000000020000014        0x4 c:/st/stm32cubeide_1.11.2/stm32cubeide/plugins/com.st.stm32cube.ide.mcu.externaltools.gnu-tools-for-stm32.10.3-2021.10.win32_1.0.100.202210260954/tools/bin/../lib/gcc/arm-none-eabi/10.3.1/../../../../arm-none-eabi/lib/thumb/v7e-m+fp/hard\libc_nano.a(lib_a-impure.o)
                0x0000000020000014                _impure_ptr
 .data.impure_data
                0x0000000020000018       0x60 c:/st/stm32cubeide_1.11.2/stm32cubeide/plugins/com.st.stm32cube.ide.mcu.externaltools.gnu-tools-for-stm32.10.3-2021.10.win32_1.0.100.202210260954/tools/bin/../lib/gcc/arm-none-eabi/10.3.1/../../../../arm-none-eabi/lib/thumb/v7e-m+fp/hard\libc_nano.a(lib_a-impure.o)
 *(.RamFunc)
 *(.RamFunc*)
                0x0000000020000078                . = ALIGN (0x4)
                0x0000000020000078                _edata = .

.igot.plt       0x0000000020000078        0x0 load address 0x0000000008008314
 .igot.plt      0x0000000020000078        0x0 c:/st/stm32cubeide_1.11.2/stm32cubeide/plugins/com.st.stm32cube.ide.mcu.externaltools.gnu-tools-for-stm32.10.3-2021.10.win32_1.0.100.202210260954/tools/bin/../lib/gcc/arm-none-eabi/10.3.1/thumb/v7e-m+fp/hard/crtbegin.o
                0x0000000020000078                . = ALIGN (0x4)

.bss            0x0000000020000078     0x8604 load address 0x0000000008008314
                0x0000000020000078                _sbss = .
                0x0000000020000078                __bss_start__ = _sbss
 *(.bss)
 .bss           0x0000000020000078       0x1c c:/st/stm32cubeide_1.11.2/stm32cubeide/plugins/com.st.stm32cube.ide.mcu.externaltools.gnu-tools-for-stm32.10.3-2021.10.win32_1.0.100.202210260954/tools/bin/../lib/gcc/arm-none-eabi/10.3.1/thumb/v7e-m+fp/hard/crtbegin.o
 *(.bss*)
 .bss.hcan1     0x0000000020000094       0x28 ./Core/Src/main.o
                0x0000000020000094                hcan1
 .bss.hi2c1     0x00000000200000bc       0x54 ./Core/Src/main.o
                0x00000000200000bc                hi2c1
 .bss.defaultTaskHandle
                0x0000000020000110        0x4 ./Core/Src/main.o
                0x0000000020000110                defaultTaskHandle
 .bss.tcon      0x0000000020000114        0x4 ./Core/Src/mcp45hvx1.o
                0x0000000020000114                tcon
 .bss.enable_potentiometer
                0x0000000020000118        0x1 ./Core/Src/mcp45hvx1.o
                0x0000000020000118                enable_potentiometer
 *fill*         0x0000000020000119        0x3 
 .bss.i2cBuffer
                0x000000002000011c       0x20 ./Core/Src/mcp45hvx1.o
                0x000000002000011c                i2cBuffer
 .bss.potTaskHandle
                0x000000002000013c        0x4 ./Core/Src/throttle_tasks.o
                0x000000002000013c                potTaskHandle
 .bss.motorTaskHandle
                0x0000000020000140        0x4 ./Core/Src/throttle_tasks.o
                0x0000000020000140                motorTaskHandle
 .bss.modeTaskHandle
                0x0000000020000144        0x4 ./Core/Src/throttle_tasks.o
                0x0000000020000144                modeTaskHandle
 .bss.uwTick    0x0000000020000148        0x4 ./Drivers/STM32L4xx_HAL_Driver/Src/stm32l4xx_hal.o
                0x0000000020000148                uwTick
 .bss.KernelState
                0x000000002000014c        0x4 ./Middlewares/Third_Party/FreeRTOS/Source/CMSIS_RTOS_V2/cmsis_os2.o
 .bss.Idle_TCB.3
                0x0000000020000150       0xbc ./Middlewares/Third_Party/FreeRTOS/Source/CMSIS_RTOS_V2/cmsis_os2.o
 .bss.Idle_Stack.2
                0x000000002000020c      0x200 ./Middlewares/Third_Party/FreeRTOS/Source/CMSIS_RTOS_V2/cmsis_os2.o
 .bss.Timer_TCB.1
                0x000000002000040c       0xbc ./Middlewares/Third_Party/FreeRTOS/Source/CMSIS_RTOS_V2/cmsis_os2.o
 .bss.Timer_Stack.0
                0x00000000200004c8      0x400 ./Middlewares/Third_Party/FreeRTOS/Source/CMSIS_RTOS_V2/cmsis_os2.o
 .bss.xQueueRegistry
                0x00000000200008c8       0x40 ./Middlewares/Third_Party/FreeRTOS/Source/queue.o
                0x00000000200008c8                xQueueRegistry
 .bss.pxCurrentTCB
                0x0000000020000908        0x4 ./Middlewares/Third_Party/FreeRTOS/Source/tasks.o
                0x0000000020000908                pxCurrentTCB
 .bss.pxReadyTasksLists
                0x000000002000090c      0x460 ./Middlewares/Third_Party/FreeRTOS/Source/tasks.o
 .bss.xDelayedTaskList1
                0x0000000020000d6c       0x14 ./Middlewares/Third_Party/FreeRTOS/Source/tasks.o
 .bss.xDelayedTaskList2
                0x0000000020000d80       0x14 ./Middlewares/Third_Party/FreeRTOS/Source/tasks.o
 .bss.pxDelayedTaskList
                0x0000000020000d94        0x4 ./Middlewares/Third_Party/FreeRTOS/Source/tasks.o
 .bss.pxOverflowDelayedTaskList
                0x0000000020000d98        0x4 ./Middlewares/Third_Party/FreeRTOS/Source/tasks.o
 .bss.xPendingReadyList
                0x0000000020000d9c       0x14 ./Middlewares/Third_Party/FreeRTOS/Source/tasks.o
 .bss.xTasksWaitingTermination
                0x0000000020000db0       0x14 ./Middlewares/Third_Party/FreeRTOS/Source/tasks.o
 .bss.uxDeletedTasksWaitingCleanUp
                0x0000000020000dc4        0x4 ./Middlewares/Third_Party/FreeRTOS/Source/tasks.o
 .bss.xSuspendedTaskList
                0x0000000020000dc8       0x14 ./Middlewares/Third_Party/FreeRTOS/Source/tasks.o
 .bss.uxCurrentNumberOfTasks
                0x0000000020000ddc        0x4 ./Middlewares/Third_Party/FreeRTOS/Source/tasks.o
 .bss.xTickCount
                0x0000000020000de0        0x4 ./Middlewares/Third_Party/FreeRTOS/Source/tasks.o
 .bss.uxTopReadyPriority
                0x0000000020000de4        0x4 ./Middlewares/Third_Party/FreeRTOS/Source/tasks.o
 .bss.xSchedulerRunning
                0x0000000020000de8        0x4 ./Middlewares/Third_Party/FreeRTOS/Source/tasks.o
 .bss.xPendedTicks
                0x0000000020000dec        0x4 ./Middlewares/Third_Party/FreeRTOS/Source/tasks.o
 .bss.xYieldPending
                0x0000000020000df0        0x4 ./Middlewares/Third_Party/FreeRTOS/Source/tasks.o
 .bss.xNumOfOverflows
                0x0000000020000df4        0x4 ./Middlewares/Third_Party/FreeRTOS/Source/tasks.o
 .bss.uxTaskNumber
                0x0000000020000df8        0x4 ./Middlewares/Third_Party/FreeRTOS/Source/tasks.o
 .bss.xNextTaskUnblockTime
                0x0000000020000dfc        0x4 ./Middlewares/Third_Party/FreeRTOS/Source/tasks.o
 .bss.xIdleTaskHandle
                0x0000000020000e00        0x4 ./Middlewares/Third_Party/FreeRTOS/Source/tasks.o
 .bss.uxSchedulerSuspended
                0x0000000020000e04        0x4 ./Middlewares/Third_Party/FreeRTOS/Source/tasks.o
 .bss.xActiveTimerList1
                0x0000000020000e08       0x14 ./Middlewares/Third_Party/FreeRTOS/Source/timers.o
 .bss.xActiveTimerList2
                0x0000000020000e1c       0x14 ./Middlewares/Third_Party/FreeRTOS/Source/timers.o
 .bss.pxCurrentTimerList
                0x0000000020000e30        0x4 ./Middlewares/Third_Party/FreeRTOS/Source/timers.o
 .bss.pxOverflowTimerList
                0x0000000020000e34        0x4 ./Middlewares/Third_Party/FreeRTOS/Source/timers.o
 .bss.xTimerQueue
                0x0000000020000e38        0x4 ./Middlewares/Third_Party/FreeRTOS/Source/timers.o
 .bss.xTimerTaskHandle
                0x0000000020000e3c        0x4 ./Middlewares/Third_Party/FreeRTOS/Source/timers.o
 .bss.xLastTime.2
                0x0000000020000e40        0x4 ./Middlewares/Third_Party/FreeRTOS/Source/timers.o
 .bss.ucStaticTimerQueueStorage.1
                0x0000000020000e44       0xa0 ./Middlewares/Third_Party/FreeRTOS/Source/timers.o
 .bss.xStaticTimerQueue.0
                0x0000000020000ee4       0x50 ./Middlewares/Third_Party/FreeRTOS/Source/timers.o
 .bss.ucMaxSysCallPriority
                0x0000000020000f34        0x1 ./Middlewares/Third_Party/FreeRTOS/Source/portable/GCC/ARM_CM4F/port.o
 *fill*         0x0000000020000f35        0x3 
 .bss.ulMaxPRIGROUPValue
                0x0000000020000f38        0x4 ./Middlewares/Third_Party/FreeRTOS/Source/portable/GCC/ARM_CM4F/port.o
 .bss.ucHeap    0x0000000020000f3c     0x7530 ./Middlewares/Third_Party/FreeRTOS/Source/portable/MemMang/heap_4.o
 .bss.xStart    0x000000002000846c        0x8 ./Middlewares/Third_Party/FreeRTOS/Source/portable/MemMang/heap_4.o
 .bss.pxEnd     0x0000000020008474        0x4 ./Middlewares/Third_Party/FreeRTOS/Source/portable/MemMang/heap_4.o
 .bss.xFreeBytesRemaining
                0x0000000020008478        0x4 ./Middlewares/Third_Party/FreeRTOS/Source/portable/MemMang/heap_4.o
 .bss.xMinimumEverFreeBytesRemaining
                0x000000002000847c        0x4 ./Middlewares/Third_Party/FreeRTOS/Source/portable/MemMang/heap_4.o
 .bss.xNumberOfSuccessfulAllocations
                0x0000000020008480        0x4 ./Middlewares/Third_Party/FreeRTOS/Source/portable/MemMang/heap_4.o
 .bss.xNumberOfSuccessfulFrees
                0x0000000020008484        0x4 ./Middlewares/Third_Party/FreeRTOS/Source/portable/MemMang/heap_4.o
 .bss.xBlockAllocatedBit
                0x0000000020008488        0x4 ./Middlewares/Third_Party/FreeRTOS/Source/portable/MemMang/heap_4.o
 .bss.canResetTaskHandle
                0x000000002000848c        0x4 ./libs/vanttec_CANLib/platform_specific/vanttec_canlib_stm/generic_tasks/can_reset_task.o
                0x000000002000848c                canResetTaskHandle
 .bss.emergencystopTaskHandle
                0x0000000020008490        0x4 ./libs/vanttec_CANLib/platform_specific/vanttec_canlib_stm/generic_tasks/requirements.o
                0x0000000020008490                emergencystopTaskHandle
 .bss.hbTaskHandle
                0x0000000020008494        0x4 ./libs/vanttec_CANLib/platform_specific/vanttec_canlib_stm/generic_tasks/requirements.o
                0x0000000020008494                hbTaskHandle
 .bss.drivemodeTaskHandle
                0x0000000020008498        0x4 ./libs/vanttec_CANLib/platform_specific/vanttec_canlib_stm/generic_tasks/requirements.o
                0x0000000020008498                drivemodeTaskHandle
 .bss.reverseTaskHandle
                0x000000002000849c        0x4 ./libs/vanttec_CANLib/platform_specific/vanttec_canlib_stm/generic_tasks/requirements.o
                0x000000002000849c                reverseTaskHandle
 .bss.frenomanualTaskHandle
                0x00000000200084a0        0x4 ./libs/vanttec_CANLib/platform_specific/vanttec_canlib_stm/generic_tasks/requirements.o
                0x00000000200084a0                frenomanualTaskHandle
 .bss.driverfaultTaskHandle
                0x00000000200084a4        0x4 ./libs/vanttec_CANLib/platform_specific/vanttec_canlib_stm/generic_tasks/requirements.o
                0x00000000200084a4                driverfaultTaskHandle
 .bss.g_vanttec_hcan
                0x00000000200084a8       0x28 ./libs/vanttec_CANLib/platform_specific/vanttec_canlib_stm/vanttec_canlib.o
                0x00000000200084a8                g_vanttec_hcan
 .bss.g_vanttec_deviceId
                0x00000000200084d0        0x2 ./libs/vanttec_CANLib/platform_specific/vanttec_canlib_stm/vanttec_canlib.o
                0x00000000200084d0                g_vanttec_deviceId
 *fill*         0x00000000200084d2        0x2 
 .bss.g_can_lock
                0x00000000200084d4        0x4 ./libs/vanttec_CANLib/platform_specific/vanttec_canlib_stm/vanttec_canlib.o
                0x00000000200084d4                g_can_lock
 .bss.rx_table  0x00000000200084d8      0x180 ./libs/vanttec_CANLib/platform_specific/vanttec_canlib_stm/vanttec_canlib_rx_task.o
                0x00000000200084d8                rx_table
 .bss.last_entry
                0x0000000020008658        0x4 ./libs/vanttec_CANLib/platform_specific/vanttec_canlib_stm/vanttec_canlib_rx_task.o
                0x0000000020008658                last_entry
 .bss.rxMessageQueue
                0x000000002000865c        0x4 ./libs/vanttec_CANLib/platform_specific/vanttec_canlib_stm/vanttec_canlib_rx_task.o
                0x000000002000865c                rxMessageQueue
 .bss.canRxTaskHandle
                0x0000000020008660        0x4 ./libs/vanttec_CANLib/platform_specific/vanttec_canlib_stm/vanttec_canlib_rx_task.o
                0x0000000020008660                canRxTaskHandle
 .bss.canRxQueueTaskHandle
                0x0000000020008664        0x4 ./libs/vanttec_CANLib/platform_specific/vanttec_canlib_stm/vanttec_canlib_rx_task.o
                0x0000000020008664                canRxQueueTaskHandle
 .bss.txMessageQueue
                0x0000000020008668        0x4 ./libs/vanttec_CANLib/platform_specific/vanttec_canlib_stm/vanttec_canlib_tx_task.o
                0x0000000020008668                txMessageQueue
 .bss.canTxTaskHandle
                0x000000002000866c        0x4 ./libs/vanttec_CANLib/platform_specific/vanttec_canlib_stm/vanttec_canlib_tx_task.o
                0x000000002000866c                canTxTaskHandle
 .bss.lastDebugSent
                0x0000000020008670        0x4 ./libs/vanttec_CANLib/platform_specific/vanttec_canlib_stm/vanttec_canlib_tx_task.o
                0x0000000020008670                lastDebugSent
 .bss.__lock___malloc_recursive_mutex
                0x0000000020008674        0x1 c:/st/stm32cubeide_1.11.2/stm32cubeide/plugins/com.st.stm32cube.ide.mcu.externaltools.gnu-tools-for-stm32.10.3-2021.10.win32_1.0.100.202210260954/tools/bin/../lib/gcc/arm-none-eabi/10.3.1/../../../../arm-none-eabi/lib/thumb/v7e-m+fp/hard\libc_nano.a(lib_a-lock.o)
                0x0000000020008674                __lock___malloc_recursive_mutex
 *fill*         0x0000000020008675        0x3 
 .bss.__malloc_free_list
                0x0000000020008678        0x4 c:/st/stm32cubeide_1.11.2/stm32cubeide/plugins/com.st.stm32cube.ide.mcu.externaltools.gnu-tools-for-stm32.10.3-2021.10.win32_1.0.100.202210260954/tools/bin/../lib/gcc/arm-none-eabi/10.3.1/../../../../arm-none-eabi/lib/thumb/v7e-m+fp/hard\libc_nano.a(lib_a-nano-mallocr.o)
                0x0000000020008678                __malloc_free_list
 *(COMMON)
                0x000000002000867c                . = ALIGN (0x4)
                0x000000002000867c                _ebss = .
                0x000000002000867c                __bss_end__ = _ebss

._user_heap_stack
                0x000000002000867c      0x604 load address 0x0000000008008314
                0x0000000020008680                . = ALIGN (0x8)
 *fill*         0x000000002000867c        0x4 
                [!provide]                        PROVIDE (end = .)
                0x0000000020008680                PROVIDE (_end = .)
                0x0000000020008880                . = (. + _Min_Heap_Size)
 *fill*         0x0000000020008680      0x200 
                0x0000000020008c80                . = (. + _Min_Stack_Size)
 *fill*         0x0000000020008880      0x400 
                0x0000000020008c80                . = ALIGN (0x8)

/DISCARD/
 libc.a(*)
 libm.a(*)
 libgcc.a(*)

.ARM.attributes
                0x0000000000000000       0x30
 *(.ARM.attributes)
 .ARM.attributes
                0x0000000000000000       0x1e c:/st/stm32cubeide_1.11.2/stm32cubeide/plugins/com.st.stm32cube.ide.mcu.externaltools.gnu-tools-for-stm32.10.3-2021.10.win32_1.0.100.202210260954/tools/bin/../lib/gcc/arm-none-eabi/10.3.1/thumb/v7e-m+fp/hard/crti.o
 .ARM.attributes
                0x000000000000001e       0x34 c:/st/stm32cubeide_1.11.2/stm32cubeide/plugins/com.st.stm32cube.ide.mcu.externaltools.gnu-tools-for-stm32.10.3-2021.10.win32_1.0.100.202210260954/tools/bin/../lib/gcc/arm-none-eabi/10.3.1/thumb/v7e-m+fp/hard/crtbegin.o
 .ARM.attributes
                0x0000000000000052       0x34 ./Core/Src/main.o
 .ARM.attributes
                0x0000000000000086       0x34 ./Core/Src/mcp45hvx1.o
 .ARM.attributes
                0x00000000000000ba       0x34 ./Core/Src/stm32l4xx_hal_msp.o
 .ARM.attributes
                0x00000000000000ee       0x34 ./Core/Src/stm32l4xx_it.o
 .ARM.attributes
                0x0000000000000122       0x34 ./Core/Src/system_stm32l4xx.o
 .ARM.attributes
                0x0000000000000156       0x34 ./Core/Src/throttle_tasks.o
 .ARM.attributes
                0x000000000000018a       0x21 ./Core/Startup/startup_stm32l431rctx.o
 .ARM.attributes
                0x00000000000001ab       0x34 ./Drivers/STM32L4xx_HAL_Driver/Src/stm32l4xx_hal.o
 .ARM.attributes
                0x00000000000001df       0x34 ./Drivers/STM32L4xx_HAL_Driver/Src/stm32l4xx_hal_can.o
 .ARM.attributes
                0x0000000000000213       0x34 ./Drivers/STM32L4xx_HAL_Driver/Src/stm32l4xx_hal_cortex.o
 .ARM.attributes
                0x0000000000000247       0x34 ./Drivers/STM32L4xx_HAL_Driver/Src/stm32l4xx_hal_gpio.o
 .ARM.attributes
                0x000000000000027b       0x34 ./Drivers/STM32L4xx_HAL_Driver/Src/stm32l4xx_hal_i2c.o
 .ARM.attributes
                0x00000000000002af       0x34 ./Drivers/STM32L4xx_HAL_Driver/Src/stm32l4xx_hal_i2c_ex.o
 .ARM.attributes
                0x00000000000002e3       0x34 ./Drivers/STM32L4xx_HAL_Driver/Src/stm32l4xx_hal_pwr_ex.o
 .ARM.attributes
                0x0000000000000317       0x34 ./Drivers/STM32L4xx_HAL_Driver/Src/stm32l4xx_hal_rcc.o
 .ARM.attributes
                0x000000000000034b       0x34 ./Drivers/STM32L4xx_HAL_Driver/Src/stm32l4xx_hal_rcc_ex.o
 .ARM.attributes
                0x000000000000037f       0x34 ./Middlewares/Third_Party/FreeRTOS/Source/CMSIS_RTOS_V2/cmsis_os2.o
 .ARM.attributes
                0x00000000000003b3       0x34 ./Middlewares/Third_Party/FreeRTOS/Source/list.o
 .ARM.attributes
                0x00000000000003e7       0x34 ./Middlewares/Third_Party/FreeRTOS/Source/queue.o
 .ARM.attributes
                0x000000000000041b       0x34 ./Middlewares/Third_Party/FreeRTOS/Source/tasks.o
 .ARM.attributes
                0x000000000000044f       0x34 ./Middlewares/Third_Party/FreeRTOS/Source/timers.o
 .ARM.attributes
                0x0000000000000483       0x34 ./Middlewares/Third_Party/FreeRTOS/Source/portable/GCC/ARM_CM4F/port.o
 .ARM.attributes
                0x00000000000004b7       0x34 ./Middlewares/Third_Party/FreeRTOS/Source/portable/MemMang/heap_4.o
 .ARM.attributes
                0x00000000000004eb       0x34 ./libs/vanttec_CANLib/platform_specific/vanttec_canlib_stm/generic_tasks/can_reset_task.o
 .ARM.attributes
                0x000000000000051f       0x34 ./libs/vanttec_CANLib/platform_specific/vanttec_canlib_stm/generic_tasks/generic_tasks.o
 .ARM.attributes
                0x0000000000000553       0x34 ./libs/vanttec_CANLib/platform_specific/vanttec_canlib_stm/generic_tasks/requirements.o
 .ARM.attributes
                0x0000000000000587       0x34 ./libs/vanttec_CANLib/platform_specific/vanttec_canlib_stm/utils.o
 .ARM.attributes
                0x00000000000005bb       0x34 ./libs/vanttec_CANLib/platform_specific/vanttec_canlib_stm/vanttec_canlib.o
 .ARM.attributes
                0x00000000000005ef       0x34 ./libs/vanttec_CANLib/platform_specific/vanttec_canlib_stm/vanttec_canlib_rx_task.o
 .ARM.attributes
                0x0000000000000623       0x34 ./libs/vanttec_CANLib/platform_specific/vanttec_canlib_stm/vanttec_canlib_tx_task.o
 .ARM.attributes
                0x0000000000000657       0x34 ./libs/vanttec_CANLib/src/Vanttec_CANLib/ByteOrder/inet.o
 .ARM.attributes
                0x000000000000068b       0x34 ./libs/vanttec_CANLib/src/Vanttec_CANLib/CANMessage.o
 .ARM.attributes
                0x00000000000006bf       0x34 ./libs/vanttec_CANLib/src/Vanttec_CANLib/Utils/CANDeserialization.o
 .ARM.attributes
                0x00000000000006f3       0x34 c:/st/stm32cubeide_1.11.2/stm32cubeide/plugins/com.st.stm32cube.ide.mcu.externaltools.gnu-tools-for-stm32.10.3-2021.10.win32_1.0.100.202210260954/tools/bin/../lib/gcc/arm-none-eabi/10.3.1/../../../../arm-none-eabi/lib/thumb/v7e-m+fp/hard\libm.a(lib_a-sf_ldexp.o)
 .ARM.attributes
                0x0000000000000727       0x34 c:/st/stm32cubeide_1.11.2/stm32cubeide/plugins/com.st.stm32cube.ide.mcu.externaltools.gnu-tools-for-stm32.10.3-2021.10.win32_1.0.100.202210260954/tools/bin/../lib/gcc/arm-none-eabi/10.3.1/../../../../arm-none-eabi/lib/thumb/v7e-m+fp/hard\libm.a(lib_a-sf_scalbn.o)
 .ARM.attributes
                0x000000000000075b       0x34 c:/st/stm32cubeide_1.11.2/stm32cubeide/plugins/com.st.stm32cube.ide.mcu.externaltools.gnu-tools-for-stm32.10.3-2021.10.win32_1.0.100.202210260954/tools/bin/../lib/gcc/arm-none-eabi/10.3.1/../../../../arm-none-eabi/lib/thumb/v7e-m+fp/hard\libm.a(lib_a-sf_finite.o)
 .ARM.attributes
                0x000000000000078f       0x34 c:/st/stm32cubeide_1.11.2/stm32cubeide/plugins/com.st.stm32cube.ide.mcu.externaltools.gnu-tools-for-stm32.10.3-2021.10.win32_1.0.100.202210260954/tools/bin/../lib/gcc/arm-none-eabi/10.3.1/../../../../arm-none-eabi/lib/thumb/v7e-m+fp/hard\libc_nano.a(lib_a-errno.o)
 .ARM.attributes
                0x00000000000007c3       0x34 c:/st/stm32cubeide_1.11.2/stm32cubeide/plugins/com.st.stm32cube.ide.mcu.externaltools.gnu-tools-for-stm32.10.3-2021.10.win32_1.0.100.202210260954/tools/bin/../lib/gcc/arm-none-eabi/10.3.1/../../../../arm-none-eabi/lib/thumb/v7e-m+fp/hard\libc_nano.a(lib_a-findfp.o)
 .ARM.attributes
                0x00000000000007f7       0x34 c:/st/stm32cubeide_1.11.2/stm32cubeide/plugins/com.st.stm32cube.ide.mcu.externaltools.gnu-tools-for-stm32.10.3-2021.10.win32_1.0.100.202210260954/tools/bin/../lib/gcc/arm-none-eabi/10.3.1/../../../../arm-none-eabi/lib/thumb/v7e-m+fp/hard\libc_nano.a(lib_a-impure.o)
 .ARM.attributes
                0x000000000000082b       0x34 c:/st/stm32cubeide_1.11.2/stm32cubeide/plugins/com.st.stm32cube.ide.mcu.externaltools.gnu-tools-for-stm32.10.3-2021.10.win32_1.0.100.202210260954/tools/bin/../lib/gcc/arm-none-eabi/10.3.1/../../../../arm-none-eabi/lib/thumb/v7e-m+fp/hard\libc_nano.a(lib_a-init.o)
 .ARM.attributes
                0x000000000000085f       0x34 c:/st/stm32cubeide_1.11.2/stm32cubeide/plugins/com.st.stm32cube.ide.mcu.externaltools.gnu-tools-for-stm32.10.3-2021.10.win32_1.0.100.202210260954/tools/bin/../lib/gcc/arm-none-eabi/10.3.1/../../../../arm-none-eabi/lib/thumb/v7e-m+fp/hard\libc_nano.a(lib_a-lock.o)
 .ARM.attributes
                0x0000000000000893       0x34 c:/st/stm32cubeide_1.11.2/stm32cubeide/plugins/com.st.stm32cube.ide.mcu.externaltools.gnu-tools-for-stm32.10.3-2021.10.win32_1.0.100.202210260954/tools/bin/../lib/gcc/arm-none-eabi/10.3.1/../../../../arm-none-eabi/lib/thumb/v7e-m+fp/hard\libc_nano.a(lib_a-memcpy-stub.o)
 .ARM.attributes
                0x00000000000008c7       0x34 c:/st/stm32cubeide_1.11.2/stm32cubeide/plugins/com.st.stm32cube.ide.mcu.externaltools.gnu-tools-for-stm32.10.3-2021.10.win32_1.0.100.202210260954/tools/bin/../lib/gcc/arm-none-eabi/10.3.1/../../../../arm-none-eabi/lib/thumb/v7e-m+fp/hard\libc_nano.a(lib_a-memset.o)
 .ARM.attributes
                0x00000000000008fb       0x34 c:/st/stm32cubeide_1.11.2/stm32cubeide/plugins/com.st.stm32cube.ide.mcu.externaltools.gnu-tools-for-stm32.10.3-2021.10.win32_1.0.100.202210260954/tools/bin/../lib/gcc/arm-none-eabi/10.3.1/../../../../arm-none-eabi/lib/thumb/v7e-m+fp/hard\libc_nano.a(lib_a-nano-freer.o)
 .ARM.attributes
                0x000000000000092f       0x34 c:/st/stm32cubeide_1.11.2/stm32cubeide/plugins/com.st.stm32cube.ide.mcu.externaltools.gnu-tools-for-stm32.10.3-2021.10.win32_1.0.100.202210260954/tools/bin/../lib/gcc/arm-none-eabi/10.3.1/../../../../arm-none-eabi/lib/thumb/v7e-m+fp/hard\libc_nano.a(lib_a-nano-mallocr.o)
 .ARM.attributes
                0x0000000000000963       0x34 c:/st/stm32cubeide_1.11.2/stm32cubeide/plugins/com.st.stm32cube.ide.mcu.externaltools.gnu-tools-for-stm32.10.3-2021.10.win32_1.0.100.202210260954/tools/bin/../lib/gcc/arm-none-eabi/10.3.1/../../../../arm-none-eabi/lib/thumb/v7e-m+fp/hard\libc_nano.a(lib_a-reent.o)
 .ARM.attributes
                0x0000000000000997       0x17 c:/st/stm32cubeide_1.11.2/stm32cubeide/plugins/com.st.stm32cube.ide.mcu.externaltools.gnu-tools-for-stm32.10.3-2021.10.win32_1.0.100.202210260954/tools/bin/../lib/gcc/arm-none-eabi/10.3.1/../../../../arm-none-eabi/lib/thumb/v7e-m+fp/hard\libc_nano.a(lib_a-strlen.o)
 .ARM.attributes
                0x00000000000009ae       0x34 c:/st/stm32cubeide_1.11.2/stm32cubeide/plugins/com.st.stm32cube.ide.mcu.externaltools.gnu-tools-for-stm32.10.3-2021.10.win32_1.0.100.202210260954/tools/bin/../lib/gcc/arm-none-eabi/10.3.1/../../../../arm-none-eabi/lib/thumb/v7e-m+fp/hard\libc_nano.a(lib_a-strncpy.o)
 .ARM.attributes
                0x00000000000009e2       0x34 c:/st/stm32cubeide_1.11.2/stm32cubeide/plugins/com.st.stm32cube.ide.mcu.externaltools.gnu-tools-for-stm32.10.3-2021.10.win32_1.0.100.202210260954/tools/bin/../lib/gcc/arm-none-eabi/10.3.1/../../../../arm-none-eabi/lib/thumb/v7e-m+fp/hard\libc_nano.a(lib_a-mlock.o)
 .ARM.attributes
                0x0000000000000a16       0x1e c:/st/stm32cubeide_1.11.2/stm32cubeide/plugins/com.st.stm32cube.ide.mcu.externaltools.gnu-tools-for-stm32.10.3-2021.10.win32_1.0.100.202210260954/tools/bin/../lib/gcc/arm-none-eabi/10.3.1/thumb/v7e-m+fp/hard/crtn.o
OUTPUT(ThrottleVanttec.elf elf32-littlearm)
LOAD linker stubs
LOAD c:/st/stm32cubeide_1.11.2/stm32cubeide/plugins/com.st.stm32cube.ide.mcu.externaltools.gnu-tools-for-stm32.10.3-2021.10.win32_1.0.100.202210260954/tools/bin/../lib/gcc/arm-none-eabi/10.3.1/../../../../arm-none-eabi/lib/thumb/v7e-m+fp/hard\libc.a
LOAD c:/st/stm32cubeide_1.11.2/stm32cubeide/plugins/com.st.stm32cube.ide.mcu.externaltools.gnu-tools-for-stm32.10.3-2021.10.win32_1.0.100.202210260954/tools/bin/../lib/gcc/arm-none-eabi/10.3.1/../../../../arm-none-eabi/lib/thumb/v7e-m+fp/hard\libm.a
LOAD c:/st/stm32cubeide_1.11.2/stm32cubeide/plugins/com.st.stm32cube.ide.mcu.externaltools.gnu-tools-for-stm32.10.3-2021.10.win32_1.0.100.202210260954/tools/bin/../lib/gcc/arm-none-eabi/10.3.1/thumb/v7e-m+fp/hard\libgcc.a

.debug_info     0x0000000000000000    0x1e85c
 .debug_info    0x0000000000000000     0x153f ./Core/Src/main.o
 .debug_info    0x000000000000153f      0xb79 ./Core/Src/mcp45hvx1.o
 .debug_info    0x00000000000020b8     0x1294 ./Core/Src/stm32l4xx_hal_msp.o
 .debug_info    0x000000000000334c      0x126 ./Core/Src/stm32l4xx_it.o
 .debug_info    0x0000000000003472      0x5d4 ./Core/Src/system_stm32l4xx.o
 .debug_info    0x0000000000003a46      0x651 ./Core/Src/throttle_tasks.o
 .debug_info    0x0000000000004097       0x22 ./Core/Startup/startup_stm32l431rctx.o
 .debug_info    0x00000000000040b9      0xadd ./Drivers/STM32L4xx_HAL_Driver/Src/stm32l4xx_hal.o
 .debug_info    0x0000000000004b96     0x1022 ./Drivers/STM32L4xx_HAL_Driver/Src/stm32l4xx_hal_can.o
 .debug_info    0x0000000000005bb8      0xdbb ./Drivers/STM32L4xx_HAL_Driver/Src/stm32l4xx_hal_cortex.o
 .debug_info    0x0000000000006973      0x821 ./Drivers/STM32L4xx_HAL_Driver/Src/stm32l4xx_hal_gpio.o
 .debug_info    0x0000000000007194     0x2232 ./Drivers/STM32L4xx_HAL_Driver/Src/stm32l4xx_hal_i2c.o
 .debug_info    0x00000000000093c6      0xa53 ./Drivers/STM32L4xx_HAL_Driver/Src/stm32l4xx_hal_i2c_ex.o