Archive member included to satisfy reference by file (symbol)

c:/st/stm32cubeide_1.11.2/stm32cubeide/plugins/com.st.stm32cube.ide.mcu.externaltools.gnu-tools-for-stm32.10.3-2021.10.win32_1.0.100.202210260954/tools/bin/../lib/gcc/arm-none-eabi/10.3.1/../../../../arm-none-eabi/lib/thumb/v7e-m+fp/hard\libm.a(lib_a-sf_ldexp.o)
                              ./libs/vanttec_CANLib/src/Vanttec_CANLib/Utils/CANDeserialization.o (ldexpf)
c:/st/stm32cubeide_1.11.2/stm32cubeide/plugins/com.st.stm32cube.ide.mcu.externaltools.gnu-tools-for-stm32.10.3-2021.10.win32_1.0.100.202210260954/tools/bin/../lib/gcc/arm-none-eabi/10.3.1/../../../../arm-none-eabi/lib/thumb/v7e-m+fp/hard\libm.a(lib_a-sf_scalbn.o)
                              c:/st/stm32cubeide_1.11.2/stm32cubeide/plugins/com.st.stm32cube.ide.mcu.externaltools.gnu-tools-for-stm32.10.3-2021.10.win32_1.0.100.202210260954/tools/bin/../lib/gcc/arm-none-eabi/10.3.1/../../../../arm-none-eabi/lib/thumb/v7e-m+fp/hard\libm.a(lib_a-sf_ldexp.o) (scalbnf)
c:/st/stm32cubeide_1.11.2/stm32cubeide/plugins/com.st.stm32cube.ide.mcu.externaltools.gnu-tools-for-stm32.10.3-2021.10.win32_1.0.100.202210260954/tools/bin/../lib/gcc/arm-none-eabi/10.3.1/../../../../arm-none-eabi/lib/thumb/v7e-m+fp/hard\libm.a(lib_a-sf_finite.o)
                              c:/st/stm32cubeide_1.11.2/stm32cubeide/plugins/com.st.stm32cube.ide.mcu.externaltools.gnu-tools-for-stm32.10.3-2021.10.win32_1.0.100.202210260954/tools/bin/../lib/gcc/arm-none-eabi/10.3.1/../../../../arm-none-eabi/lib/thumb/v7e-m+fp/hard\libm.a(lib_a-sf_ldexp.o) (finitef)
c:/st/stm32cubeide_1.11.2/stm32cubeide/plugins/com.st.stm32cube.ide.mcu.externaltools.gnu-tools-for-stm32.10.3-2021.10.win32_1.0.100.202210260954/tools/bin/../lib/gcc/arm-none-eabi/10.3.1/../../../../arm-none-eabi/lib/thumb/v7e-m+fp/hard\libc_nano.a(lib_a-errno.o)
                              ./Core/Src/syscalls.o (__errno)
c:/st/stm32cubeide_1.11.2/stm32cubeide/plugins/com.st.stm32cube.ide.mcu.externaltools.gnu-tools-for-stm32.10.3-2021.10.win32_1.0.100.202210260954/tools/bin/../lib/gcc/arm-none-eabi/10.3.1/../../../../arm-none-eabi/lib/thumb/v7e-m+fp/hard\libc_nano.a(lib_a-exit.o)
                              c:/st/stm32cubeide_1.11.2/stm32cubeide/plugins/com.st.stm32cube.ide.mcu.externaltools.gnu-tools-for-stm32.10.3-2021.10.win32_1.0.100.202210260954/tools/bin/../lib/gcc/arm-none-eabi/10.3.1/../../../../arm-none-eabi/lib/thumb/v7e-m+fp/hard/crt0.o (exit)
c:/st/stm32cubeide_1.11.2/stm32cubeide/plugins/com.st.stm32cube.ide.mcu.externaltools.gnu-tools-for-stm32.10.3-2021.10.win32_1.0.100.202210260954/tools/bin/../lib/gcc/arm-none-eabi/10.3.1/../../../../arm-none-eabi/lib/thumb/v7e-m+fp/hard\libc_nano.a(lib_a-findfp.o)
                              ./Middlewares/Third_Party/FreeRTOS/Source/tasks.o (__sf_fake_stderr)
c:/st/stm32cubeide_1.11.2/stm32cubeide/plugins/com.st.stm32cube.ide.mcu.externaltools.gnu-tools-for-stm32.10.3-2021.10.win32_1.0.100.202210260954/tools/bin/../lib/gcc/arm-none-eabi/10.3.1/../../../../arm-none-eabi/lib/thumb/v7e-m+fp/hard\libc_nano.a(lib_a-fwalk.o)
                              c:/st/stm32cubeide_1.11.2/stm32cubeide/plugins/com.st.stm32cube.ide.mcu.externaltools.gnu-tools-for-stm32.10.3-2021.10.win32_1.0.100.202210260954/tools/bin/../lib/gcc/arm-none-eabi/10.3.1/../../../../arm-none-eabi/lib/thumb/v7e-m+fp/hard\libc_nano.a(lib_a-findfp.o) (_fwalk)
c:/st/stm32cubeide_1.11.2/stm32cubeide/plugins/com.st.stm32cube.ide.mcu.externaltools.gnu-tools-for-stm32.10.3-2021.10.win32_1.0.100.202210260954/tools/bin/../lib/gcc/arm-none-eabi/10.3.1/../../../../arm-none-eabi/lib/thumb/v7e-m+fp/hard\libc_nano.a(lib_a-impure.o)
                              c:/st/stm32cubeide_1.11.2/stm32cubeide/plugins/com.st.stm32cube.ide.mcu.externaltools.gnu-tools-for-stm32.10.3-2021.10.win32_1.0.100.202210260954/tools/bin/../lib/gcc/arm-none-eabi/10.3.1/../../../../arm-none-eabi/lib/thumb/v7e-m+fp/hard\libc_nano.a(lib_a-exit.o) (_global_impure_ptr)
c:/st/stm32cubeide_1.11.2/stm32cubeide/plugins/com.st.stm32cube.ide.mcu.externaltools.gnu-tools-for-stm32.10.3-2021.10.win32_1.0.100.202210260954/tools/bin/../lib/gcc/arm-none-eabi/10.3.1/../../../../arm-none-eabi/lib/thumb/v7e-m+fp/hard\libc_nano.a(lib_a-init.o)
                              c:/st/stm32cubeide_1.11.2/stm32cubeide/plugins/com.st.stm32cube.ide.mcu.externaltools.gnu-tools-for-stm32.10.3-2021.10.win32_1.0.100.202210260954/tools/bin/../lib/gcc/arm-none-eabi/10.3.1/../../../../arm-none-eabi/lib/thumb/v7e-m+fp/hard/crt0.o (__libc_init_array)
c:/st/stm32cubeide_1.11.2/stm32cubeide/plugins/com.st.stm32cube.ide.mcu.externaltools.gnu-tools-for-stm32.10.3-2021.10.win32_1.0.100.202210260954/tools/bin/../lib/gcc/arm-none-eabi/10.3.1/../../../../arm-none-eabi/lib/thumb/v7e-m+fp/hard\libc_nano.a(lib_a-lock.o)
[...]
Memory Configuration

Name             Origin             Length             Attributes
RAM              0x0000000020000000 0x0000000000010000 xrw
RAM2             0x0000000010000000 0x0000000000004000 xrw
FLASH            0x0000000008000000 0x0000000000040000 xr
*default*        0x0000000000000000 0xffffffffffffffff

Linker script and memory map

LOAD c:/st/stm32cubeide_1.11.2/stm32cubeide/plugins/com.st.stm32cube.ide.mcu.externaltools.gnu-tools-for-stm32.10.3-2021.10.win32_1.0.100.202210260954/tools/bin/../lib/gcc/arm-none-eabi/10.3.1/thumb/v7e-m+fp/hard/crti.o
LOAD c:/st/stm32cubeide_1.11.2/stm32cubeide/plugins/com.st.stm32cube.ide.mcu.externaltools.gnu-tools-for-stm32.10.3-2021.10.win32_1.0.100.202210260954/tools/bin/../lib/gcc/arm-none-eabi/10.3.1/thumb/v7e-m+fp/hard/crtbegin.o
LOAD c:/st/stm32cubeide_1.11.2/stm32cubeide/plugins/com.st.stm32cube.ide.mcu.externaltools.gnu-tools-for-stm32.10.3-2021.10.win32_1.0.100.202210260954/tools/bin/../lib/gcc/arm-none-eabi/10.3.1/../../../../arm-none-eabi/lib/thumb/v7e-m+fp/hard/crt0.o
LOAD ./Core/Src/FreeRTOS-openocd.o
LOAD ./Core/Src/freertos.o
LOAD ./Core/Src/main.o
LOAD ./Core/Src/requirements.o
LOAD ./Core/Src/stm32l4xx_hal_msp.o
LOAD ./Core/Src/stm32l4xx_hal_timebase_tim.o
LOAD ./Core/Src/stm32l4xx_it.o
LOAD ./Core/Src/syscalls.o
LOAD ./Core/Src/sysmem.o
LOAD ./Core/Src/system_stm32l4xx.o
LOAD ./Core/Startup/startup_stm32l431rctx.o
LOAD ./Drivers/STM32L4xx_HAL_Driver/Src/stm32l4xx_hal.o
LOAD ./Drivers/STM32L4xx_HAL_Driver/Src/stm32l4xx_hal_adc.o
LOAD ./Drivers/STM32L4xx_HAL_Driver/Src/stm32l4xx_hal_adc_ex.o
LOAD ./Drivers/STM32L4xx_HAL_Driver/Src/stm32l4xx_hal_can.o
LOAD ./Drivers/STM32L4xx_HAL_Driver/Src/stm32l4xx_hal_cortex.o
LOAD ./Drivers/STM32L4xx_HAL_Driver/Src/stm32l4xx_hal_dma.o
LOAD ./Drivers/STM32L4xx_HAL_Driver/Src/stm32l4xx_hal_dma_ex.o
LOAD ./Drivers/STM32L4xx_HAL_Driver/Src/stm32l4xx_hal_exti.o
LOAD ./Drivers/STM32L4xx_HAL_Driver/Src/stm32l4xx_hal_flash.o
LOAD ./Drivers/STM32L4xx_HAL_Driver/Src/stm32l4xx_hal_flash_ex.o
LOAD ./Drivers/STM32L4xx_HAL_Driver/Src/stm32l4xx_hal_flash_ramfunc.o
LOAD ./Drivers/STM32L4xx_HAL_Driver/Src/stm32l4xx_hal_gpio.o
LOAD ./Drivers/STM32L4xx_HAL_Driver/Src/stm32l4xx_hal_i2c.o
LOAD ./Drivers/STM32L4xx_HAL_Driver/Src/stm32l4xx_hal_i2c_ex.o
LOAD ./Drivers/STM32L4xx_HAL_Driver/Src/stm32l4xx_hal_pwr.o
LOAD ./Drivers/STM32L4xx_HAL_Driver/Src/stm32l4xx_hal_pwr_ex.o
LOAD ./Drivers/STM32L4xx_HAL_Driver/Src/stm32l4xx_hal_rcc.o
LOAD ./Drivers/STM32L4xx_HAL_Driver/Src/stm32l4xx_hal_rcc_ex.o
LOAD ./Drivers/STM32L4xx_HAL_Driver/Src/stm32l4xx_hal_tim.o
LOAD ./Drivers/STM32L4xx_HAL_Driver/Src/stm32l4xx_hal_tim_ex.o
LOAD ./Drivers/STM32L4xx_HAL_Driver/Src/stm32l4xx_hal_uart.o
LOAD ./Drivers/STM32L4xx_HAL_Driver/Src/stm32l4xx_hal_uart_ex.o
LOAD ./Middlewares/Third_Party/FreeRTOS/Source/CMSIS_RTOS_V2/cmsis_os2.o
LOAD ./Middlewares/Third_Party/FreeRTOS/Source/croutine.o
LOAD ./Middlewares/Third_Party/FreeRTOS/Source/event_groups.o
LOAD ./Middlewares/Third_Party/FreeRTOS/Source/list.o
LOAD ./Middlewares/Third_Party/FreeRTOS/Source/queue.o
LOAD ./Middlewares/Third_Party/FreeRTOS/Source/stream_buffer.o
LOAD ./Middlewares/Third_Party/FreeRTOS/Source/tasks.o
LOAD ./Middlewares/Third_Party/FreeRTOS/Source/timers.o
LOAD ./Middlewares/Third_Party/FreeRTOS/Source/portable/GCC/ARM_CM4F/port.o
LOAD ./Middlewares/Third_Party/FreeRTOS/Source/portable/MemMang/heap_4.o
LOAD ./libs/stepper_lib/encoder.o
LOAD ./libs/stepper_lib/stepper.o
LOAD ./libs/stepper_lib/stepper_tasks.o
LOAD ./libs/vanttec_CANLib/platform_specific/vanttec_canlib_stm/generic_tasks/can_reset_task.o
LOAD ./libs/vanttec_CANLib/platform_specific/vanttec_canlib_stm/generic_tasks/generic_tasks.o
LOAD ./libs/vanttec_CANLib/platform_specific/vanttec_canlib_stm/ping_task.o
LOAD ./libs/vanttec_CANLib/platform_specific/vanttec_canlib_stm/utils.o
LOAD ./libs/vanttec_CANLib/platform_specific/vanttec_canlib_stm/vanttec_canlib.o
LOAD ./libs/vanttec_CANLib/platform_specific/vanttec_canlib_stm/vanttec_canlib_rx_task.o
LOAD ./libs/vanttec_CANLib/platform_specific/vanttec_canlib_stm/vanttec_canlib_tx_task.o
LOAD ./libs/vanttec_CANLib/src/Vanttec_CANLib/ByteOrder/inet.o
LOAD ./libs/vanttec_CANLib/src/Vanttec_CANLib/CANMessage.o
LOAD ./libs/vanttec_CANLib/src/Vanttec_CANLib/Utils/CANDeserialization.o
LOAD ./libs/vanttec_CANLib/src/Vanttec_CANLib/Utils/CANSerialization.o
START GROUP
LOAD c:/st/stm32cubeide_1.11.2/stm32cubeide/plugins/com.st.stm32cube.ide.mcu.externaltools.gnu-tools-for-stm32.10.3-2021.10.win32_1.0.100.202210260954/tools/bin/../lib/gcc/arm-none-eabi/10.3.1/../../../../arm-none-eabi/lib/thumb/v7e-m+fp/hard\libstdc++_nano.a
LOAD c:/st/stm32cubeide_1.11.2/stm32cubeide/plugins/com.st.stm32cube.ide.mcu.externaltools.gnu-tools-for-stm32.10.3-2021.10.win32_1.0.100.202210260954/tools/bin/../lib/gcc/arm-none-eabi/10.3.1/../../../../arm-none-eabi/lib/thumb/v7e-m+fp/hard\libsupc++_nano.a
END GROUP
LOAD c:/st/stm32cubeide_1.11.2/stm32cubeide/plugins/com.st.stm32cube.ide.mcu.externaltools.gnu-tools-for-stm32.10.3-2021.10.win32_1.0.100.202210260954/tools/bin/../lib/gcc/arm-none-eabi/10.3.1/../../../../arm-none-eabi/lib/thumb/v7e-m+fp/hard\libstdc++_nano.a
LOAD c:/st/stm32cubeide_1.11.2/stm32cubeide/plugins/com.st.stm32cube.ide.mcu.externaltools.gnu-tools-for-stm32.10.3-2021.10.win32_1.0.100.202210260954/tools/bin/../lib/gcc/arm-none-eabi/10.3.1/../../../../arm-none-eabi/lib/thumb/v7e-m+fp/hard\libm.a
LOAD c:/st/stm32cubeide_1.11.2/stm32cubeide/plugins/com.st.stm32cube.ide.mcu.externaltools.gnu-tools-for-stm32.10.3-2021.10.win32_1.0.100.202210260954/tools/bin/../lib/gcc/arm-none-eabi/10.3.1/../../../../arm-none-eabi/lib/thumb/v7e-m+fp/hard\libc_nano.a
START GROUP
LOAD c:/st/stm32cubeide_1.11.2/stm32cubeide/plugins/com.st.stm32cube.ide.mcu.externaltools.gnu-tools-for-stm32.10.3-2021.10.win32_1.0.100.202210260954/tools/bin/../lib/gcc/arm-none-eabi/10.3.1/thumb/v7e-m+fp/hard\libgcc.a
LOAD c:/st/stm32cubeide_1.11.2/stm32cubeide/plugins/com.st.stm32cube.ide.mcu.externaltools.gnu-tools-for-stm32.10.3-2021.10.win32_1.0.100.202210260954/tools/bin/../lib/gcc/arm-none-eabi/10.3.1/../../../../arm-none-eabi/lib/thumb/v7e-m+fp/hard\libc_nano.a
END GROUP
START GROUP
LOAD c:/st/stm32cubeide_1.11.2/stm32cubeide/plugins/com.st.stm32cube.ide.mcu.externaltools.gnu-tools-for-stm32.10.3-2021.10.win32_1.0.100.202210260954/tools/bin/../lib/gcc/arm-none-eabi/10.3.1/thumb/v7e-m+fp/hard\libgcc.a
LOAD c:/st/stm32cubeide_1.11.2/stm32cubeide/plugins/com.st.stm32cube.ide.mcu.externaltools.gnu-tools-for-stm32.10.3-2021.10.win32_1.0.100.202210260954/tools/bin/../lib/gcc/arm-none-eabi/10.3.1/../../../../arm-none-eabi/lib/thumb/v7e-m+fp/hard\libc_nano.a
LOAD c:/st/stm32cubeide_1.11.2/stm32cubeide/plugins/com.st.stm32cube.ide.mcu.externaltools.gnu-tools-for-stm32.10.3-2021.10.win32_1.0.100.202210260954/tools/bin/../lib/gcc/arm-none-eabi/10.3.1/../../../../arm-none-eabi/lib/thumb/v7e-m+fp/hard\libnosys.a
END GROUP
START GROUP
LOAD c:/st/stm32cubeide_1.11.2/stm32cubeide/plugins/com.st.stm32cube.ide.mcu.externaltools.gnu-tools-for-stm32.10.3-2021.10.win32_1.0.100.202210260954/tools/bin/../lib/gcc/arm-none-eabi/10.3.1/thumb/v7e-m+fp/hard\libgcc.a
LOAD c:/st/stm32cubeide_1.11.2/stm32cubeide/plugins/com.st.stm32cube.ide.mcu.externaltools.gnu-tools-for-stm32.10.3-2021.10.win32_1.0.100.202210260954/tools/bin/../lib/gcc/arm-none-eabi/10.3.1/../../../../arm-none-eabi/lib/thumb/v7e-m+fp/hard\libc_nano.a
LOAD c:/st/stm32cubeide_1.11.2/stm32cubeide/plugins/com.st.stm32cube.ide.mcu.externaltools.gnu-tools-for-stm32.10.3-2021.10.win32_1.0.100.202210260954/tools/bin/../lib/gcc/arm-none-eabi/10.3.1/../../../../arm-none-eabi/lib/thumb/v7e-m+fp/hard\libnosys.a
END GROUP
LOAD c:/st/stm32cubeide_1.11.2/stm32cubeide/plugins/com.st.stm32cube.ide.mcu.externaltools.gnu-tools-for-stm32.10.3-2021.10.win32_1.0.100.202210260954/tools/bin/../lib/gcc/arm-none-eabi/10.3.1/thumb/v7e-m+fp/hard/crtend.o
LOAD c:/st/stm32cubeide_1.11.2/stm32cubeide/plugins/com.st.stm32cube.ide.mcu.externaltools.gnu-tools-for-stm32.10.3-2021.10.win32_1.0.100.202210260954/tools/bin/../lib/gcc/arm-none-eabi/10.3.1/thumb/v7e-m+fp/hard/crtn.o
                0x0000000020010000                _estack = (ORIGIN (RAM) + LENGTH (RAM))
                0x0000000000000200                _Min_Heap_Size = 0x200
                0x0000000000000400                _Min_Stack_Size = 0x400

.isr_vector     0x0000000008000000      0x18c
                0x0000000008000000                . = ALIGN (0x4)
 *(.isr_vector)
 .isr_vector    0x0000000008000000      0x18c ./Core/Startup/startup_stm32l431rctx.o
                0x0000000008000000                g_pfnVectors
                0x000000000800018c                . = ALIGN (0x4)

.text           0x0000000008000190     0xac54
                0x0000000008000190                . = ALIGN (0x4)
 *(.text)
 .text          0x0000000008000190       0x40 c:/st/stm32cubeide_1.11.2/stm32cubeide/plugins/com.st.stm32cube.ide.mcu.externaltools.gnu-tools-for-stm32.10.3-2021.10.win32_1.0.100.202210260954/tools/bin/../lib/gcc/arm-none-eabi/10.3.1/thumb/v7e-m+fp/hard/crtbegin.o
 .text          0x00000000080001d0       0x10 c:/st/stm32cubeide_1.11.2/stm32cubeide/plugins/com.st.stm32cube.ide.mcu.externaltools.gnu-tools-for-stm32.10.3-2021.10.win32_1.0.100.202210260954/tools/bin/../lib/gcc/arm-none-eabi/10.3.1/../../../../arm-none-eabi/lib/thumb/v7e-m+fp/hard\libc_nano.a(lib_a-strlen.o)
                0x00000000080001d0                strlen
 .text          0x00000000080001e0       0x30 c:/st/stm32cubeide_1.11.2/stm32cubeide/plugins/com.st.stm32cube.ide.mcu.externaltools.gnu-tools-for-stm32.10.3-2021.10.win32_1.0.100.202210260954/tools/bin/../lib/gcc/arm-none-eabi/10.3.1/thumb/v7e-m+fp/hard\libgcc.a(_aeabi_uldivmod.o)
                0x00000000080001e0                __aeabi_uldivmod
 .text          0x0000000008000210      0x2d0 c:/st/stm32cubeide_1.11.2/stm32cubeide/plugins/com.st.stm32cube.ide.mcu.externaltools.gnu-tools-for-stm32.10.3-2021.10.win32_1.0.100.202210260954/tools/bin/../lib/gcc/arm-none-eabi/10.3.1/thumb/v7e-m+fp/hard\libgcc.a(_udivmoddi4.o)
                0x0000000008000210                __udivmoddi4
 .text          0x00000000080004e0        0x4 c:/st/stm32cubeide_1.11.2/stm32cubeide/plugins/com.st.stm32cube.ide.mcu.externaltools.gnu-tools-for-stm32.10.3-2021.10.win32_1.0.100.202210260954/tools/bin/../lib/gcc/arm-none-eabi/10.3.1/thumb/v7e-m+fp/hard\libgcc.a(_dvmd_tls.o)
                0x00000000080004e0                __aeabi_idiv0
                0x00000000080004e0                __aeabi_ldiv0
 *(.text*)
 .text.configureTimerForRunTimeStats
                0x00000000080004e4        0xe ./Core/Src/freertos.o
                0x00000000080004e4                configureTimerForRunTimeStats
 .text.getRunTimeCounterValue
                0x00000000080004f2       0x10 ./Core/Src/freertos.o
                0x00000000080004f2                getRunTimeCounterValue
 *fill*         0x0000000008000502        0x2 
 .text.main     0x0000000008000504       0x68 ./Core/Src/main.o
                0x0000000008000504                main
 .text.SystemClock_Config
                0x000000000800056c       0x9e ./Core/Src/main.o
                0x000000000800056c                SystemClock_Config
 *fill*         0x000000000800060a        0x2 
 .text.MX_ADC1_Init
                0x000000000800060c       0xc8 ./Core/Src/main.o
 .text.MX_CAN1_Init
                0x00000000080006d4       0x6c ./Core/Src/main.o
 .text.MX_TIM1_Init
                0x0000000008000740      0x158 ./Core/Src/main.o
 .text.MX_TIM2_Init
                0x0000000008000898      0x104 ./Core/Src/main.o
 .text.MX_USART1_UART_Init
                0x000000000800099c       0x60 ./Core/Src/main.o
 .text.MX_GPIO_Init
                0x00000000080009fc      0x180 ./Core/Src/main.o
 .text.HAL_TIM_PeriodElapsedCallback
                0x0000000008000b7c       0x24 ./Core/Src/main.o
                0x0000000008000b7c                HAL_TIM_PeriodElapsedCallback
 .text.Error_Handler
                0x0000000008000ba0        0xa ./Core/Src/main.o
                0x0000000008000ba0                Error_Handler
 .text.emergency_stop_task
                0x0000000008000baa       0x58 ./Core/Src/requirements.o
                0x0000000008000baa                emergency_stop_task
 *fill*         0x0000000008000c02        0x2 
 .text.hb_task  0x0000000008000c04       0x3c ./Core/Src/requirements.o
                0x0000000008000c04                hb_task
 .text.drive_mode_task
                0x0000000008000c40       0x8c ./Core/Src/requirements.o
                0x0000000008000c40                drive_mode_task
 .text.xbox_task
                0x0000000008000ccc       0x8c ./Core/Src/requirements.o
                0x0000000008000ccc                xbox_task
 .text.init_requirements_task
                0x0000000008000d58       0x78 ./Core/Src/requirements.o
                0x0000000008000d58                init_requirements_task
 .text.HAL_MspInit
                0x0000000008000dd0       0x50 ./Core/Src/stm32l4xx_hal_msp.o
                0x0000000008000dd0                HAL_MspInit
 .text.HAL_ADC_MspInit
                0x0000000008000e20       0xcc ./Core/Src/stm32l4xx_hal_msp.o
                0x0000000008000e20                HAL_ADC_MspInit
 .text.HAL_CAN_MspInit
                0x0000000008000eec       0x88 ./Core/Src/stm32l4xx_hal_msp.o
                0x0000000008000eec                HAL_CAN_MspInit
 .text.HAL_TIM_Base_MspInit
                0x0000000008000f74       0x64 ./Core/Src/stm32l4xx_hal_msp.o
                0x0000000008000f74                HAL_TIM_Base_MspInit
 .text.HAL_TIM_MspPostInit
                0x0000000008000fd8       0xf4 ./Core/Src/stm32l4xx_hal_msp.o
                0x0000000008000fd8                HAL_TIM_MspPostInit
 .text.HAL_UART_MspInit
                0x00000000080010cc       0xb0 ./Core/Src/stm32l4xx_hal_msp.o
                0x00000000080010cc                HAL_UART_MspInit
 .text.HAL_InitTick
                0x000000000800117c       0xf4 ./Core/Src/stm32l4xx_hal_timebase_tim.o
                0x000000000800117c                HAL_InitTick
 .text.NMI_Handler
                0x0000000008001270        0x6 ./Core/Src/stm32l4xx_it.o
                0x0000000008001270                NMI_Handler
 .text.HardFault_Handler
                0x0000000008001276        0x6 ./Core/Src/stm32l4xx_it.o
                0x0000000008001276                HardFault_Handler
 .text.MemManage_Handler
                0x000000000800127c        0x6 ./Core/Src/stm32l4xx_it.o
                0x000000000800127c                MemManage_Handler
 .text.BusFault_Handler
                0x0000000008001282        0x6 ./Core/Src/stm32l4xx_it.o
                0x0000000008001282                BusFault_Handler
 .text.UsageFault_Handler
                0x0000000008001288        0x6 ./Core/Src/stm32l4xx_it.o
                0x0000000008001288                UsageFault_Handler
 .text.DebugMon_Handler
                0x000000000800128e        0xe ./Core/Src/stm32l4xx_it.o
                0x000000000800128e                DebugMon_Handler
 .text.TIM6_DAC_IRQHandler
                0x000000000800129c       0x14 ./Core/Src/stm32l4xx_it.o
                0x000000000800129c                TIM6_DAC_IRQHandler
 .text.SystemInit
                0x00000000080012b0       0x24 ./Core/Src/system_stm32l4xx.o
                0x00000000080012b0                SystemInit
 .text.Reset_Handler
                0x00000000080012d4       0x50 ./Core/Startup/startup_stm32l431rctx.o
                0x00000000080012d4                Reset_Handler
 .text.Default_Handler
                0x0000000008001324        0x2 ./Core/Startup/startup_stm32l431rctx.o
                0x0000000008001324                RTC_Alarm_IRQHandler
                0x0000000008001324                EXTI2_IRQHandler
                0x0000000008001324                TIM1_CC_IRQHandler
                0x0000000008001324                TSC_IRQHandler
                0x0000000008001324                TAMP_STAMP_IRQHandler
                0x0000000008001324                EXTI3_IRQHandler
                0x0000000008001324                LPTIM2_IRQHandler
                0x0000000008001324                I2C3_ER_IRQHandler
                0x0000000008001324                EXTI0_IRQHandler
                0x0000000008001324                I2C2_EV_IRQHandler
                0x0000000008001324                CAN1_RX0_IRQHandler
                0x0000000008001324                FPU_IRQHandler
                0x0000000008001324                TIM1_UP_TIM16_IRQHandler
                0x0000000008001324                SPI1_IRQHandler
                0x0000000008001324                DMA2_Channel2_IRQHandler
                0x0000000008001324                DMA1_Channel4_IRQHandler
                0x0000000008001324                ADC1_IRQHandler
                0x0000000008001324                USART3_IRQHandler
                0x0000000008001324                DMA1_Channel7_IRQHandler
                0x0000000008001324                CAN1_RX1_IRQHandler
                0x0000000008001324                DMA2_Channel1_IRQHandler
                0x0000000008001324                QUADSPI_IRQHandler
                0x0000000008001324                I2C1_EV_IRQHandler
                0x0000000008001324                DMA1_Channel6_IRQHandler
                0x0000000008001324                DMA2_Channel4_IRQHandler
                0x0000000008001324                RCC_IRQHandler
                0x0000000008001324                TIM1_TRG_COM_IRQHandler
                0x0000000008001324                DMA1_Channel1_IRQHandler
                0x0000000008001324                Default_Handler
                0x0000000008001324                DMA2_Channel7_IRQHandler
                0x0000000008001324                EXTI15_10_IRQHandler
                0x0000000008001324                TIM7_IRQHandler
                0x0000000008001324                SDMMC1_IRQHandler
                0x0000000008001324                I2C3_EV_IRQHandler
                0x0000000008001324                EXTI9_5_IRQHandler
                0x0000000008001324                RTC_WKUP_IRQHandler
                0x0000000008001324                PVD_PVM_IRQHandler
                0x0000000008001324                SPI2_IRQHandler
                0x0000000008001324                CAN1_TX_IRQHandler
                0x0000000008001324                DMA2_Channel5_IRQHandler
                0x0000000008001324                CRS_IRQHandler
                0x0000000008001324                DMA1_Channel5_IRQHandler
                0x0000000008001324                EXTI4_IRQHandler
                0x0000000008001324                RNG_IRQHandler
                0x0000000008001324                DMA1_Channel3_IRQHandler
                0x0000000008001324                COMP_IRQHandler
                0x0000000008001324                WWDG_IRQHandler
                0x0000000008001324                LPUART1_IRQHandler
                0x0000000008001324                DMA2_Channel6_IRQHandler
                0x0000000008001324                TIM2_IRQHandler
                0x0000000008001324                EXTI1_IRQHandler
                0x0000000008001324                USART2_IRQHandler
                0x0000000008001324                I2C2_ER_IRQHandler
                0x0000000008001324                DMA1_Channel2_IRQHandler
                0x0000000008001324                CAN1_SCE_IRQHandler
                0x0000000008001324                FLASH_IRQHandler
                0x0000000008001324                USART1_IRQHandler
                0x0000000008001324                SPI3_IRQHandler
                0x0000000008001324                I2C1_ER_IRQHandler
                0x0000000008001324                SWPMI1_IRQHandler
                0x0000000008001324                LPTIM1_IRQHandler
                0x0000000008001324                SAI1_IRQHandler
                0x0000000008001324                DMA2_Channel3_IRQHandler
                0x0000000008001324                TIM1_BRK_TIM15_IRQHandler
 .text.HAL_Init
                0x0000000008001326       0x30 ./Drivers/STM32L4xx_HAL_Driver/Src/stm32l4xx_hal.o
                0x0000000008001326                HAL_Init
 *fill*         0x0000000008001356        0x2 
 .text.HAL_IncTick
                0x0000000008001358       0x28 ./Drivers/STM32L4xx_HAL_Driver/Src/stm32l4xx_hal.o
                0x0000000008001358                HAL_IncTick
 .text.HAL_GetTick
                0x0000000008001380       0x18 ./Drivers/STM32L4xx_HAL_Driver/Src/stm32l4xx_hal.o
                0x0000000008001380                HAL_GetTick
 .text.LL_ADC_SetCommonClock
                0x0000000008001398       0x26 ./Drivers/STM32L4xx_HAL_Driver/Src/stm32l4xx_hal_adc.o
 .text.LL_ADC_SetCommonPathInternalCh
                0x00000000080013be       0x26 ./Drivers/STM32L4xx_HAL_Driver/Src/stm32l4xx_hal_adc.o
 .text.LL_ADC_GetCommonPathInternalCh
                0x00000000080013e4       0x1c ./Drivers/STM32L4xx_HAL_Driver/Src/stm32l4xx_hal_adc.o
 .text.LL_ADC_SetOffset
                0x0000000008001400       0x48 ./Drivers/STM32L4xx_HAL_Driver/Src/stm32l4xx_hal_adc.o
 .text.LL_ADC_GetOffsetChannel
                0x0000000008001448       0x2c ./Drivers/STM32L4xx_HAL_Driver/Src/stm32l4xx_hal_adc.o
 .text.LL_ADC_SetOffsetState
                0x0000000008001474       0x36 ./Drivers/STM32L4xx_HAL_Driver/Src/stm32l4xx_hal_adc.o
 .text.LL_ADC_REG_SetSequencerRanks
                0x00000000080014aa       0x58 ./Drivers/STM32L4xx_HAL_Driver/Src/stm32l4xx_hal_adc.o
 .text.LL_ADC_SetChannelSamplingTime
                0x0000000008001502       0x56 ./Drivers/STM32L4xx_HAL_Driver/Src/stm32l4xx_hal_adc.o
 .text.LL_ADC_SetChannelSingleDiff
                0x0000000008001558       0x48 ./Drivers/STM32L4xx_HAL_Driver/Src/stm32l4xx_hal_adc.o
 .text.LL_ADC_DisableDeepPowerDown
                0x00000000080015a0       0x24 ./Drivers/STM32L4xx_HAL_Driver/Src/stm32l4xx_hal_adc.o
 .text.LL_ADC_IsDeepPowerDownEnabled
                0x00000000080015c4       0x28 ./Drivers/STM32L4xx_HAL_Driver/Src/stm32l4xx_hal_adc.o
 .text.LL_ADC_EnableInternalRegulator
                0x00000000080015ec       0x28 ./Drivers/STM32L4xx_HAL_Driver/Src/stm32l4xx_hal_adc.o
 .text.LL_ADC_IsInternalRegulatorEnabled
                0x0000000008001614       0x28 ./Drivers/STM32L4xx_HAL_Driver/Src/stm32l4xx_hal_adc.o
 .text.LL_ADC_IsEnabled
                0x000000000800163c       0x26 ./Drivers/STM32L4xx_HAL_Driver/Src/stm32l4xx_hal_adc.o
 .text.LL_ADC_REG_IsConversionOngoing
                0x0000000008001662       0x26 ./Drivers/STM32L4xx_HAL_Driver/Src/stm32l4xx_hal_adc.o
 .text.LL_ADC_INJ_IsConversionOngoing
                0x0000000008001688       0x26 ./Drivers/STM32L4xx_HAL_Driver/Src/stm32l4xx_hal_adc.o
 *fill*         0x00000000080016ae        0x2 
 .text.HAL_ADC_Init
                0x00000000080016b0      0x290 ./Drivers/STM32L4xx_HAL_Driver/Src/stm32l4xx_hal_adc.o
                0x00000000080016b0                HAL_ADC_Init
 .text.HAL_ADC_ConfigChannel
                0x0000000008001940      0x7c0 ./Drivers/STM32L4xx_HAL_Driver/Src/stm32l4xx_hal_adc.o
                0x0000000008001940                HAL_ADC_ConfigChannel
 .text.HAL_CAN_Init
                0x0000000008002100      0x1f6 ./Drivers/STM32L4xx_HAL_Driver/Src/stm32l4xx_hal_can.o
                0x0000000008002100                HAL_CAN_Init
 .text.HAL_CAN_ConfigFilter
                0x00000000080022f6      0x194 ./Drivers/STM32L4xx_HAL_Driver/Src/stm32l4xx_hal_can.o
                0x00000000080022f6                HAL_CAN_ConfigFilter
 .text.HAL_CAN_Start
                0x000000000800248a       0x88 ./Drivers/STM32L4xx_HAL_Driver/Src/stm32l4xx_hal_can.o
                0x000000000800248a                HAL_CAN_Start
 .text.HAL_CAN_AddTxMessage
                0x0000000008002512      0x1a0 ./Drivers/STM32L4xx_HAL_Driver/Src/stm32l4xx_hal_can.o
                0x0000000008002512                HAL_CAN_AddTxMessage
 .text.HAL_CAN_GetTxMailboxesFreeLevel
                0x00000000080026b2       0x6a ./Drivers/STM32L4xx_HAL_Driver/Src/stm32l4xx_hal_can.o
                0x00000000080026b2                HAL_CAN_GetTxMailboxesFreeLevel
 .text.HAL_CAN_GetRxMessage
                0x000000000800271c      0x224 ./Drivers/STM32L4xx_HAL_Driver/Src/stm32l4xx_hal_can.o
                0x000000000800271c                HAL_CAN_GetRxMessage
 .text.HAL_CAN_GetRxFifoFillLevel
                0x0000000008002940       0x50 ./Drivers/STM32L4xx_HAL_Driver/Src/stm32l4xx_hal_can.o
                0x0000000008002940                HAL_CAN_GetRxFifoFillLevel
 .text.HAL_CAN_ActivateNotification
                0x0000000008002990       0x4c ./Drivers/STM32L4xx_HAL_Driver/Src/stm32l4xx_hal_can.o
                0x0000000008002990                HAL_CAN_ActivateNotification
 .text.__NVIC_SetPriorityGrouping
                0x00000000080029dc       0x48 ./Drivers/STM32L4xx_HAL_Driver/Src/stm32l4xx_hal_cortex.o
 .text.__NVIC_GetPriorityGrouping
                0x0000000008002a24       0x1c ./Drivers/STM32L4xx_HAL_Driver/Src/stm32l4xx_hal_cortex.o
 .text.__NVIC_EnableIRQ
                0x0000000008002a40       0x3c ./Drivers/STM32L4xx_HAL_Driver/Src/stm32l4xx_hal_cortex.o
 .text.__NVIC_SetPriority
                0x0000000008002a7c       0x54 ./Drivers/STM32L4xx_HAL_Driver/Src/stm32l4xx_hal_cortex.o
 .text.NVIC_EncodePriority
                0x0000000008002ad0       0x66 ./Drivers/STM32L4xx_HAL_Driver/Src/stm32l4xx_hal_cortex.o
 .text.HAL_NVIC_SetPriorityGrouping
                0x0000000008002b36       0x16 ./Drivers/STM32L4xx_HAL_Driver/Src/stm32l4xx_hal_cortex.o
                0x0000000008002b36                HAL_NVIC_SetPriorityGrouping
 .text.HAL_NVIC_SetPriority
                0x0000000008002b4c       0x38 ./Drivers/STM32L4xx_HAL_Driver/Src/stm32l4xx_hal_cortex.o
                0x0000000008002b4c                HAL_NVIC_SetPriority
 .text.HAL_NVIC_EnableIRQ
                0x0000000008002b84       0x1c ./Drivers/STM32L4xx_HAL_Driver/Src/stm32l4xx_hal_cortex.o
                0x0000000008002b84                HAL_NVIC_EnableIRQ
 .text.HAL_GPIO_Init
                0x0000000008002ba0      0x2f4 ./Drivers/STM32L4xx_HAL_Driver/Src/stm32l4xx_hal_gpio.o
                0x0000000008002ba0                HAL_GPIO_Init
 .text.HAL_GPIO_ReadPin
                0x0000000008002e94       0x30 ./Drivers/STM32L4xx_HAL_Driver/Src/stm32l4xx_hal_gpio.o
                0x0000000008002e94                HAL_GPIO_ReadPin
 .text.HAL_GPIO_WritePin
                0x0000000008002ec4       0x30 ./Drivers/STM32L4xx_HAL_Driver/Src/stm32l4xx_hal_gpio.o
                0x0000000008002ec4                HAL_GPIO_WritePin
 .text.HAL_GPIO_TogglePin
                0x0000000008002ef4       0x34 ./Drivers/STM32L4xx_HAL_Driver/Src/stm32l4xx_hal_gpio.o
                0x0000000008002ef4                HAL_GPIO_TogglePin
 .text.HAL_PWREx_GetVoltageRange
                0x0000000008002f28       0x1c ./Drivers/STM32L4xx_HAL_Driver/Src/stm32l4xx_hal_pwr_ex.o
                0x0000000008002f28                HAL_PWREx_GetVoltageRange
 .text.HAL_PWREx_ControlVoltageScaling
                0x0000000008002f44       0xac ./Drivers/STM32L4xx_HAL_Driver/Src/stm32l4xx_hal_pwr_ex.o
                0x0000000008002f44                HAL_PWREx_ControlVoltageScaling
 .text.HAL_RCC_OscConfig
                0x0000000008002ff0      0x828 ./Drivers/STM32L4xx_HAL_Driver/Src/stm32l4xx_hal_rcc.o
                0x0000000008002ff0                HAL_RCC_OscConfig
 .text.HAL_RCC_ClockConfig
                0x0000000008003818      0x200 ./Drivers/STM32L4xx_HAL_Driver/Src/stm32l4xx_hal_rcc.o
                0x0000000008003818                HAL_RCC_ClockConfig
 .text.HAL_RCC_GetSysClockFreq
                0x0000000008003a18      0x114 ./Drivers/STM32L4xx_HAL_Driver/Src/stm32l4xx_hal_rcc.o
                0x0000000008003a18                HAL_RCC_GetSysClockFreq
 .text.HAL_RCC_GetHCLKFreq
                0x0000000008003b2c       0x18 ./Drivers/STM32L4xx_HAL_Driver/Src/stm32l4xx_hal_rcc.o
                0x0000000008003b2c                HAL_RCC_GetHCLKFreq
 .text.HAL_RCC_GetPCLK1Freq
                0x0000000008003b44       0x2c ./Drivers/STM32L4xx_HAL_Driver/Src/stm32l4xx_hal_rcc.o
                0x0000000008003b44                HAL_RCC_GetPCLK1Freq
 .text.HAL_RCC_GetPCLK2Freq
                0x0000000008003b70       0x2c ./Drivers/STM32L4xx_HAL_Driver/Src/stm32l4xx_hal_rcc.o
                0x0000000008003b70                HAL_RCC_GetPCLK2Freq
 .text.HAL_RCC_GetClockConfig
                0x0000000008003b9c       0x64 ./Drivers/STM32L4xx_HAL_Driver/Src/stm32l4xx_hal_rcc.o
                0x0000000008003b9c                HAL_RCC_GetClockConfig
 .text.RCC_SetFlashLatencyFromMSIRange
                0x0000000008003c00       0xc0 ./Drivers/STM32L4xx_HAL_Driver/Src/stm32l4xx_hal_rcc.o
 .text.HAL_RCCEx_PeriphCLKConfig
                0x0000000008003cc0      0x430 ./Drivers/STM32L4xx_HAL_Driver/Src/stm32l4xx_hal_rcc_ex.o
                0x0000000008003cc0                HAL_RCCEx_PeriphCLKConfig
 .text.RCCEx_PLLSAI1_Config
                0x00000000080040f0      0x1e4 ./Drivers/STM32L4xx_HAL_Driver/Src/stm32l4xx_hal_rcc_ex.o
 .text.HAL_TIM_Base_Init
                0x00000000080042d4       0xae ./Drivers/STM32L4xx_HAL_Driver/Src/stm32l4xx_hal_tim.o
                0x00000000080042d4                HAL_TIM_Base_Init
 *fill*         0x0000000008004382        0x2 
 .text.HAL_TIM_Base_Start_IT
                0x0000000008004384       0xa8 ./Drivers/STM32L4xx_HAL_Driver/Src/stm32l4xx_hal_tim.o
                0x0000000008004384                HAL_TIM_Base_Start_IT
 .text.HAL_TIM_PWM_Init
                0x000000000800442c       0xae ./Drivers/STM32L4xx_HAL_Driver/Src/stm32l4xx_hal_tim.o
                0x000000000800442c                HAL_TIM_PWM_Init
 .text.HAL_TIM_PWM_MspInit
                0x00000000080044da       0x14 ./Drivers/STM32L4xx_HAL_Driver/Src/stm32l4xx_hal_tim.o
                0x00000000080044da                HAL_TIM_PWM_MspInit
 *fill*         0x00000000080044ee        0x2 
 .text.HAL_TIM_PWM_Start
                0x00000000080044f0      0x1bc ./Drivers/STM32L4xx_HAL_Driver/Src/stm32l4xx_hal_tim.o
                0x00000000080044f0                HAL_TIM_PWM_Start
 .text.HAL_TIM_PWM_Stop
                0x00000000080046ac      0x110 ./Drivers/STM32L4xx_HAL_Driver/Src/stm32l4xx_hal_tim.o
                0x00000000080046ac                HAL_TIM_PWM_Stop
 .text.HAL_TIM_IRQHandler
                0x00000000080047bc      0x23e ./Drivers/STM32L4xx_HAL_Driver/Src/stm32l4xx_hal_tim.o
                0x00000000080047bc                HAL_TIM_IRQHandler
 *fill*         0x00000000080049fa        0x2 
 .text.HAL_TIM_PWM_ConfigChannel
                0x00000000080049fc      0x228 ./Drivers/STM32L4xx_HAL_Driver/Src/stm32l4xx_hal_tim.o
                0x00000000080049fc                HAL_TIM_PWM_ConfigChannel
 .text.HAL_TIM_ConfigClockSource
                0x0000000008004c24      0x192 ./Drivers/STM32L4xx_HAL_Driver/Src/stm32l4xx_hal_tim.o
                0x0000000008004c24                HAL_TIM_ConfigClockSource
 .text.HAL_TIM_OC_DelayElapsedCallback
                0x0000000008004db6       0x14 ./Drivers/STM32L4xx_HAL_Driver/Src/stm32l4xx_hal_tim.o
                0x0000000008004db6                HAL_TIM_OC_DelayElapsedCallback
 .text.HAL_TIM_IC_CaptureCallback
                0x0000000008004dca       0x14 ./Drivers/STM32L4xx_HAL_Driver/Src/stm32l4xx_hal_tim.o
                0x0000000008004dca                HAL_TIM_IC_CaptureCallback
 .text.HAL_TIM_PWM_PulseFinishedCallback
                0x0000000008004dde       0x14 ./Drivers/STM32L4xx_HAL_Driver/Src/stm32l4xx_hal_tim.o
                0x0000000008004dde                HAL_TIM_PWM_PulseFinishedCallback
 .text.HAL_TIM_TriggerCallback
                0x0000000008004df2       0x14 ./Drivers/STM32L4xx_HAL_Driver/Src/stm32l4xx_hal_tim.o
                0x0000000008004df2                HAL_TIM_TriggerCallback
 *fill*         0x0000000008004e06        0x2 
 .text.TIM_Base_SetConfig
                0x0000000008004e08       0xc8 ./Drivers/STM32L4xx_HAL_Driver/Src/stm32l4xx_hal_tim.o
                0x0000000008004e08                TIM_Base_SetConfig
 .text.TIM_OC1_SetConfig
                0x0000000008004ed0       0xf8 ./Drivers/STM32L4xx_HAL_Driver/Src/stm32l4xx_hal_tim.o
 .text.TIM_OC2_SetConfig
                0x0000000008004fc8       0xf4 ./Drivers/STM32L4xx_HAL_Driver/Src/stm32l4xx_hal_tim.o
                0x0000000008004fc8                TIM_OC2_SetConfig
 .text.TIM_OC3_SetConfig
                0x00000000080050bc       0xf0 ./Drivers/STM32L4xx_HAL_Driver/Src/stm32l4xx_hal_tim.o
 .text.TIM_OC4_SetConfig
                0x00000000080051ac       0xbc ./Drivers/STM32L4xx_HAL_Driver/Src/stm32l4xx_hal_tim.o
 .text.TIM_OC5_SetConfig
                0x0000000008005268       0xb0 ./Drivers/STM32L4xx_HAL_Driver/Src/stm32l4xx_hal_tim.o
 .text.TIM_OC6_SetConfig
                0x0000000008005318       0xb4 ./Drivers/STM32L4xx_HAL_Driver/Src/stm32l4xx_hal_tim.o
 .text.TIM_TI1_ConfigInputStage
                0x00000000080053cc       0x5e ./Drivers/STM32L4xx_HAL_Driver/Src/stm32l4xx_hal_tim.o
 .text.TIM_TI2_ConfigInputStage
                0x000000000800542a       0x60 ./Drivers/STM32L4xx_HAL_Driver/Src/stm32l4xx_hal_tim.o
 .text.TIM_ITRx_SetConfig
                0x000000000800548a       0x36 ./Drivers/STM32L4xx_HAL_Driver/Src/stm32l4xx_hal_tim.o
 .text.TIM_ETR_SetConfig
                0x00000000080054c0       0x40 ./Drivers/STM32L4xx_HAL_Driver/Src/stm32l4xx_hal_tim.o
                0x00000000080054c0                TIM_ETR_SetConfig
 .text.TIM_CCxChannelCmd
                0x0000000008005500       0x4a ./Drivers/STM32L4xx_HAL_Driver/Src/stm32l4xx_hal_tim.o
                0x0000000008005500                TIM_CCxChannelCmd
 *fill*         0x000000000800554a        0x2 
 .text.HAL_TIMEx_MasterConfigSynchronization
                0x000000000800554c       0xcc ./Drivers/STM32L4xx_HAL_Driver/Src/stm32l4xx_hal_tim_ex.o
                0x000000000800554c                HAL_TIMEx_MasterConfigSynchronization
 .text.HAL_TIMEx_ConfigBreakDeadTime
                0x0000000008005618       0xf0 ./Drivers/STM32L4xx_HAL_Driver/Src/stm32l4xx_hal_tim_ex.o
                0x0000000008005618                HAL_TIMEx_ConfigBreakDeadTime
 .text.HAL_TIMEx_CommutCallback
                0x0000000008005708       0x14 ./Drivers/STM32L4xx_HAL_Driver/Src/stm32l4xx_hal_tim_ex.o
                0x0000000008005708                HAL_TIMEx_CommutCallback
 .text.HAL_TIMEx_BreakCallback
                0x000000000800571c       0x14 ./Drivers/STM32L4xx_HAL_Driver/Src/stm32l4xx_hal_tim_ex.o
                0x000000000800571c                HAL_TIMEx_BreakCallback
 .text.HAL_TIMEx_Break2Callback
                0x0000000008005730       0x14 ./Drivers/STM32L4xx_HAL_Driver/Src/stm32l4xx_hal_tim_ex.o
                0x0000000008005730                HAL_TIMEx_Break2Callback
 .text.HAL_UART_Init
                0x0000000008005744       0x9c ./Drivers/STM32L4xx_HAL_Driver/Src/stm32l4xx_hal_uart.o
                0x0000000008005744                HAL_UART_Init
 .text.UART_SetConfig
                0x00000000080057e0      0x4b4 ./Drivers/STM32L4xx_HAL_Driver/Src/stm32l4xx_hal_uart.o
                0x00000000080057e0                UART_SetConfig
 .text.UART_AdvFeatureConfig
                0x0000000008005c94      0x144 ./Drivers/STM32L4xx_HAL_Driver/Src/stm32l4xx_hal_uart.o
                0x0000000008005c94                UART_AdvFeatureConfig
 .text.UART_CheckIdleState
                0x0000000008005dd8       0x92 ./Drivers/STM32L4xx_HAL_Driver/Src/stm32l4xx_hal_uart.o
                0x0000000008005dd8                UART_CheckIdleState
 .text.UART_WaitOnFlagUntilTimeout
                0x0000000008005e6a      0x188 ./Drivers/STM32L4xx_HAL_Driver/Src/stm32l4xx_hal_uart.o
                0x0000000008005e6a                UART_WaitOnFlagUntilTimeout
 *fill*         0x0000000008005ff2        0x2 
 .text.__NVIC_SetPriority
                0x0000000008005ff4       0x54 ./Middlewares/Third_Party/FreeRTOS/Source/CMSIS_RTOS_V2/cmsis_os2.o
 .text.SysTick_Handler
                0x0000000008006048       0x20 ./Middlewares/Third_Party/FreeRTOS/Source/CMSIS_RTOS_V2/cmsis_os2.o
                0x0000000008006048                SysTick_Handler
 .text.SVC_Setup
                0x0000000008006068       0x12 ./Middlewares/Third_Party/FreeRTOS/Source/CMSIS_RTOS_V2/cmsis_os2.o
 *fill*         0x000000000800607a        0x2 
 .text.osKernelInitialize
                0x000000000800607c       0x48 ./Middlewares/Third_Party/FreeRTOS/Source/CMSIS_RTOS_V2/cmsis_os2.o
                0x000000000800607c                osKernelInitialize
 .text.osKernelStart
                0x00000000080060c4       0x4c ./Middlewares/Third_Party/FreeRTOS/Source/CMSIS_RTOS_V2/cmsis_os2.o
                0x00000000080060c4                osKernelStart
 .text.osThreadNew
                0x0000000008006110      0x124 ./Middlewares/Third_Party/FreeRTOS/Source/CMSIS_RTOS_V2/cmsis_os2.o
                0x0000000008006110                osThreadNew
 .text.osDelay  0x0000000008006234       0x36 ./Middlewares/Third_Party/FreeRTOS/Source/CMSIS_RTOS_V2/cmsis_os2.o
                0x0000000008006234                osDelay
 .text.osMutexNew
                0x000000000800626a      0x10c ./Middlewares/Third_Party/FreeRTOS/Source/CMSIS_RTOS_V2/cmsis_os2.o
                0x000000000800626a                osMutexNew
 .text.osMutexAcquire
                0x0000000008006376       0x96 ./Middlewares/Third_Party/FreeRTOS/Source/CMSIS_RTOS_V2/cmsis_os2.o
                0x0000000008006376                osMutexAcquire
 .text.osMutexRelease
                0x000000000800640c       0x7a ./Middlewares/Third_Party/FreeRTOS/Source/CMSIS_RTOS_V2/cmsis_os2.o
                0x000000000800640c                osMutexRelease
 .text.osMessageQueueNew
                0x0000000008006486       0xe6 ./Middlewares/Third_Party/FreeRTOS/Source/CMSIS_RTOS_V2/cmsis_os2.o
                0x0000000008006486                osMessageQueueNew
 .text.osMessageQueuePut
                0x000000000800656c       0xc0 ./Middlewares/Third_Party/FreeRTOS/Source/CMSIS_RTOS_V2/cmsis_os2.o
                0x000000000800656c                osMessageQueuePut
 .text.osMessageQueueGet
                0x000000000800662c       0xbc ./Middlewares/Third_Party/FreeRTOS/Source/CMSIS_RTOS_V2/cmsis_os2.o
                0x000000000800662c                osMessageQueueGet
 .text.vApplicationGetIdleTaskMemory
                0x00000000080066e8       0x34 ./Middlewares/Third_Party/FreeRTOS/Source/CMSIS_RTOS_V2/cmsis_os2.o
                0x00000000080066e8                vApplicationGetIdleTaskMemory
 .text.vApplicationGetTimerTaskMemory
                0x000000000800671c       0x34 ./Middlewares/Third_Party/FreeRTOS/Source/CMSIS_RTOS_V2/cmsis_os2.o
                0x000000000800671c                vApplicationGetTimerTaskMemory
 .text.vListInitialise
                0x0000000008006750       0x40 ./Middlewares/Third_Party/FreeRTOS/Source/list.o
                0x0000000008006750                vListInitialise
 .text.vListInitialiseItem
                0x0000000008006790       0x1a ./Middlewares/Third_Party/FreeRTOS/Source/list.o
                0x0000000008006790                vListInitialiseItem
 .text.vListInsertEnd
                0x00000000080067aa       0x48 ./Middlewares/Third_Party/FreeRTOS/Source/list.o
                0x00000000080067aa                vListInsertEnd
 .text.vListInsert
                0x00000000080067f2       0x72 ./Middlewares/Third_Party/FreeRTOS/Source/list.o
                0x00000000080067f2                vListInsert
 .text.uxListRemove
                0x0000000008006864       0x54 ./Middlewares/Third_Party/FreeRTOS/Source/list.o
                0x0000000008006864                uxListRemove
 .text.xQueueGenericReset
                0x00000000080068b8       0xd0 ./Middlewares/Third_Party/FreeRTOS/Source/queue.o
                0x00000000080068b8                xQueueGenericReset
 .text.xQueueGenericCreateStatic
                0x0000000008006988       0xf0 ./Middlewares/Third_Party/FreeRTOS/Source/queue.o
                0x0000000008006988                xQueueGenericCreateStatic
 .text.xQueueGenericCreate
                0x0000000008006a78       0x74 ./Middlewares/Third_Party/FreeRTOS/Source/queue.o
                0x0000000008006a78                xQueueGenericCreate
 .text.prvInitialiseNewQueue
                0x0000000008006aec       0x46 ./Middlewares/Third_Party/FreeRTOS/Source/queue.o
 .text.prvInitialiseMutex
                0x0000000008006b32       0x34 ./Middlewares/Third_Party/FreeRTOS/Source/queue.o
 .text.xQueueCreateMutex
                0x0000000008006b66       0x30 ./Middlewares/Third_Party/FreeRTOS/Source/queue.o
                0x0000000008006b66                xQueueCreateMutex
 .text.xQueueCreateMutexStatic
                0x0000000008006b96       0x36 ./Middlewares/Third_Party/FreeRTOS/Source/queue.o
                0x0000000008006b96                xQueueCreateMutexStatic
 .text.xQueueGiveMutexRecursive
                0x0000000008006bcc       0x68 ./Middlewares/Third_Party/FreeRTOS/Source/queue.o
                0x0000000008006bcc                xQueueGiveMutexRecursive
 .text.xQueueTakeMutexRecursive
                0x0000000008006c34       0x6c ./Middlewares/Third_Party/FreeRTOS/Source/queue.o
                0x0000000008006c34                xQueueTakeMutexRecursive
 .text.xQueueGenericSend
                0x0000000008006ca0      0x1fc ./Middlewares/Third_Party/FreeRTOS/Source/queue.o
                0x0000000008006ca0                xQueueGenericSend
 .text.xQueueGenericSendFromISR
                0x0000000008006e9c      0x136 ./Middlewares/Third_Party/FreeRTOS/Source/queue.o
                0x0000000008006e9c                xQueueGenericSendFromISR
 *fill*         0x0000000008006fd2        0x2 
 .text.xQueueReceive
                0x0000000008006fd4      0x1c0 ./Middlewares/Third_Party/FreeRTOS/Source/queue.o
                0x0000000008006fd4                xQueueReceive
 .text.xQueueSemaphoreTake
                0x0000000008007194      0x218 ./Middlewares/Third_Party/FreeRTOS/Source/queue.o
                0x0000000008007194                xQueueSemaphoreTake
 .text.xQueueReceiveFromISR
                0x00000000080073ac      0x100 ./Middlewares/Third_Party/FreeRTOS/Source/queue.o
                0x00000000080073ac                xQueueReceiveFromISR
 .text.prvGetDisinheritPriorityAfterTimeout
                0x00000000080074ac       0x30 ./Middlewares/Third_Party/FreeRTOS/Source/queue.o
 .text.prvCopyDataToQueue
                0x00000000080074dc       0xd4 ./Middlewares/Third_Party/FreeRTOS/Source/queue.o
 .text.prvCopyDataFromQueue
                0x00000000080075b0       0x4c ./Middlewares/Third_Party/FreeRTOS/Source/queue.o
 .text.prvUnlockQueue
                0x00000000080075fc       0xa4 ./Middlewares/Third_Party/FreeRTOS/Source/queue.o
 .text.prvIsQueueEmpty
                0x00000000080076a0       0x2c ./Middlewares/Third_Party/FreeRTOS/Source/queue.o
 .text.prvIsQueueFull
                0x00000000080076cc       0x30 ./Middlewares/Third_Party/FreeRTOS/Source/queue.o
 .text.vQueueAddToRegistry
                0x00000000080076fc       0x54 ./Middlewares/Third_Party/FreeRTOS/Source/queue.o
                0x00000000080076fc                vQueueAddToRegistry
 .text.vQueueWaitForMessageRestricted
                0x0000000008007750       0x68 ./Middlewares/Third_Party/FreeRTOS/Source/queue.o
                0x0000000008007750                vQueueWaitForMessageRestricted
 .text.xTaskCreateStatic
                0x00000000080077b8       0xba ./Middlewares/Third_Party/FreeRTOS/Source/tasks.o
                0x00000000080077b8                xTaskCreateStatic
 .text.xTaskCreate
                0x0000000008007872       0x8a ./Middlewares/Third_Party/FreeRTOS/Source/tasks.o
                0x0000000008007872                xTaskCreate
 .text.prvInitialiseNewTask
                0x00000000080078fc      0x158 ./Middlewares/Third_Party/FreeRTOS/Source/tasks.o
 .text.prvAddNewTaskToReadyList
                0x0000000008007a54       0xe0 ./Middlewares/Third_Party/FreeRTOS/Source/tasks.o
 .text.vTaskDelay
                0x0000000008007b34       0x68 ./Middlewares/Third_Party/FreeRTOS/Source/tasks.o
                0x0000000008007b34                vTaskDelay
 .text.vTaskStartScheduler
                0x0000000008007b9c       0xe4 ./Middlewares/Third_Party/FreeRTOS/Source/tasks.o
                0x0000000008007b9c                vTaskStartScheduler
 .text.vTaskSuspendAll
                0x0000000008007c80       0x1c ./Middlewares/Third_Party/FreeRTOS/Source/tasks.o
                0x0000000008007c80                vTaskSuspendAll
 .text.xTaskResumeAll
                0x0000000008007c9c      0x13c ./Middlewares/Third_Party/FreeRTOS/Source/tasks.o
                0x0000000008007c9c                xTaskResumeAll
 .text.xTaskGetTickCount
                0x0000000008007dd8       0x20 ./Middlewares/Third_Party/FreeRTOS/Source/tasks.o
                0x0000000008007dd8                xTaskGetTickCount
 .text.xTaskIncrementTick
                0x0000000008007df8      0x174 ./Middlewares/Third_Party/FreeRTOS/Source/tasks.o
                0x0000000008007df8                xTaskIncrementTick
 .text.vTaskSwitchContext
                0x0000000008007f6c      0x100 ./Middlewares/Third_Party/FreeRTOS/Source/tasks.o
                0x0000000008007f6c                vTaskSwitchContext
 .text.vTaskPlaceOnEventList
                0x000000000800806c       0x48 ./Middlewares/Third_Party/FreeRTOS/Source/tasks.o
                0x000000000800806c                vTaskPlaceOnEventList
 .text.vTaskPlaceOnEventListRestricted
                0x00000000080080b4       0x58 ./Middlewares/Third_Party/FreeRTOS/Source/tasks.o
                0x00000000080080b4                vTaskPlaceOnEventListRestricted
 .text.xTaskRemoveFromEventList
                0x000000000800810c       0xc8 ./Middlewares/Third_Party/FreeRTOS/Source/tasks.o
                0x000000000800810c                xTaskRemoveFromEventList
 .text.vTaskInternalSetTimeOutState
                0x00000000080081d4       0x2c ./Middlewares/Third_Party/FreeRTOS/Source/tasks.o
                0x00000000080081d4                vTaskInternalSetTimeOutState
 .text.xTaskCheckForTimeOut
                0x0000000008008200       0xc4 ./Middlewares/Third_Party/FreeRTOS/Source/tasks.o
                0x0000000008008200                xTaskCheckForTimeOut
 .text.vTaskMissedYield
                0x00000000080082c4       0x18 ./Middlewares/Third_Party/FreeRTOS/Source/tasks.o
                0x00000000080082c4                vTaskMissedYield
 .text.prvIdleTask
                0x00000000080082dc       0x30 ./Middlewares/Third_Party/FreeRTOS/Source/tasks.o
 .text.prvInitialiseTaskLists
                0x000000000800830c       0x80 ./Middlewares/Third_Party/FreeRTOS/Source/tasks.o
 .text.prvCheckTasksWaitingTermination
                0x000000000800838c       0x5c ./Middlewares/Third_Party/FreeRTOS/Source/tasks.o
 .text.prvDeleteTCB
                0x00000000080083e8       0x68 ./Middlewares/Third_Party/FreeRTOS/Source/tasks.o
 .text.prvResetNextTaskUnblockTime
                0x0000000008008450       0x40 ./Middlewares/Third_Party/FreeRTOS/Source/tasks.o
 .text.xTaskGetCurrentTaskHandle
                0x0000000008008490       0x20 ./Middlewares/Third_Party/FreeRTOS/Source/tasks.o
                0x0000000008008490                xTaskGetCurrentTaskHandle
 .text.xTaskGetSchedulerState
                0x00000000080084b0       0x3c ./Middlewares/Third_Party/FreeRTOS/Source/tasks.o
                0x00000000080084b0                xTaskGetSchedulerState
 .text.xTaskPriorityInherit
                0x00000000080084ec       0xd0 ./Middlewares/Third_Party/FreeRTOS/Source/tasks.o
                0x00000000080084ec                xTaskPriorityInherit
 .text.xTaskPriorityDisinherit
                0x00000000080085bc       0xdc ./Middlewares/Third_Party/FreeRTOS/Source/tasks.o
                0x00000000080085bc                xTaskPriorityDisinherit
 .text.vTaskPriorityDisinheritAfterTimeout
                0x0000000008008698      0x104 ./Middlewares/Third_Party/FreeRTOS/Source/tasks.o
                0x0000000008008698                vTaskPriorityDisinheritAfterTimeout
 .text.pvTaskIncrementMutexHeldCount
                0x000000000800879c       0x28 ./Middlewares/Third_Party/FreeRTOS/Source/tasks.o
                0x000000000800879c                pvTaskIncrementMutexHeldCount
 .text.prvAddCurrentTaskToDelayedList
                0x00000000080087c4       0xa8 ./Middlewares/Third_Party/FreeRTOS/Source/tasks.o
 .text.xTimerCreateTimerTask
                0x000000000800886c       0x90 ./Middlewares/Third_Party/FreeRTOS/Source/timers.o
                0x000000000800886c                xTimerCreateTimerTask
 .text.xTimerGenericCommand
                0x00000000080088fc       0x9c ./Middlewares/Third_Party/FreeRTOS/Source/timers.o
                0x00000000080088fc                xTimerGenericCommand
 .text.prvProcessExpiredTimer
                0x0000000008008998       0x98 ./Middlewares/Third_Party/FreeRTOS/Source/timers.o
 .text.prvTimerTask
                0x0000000008008a30       0x24 ./Middlewares/Third_Party/FreeRTOS/Source/timers.o
 .text.prvProcessTimerOrBlockTask
                0x0000000008008a54       0x9c ./Middlewares/Third_Party/FreeRTOS/Source/timers.o
 .text.prvGetNextExpireTime
                0x0000000008008af0       0x48 ./Middlewares/Third_Party/FreeRTOS/Source/timers.o
 .text.prvSampleTimeNow
                0x0000000008008b38       0x40 ./Middlewares/Third_Party/FreeRTOS/Source/timers.o
 .text.prvInsertTimerInActiveList
                0x0000000008008b78       0x84 ./Middlewares/Third_Party/FreeRTOS/Source/timers.o
 .text.prvProcessReceivedCommands
                0x0000000008008bfc      0x1c4 ./Middlewares/Third_Party/FreeRTOS/Source/timers.o
 .text.prvSwitchTimerLists
                0x0000000008008dc0       0xc8 ./Middlewares/Third_Party/FreeRTOS/Source/timers.o
 .text.prvCheckForValidListAndQueue
                0x0000000008008e88       0x80 ./Middlewares/Third_Party/FreeRTOS/Source/timers.o
 .text.pxPortInitialiseStack
                0x0000000008008f08       0x68 ./Middlewares/Third_Party/FreeRTOS/Source/portable/GCC/ARM_CM4F/port.o
                0x0000000008008f08                pxPortInitialiseStack
 .text.prvTaskExitError
                0x0000000008008f70       0x58 ./Middlewares/Third_Party/FreeRTOS/Source/portable/GCC/ARM_CM4F/port.o
 *fill*         0x0000000008008fc8        0x8 
 .text.SVC_Handler
                0x0000000008008fd0       0x28 ./Middlewares/Third_Party/FreeRTOS/Source/portable/GCC/ARM_CM4F/port.o
                0x0000000008008fd0                SVC_Handler
 .text.prvPortStartFirstTask
                0x0000000008008ff8       0x28 ./Middlewares/Third_Party/FreeRTOS/Source/portable/GCC/ARM_CM4F/port.o
 .text.xPortStartScheduler
                0x0000000008009020      0x144 ./Middlewares/Third_Party/FreeRTOS/Source/portable/GCC/ARM_CM4F/port.o
                0x0000000008009020                xPortStartScheduler
 .text.vPortEnterCritical
                0x0000000008009164       0x60 ./Middlewares/Third_Party/FreeRTOS/Source/portable/GCC/ARM_CM4F/port.o
                0x0000000008009164                vPortEnterCritical
 .text.vPortExitCritical
                0x00000000080091c4       0x54 ./Middlewares/Third_Party/FreeRTOS/Source/portable/GCC/ARM_CM4F/port.o
                0x00000000080091c4                vPortExitCritical
 *fill*         0x0000000008009218        0x8 
 .text.PendSV_Handler
                0x0000000008009220       0x68 ./Middlewares/Third_Party/FreeRTOS/Source/portable/GCC/ARM_CM4F/port.o
                0x0000000008009220                PendSV_Handler
 .text.xPortSysTickHandler
                0x0000000008009288       0x44 ./Middlewares/Third_Party/FreeRTOS/Source/portable/GCC/ARM_CM4F/port.o
                0x0000000008009288                xPortSysTickHandler
 .text.vPortSetupTimerInterrupt
                0x00000000080092cc       0x48 ./Middlewares/Third_Party/FreeRTOS/Source/portable/GCC/ARM_CM4F/port.o
                0x00000000080092cc                vPortSetupTimerInterrupt
 .text.vPortEnableVFP
                0x0000000008009314       0x14 ./Middlewares/Third_Party/FreeRTOS/Source/portable/GCC/ARM_CM4F/port.o
 .text.vPortValidateInterruptPriority
                0x0000000008009328       0x80 ./Middlewares/Third_Party/FreeRTOS/Source/portable/GCC/ARM_CM4F/port.o
                0x0000000008009328                vPortValidateInterruptPriority
 .text.pvPortMalloc
                0x00000000080093a8      0x198 ./Middlewares/Third_Party/FreeRTOS/Source/portable/MemMang/heap_4.o
                0x00000000080093a8                pvPortMalloc
 .text.vPortFree
                0x0000000008009540       0xc4 ./Middlewares/Third_Party/FreeRTOS/Source/portable/MemMang/heap_4.o
                0x0000000008009540                vPortFree
 .text.prvHeapInit
                0x0000000008009604       0xc4 ./Middlewares/Third_Party/FreeRTOS/Source/portable/MemMang/heap_4.o
 .text.prvInsertBlockIntoFreeList
                0x00000000080096c8       0xb4 ./Middlewares/Third_Party/FreeRTOS/Source/portable/MemMang/heap_4.o
 .text.parse_ifm_encoder
                0x000000000800977c       0xb8 ./libs/stepper_lib/encoder.o
                0x000000000800977c                parse_ifm_encoder
 .text.configure_steering
                0x0000000008009834       0x80 ./libs/stepper_lib/stepper.o
                0x0000000008009834                configure_steering
 .text.start    0x00000000080098b4       0x7c ./libs/stepper_lib/stepper.o
                0x00000000080098b4                start
 .text.pause    0x0000000008009930       0x64 ./libs/stepper_lib/stepper.o
                0x0000000008009930                pause
 .text.stop     0x0000000008009994       0xa8 ./libs/stepper_lib/stepper.o
                0x0000000008009994                stop
 .text.steer    0x0000000008009a3c       0xd8 ./libs/stepper_lib/stepper.o
                0x0000000008009a3c                steer
 .text.set_setpoint
                0x0000000008009b14      0x140 ./libs/stepper_lib/stepper.o
                0x0000000008009b14                set_setpoint
 .text.steer_by_setpoint
                0x0000000008009c54       0x9c ./libs/stepper_lib/stepper.o
                0x0000000008009c54                steer_by_setpoint
 .text.brake_by_setpoint
                0x0000000008009cf0       0x9c ./libs/stepper_lib/stepper.o
                0x0000000008009cf0                brake_by_setpoint
 .text.update_stepper_pos
                0x0000000008009d8c       0x70 ./libs/stepper_lib/stepper.o
                0x0000000008009d8c                update_stepper_pos
 .text.steering_task
                0x0000000008009dfc      0x128 ./libs/stepper_lib/stepper_tasks.o
                0x0000000008009dfc                steering_task
 .text.gpios_task
                0x0000000008009f24       0xa8 ./libs/stepper_lib/stepper_tasks.o
                0x0000000008009f24                gpios_task
 .text.init_steer_task
                0x0000000008009fcc       0x24 ./libs/stepper_lib/stepper_tasks.o
                0x0000000008009fcc                init_steer_task
 .text.init_gpios_task
                0x0000000008009ff0       0x24 ./libs/stepper_lib/stepper_tasks.o
                0x0000000008009ff0                init_gpios_task
 .text.init_stepper_tasks
                0x000000000800a014       0x10 ./libs/stepper_lib/stepper_tasks.o
                0x000000000800a014                init_stepper_tasks
 .text.can_reset_task
                0x000000000800a024       0x28 ./libs/vanttec_CANLib/platform_specific/vanttec_canlib_stm/generic_tasks/can_reset_task.o
                0x000000000800a024                can_reset_task
 .text.init_can_reset_task
                0x000000000800a04c       0x24 ./libs/vanttec_CANLib/platform_specific/vanttec_canlib_stm/generic_tasks/can_reset_task.o
                0x000000000800a04c                init_can_reset_task
 .text.canlib_init_generic_tasks
                0x000000000800a070        0xc ./libs/vanttec_CANLib/platform_specific/vanttec_canlib_stm/generic_tasks/generic_tasks.o
                0x000000000800a070                canlib_init_generic_tasks
 .text.vanttec_canlib_error_handler
                0x000000000800a07c        0x6 ./libs/vanttec_CANLib/platform_specific/vanttec_canlib_stm/utils.o
                0x000000000800a07c                vanttec_canlib_error_handler
 *fill*         0x000000000800a082        0x2 
 .text.init_canlib
                0x000000000800a084       0xdc ./libs/vanttec_CANLib/platform_specific/vanttec_canlib_stm/vanttec_canlib.o
                0x000000000800a084                init_canlib
 .text.init_canlib_rx
                0x000000000800a160       0x70 ./libs/vanttec_CANLib/platform_specific/vanttec_canlib_stm/vanttec_canlib_rx_task.o
                0x000000000800a160                init_canlib_rx
 .text.is_valid_length
                0x000000000800a1d0       0x74 ./libs/vanttec_CANLib/platform_specific/vanttec_canlib_stm/vanttec_canlib_rx_task.o
                0x000000000800a1d0                is_valid_length
 .text.parse_data
                0x000000000800a244       0x88 ./libs/vanttec_CANLib/platform_specific/vanttec_canlib_stm/vanttec_canlib_rx_task.o
                0x000000000800a244                parse_data
 .text.update_table
                0x000000000800a2cc      0x124 ./libs/vanttec_CANLib/platform_specific/vanttec_canlib_stm/vanttec_canlib_rx_task.o
                0x000000000800a2cc                update_table
 .text.register_canlib_rx
                0x000000000800a3f0       0xd8 ./libs/vanttec_CANLib/platform_specific/vanttec_canlib_stm/vanttec_canlib_rx_task.o
                0x000000000800a3f0                register_canlib_rx
 .text.can_rx_task
                0x000000000800a4c8       0xec ./libs/vanttec_CANLib/platform_specific/vanttec_canlib_stm/vanttec_canlib_rx_task.o
                0x000000000800a4c8                can_rx_task
 .text.can_rx_queue_task
                0x000000000800a5b4       0x38 ./libs/vanttec_CANLib/platform_specific/vanttec_canlib_stm/vanttec_canlib_rx_task.o
                0x000000000800a5b4                can_rx_queue_task
 .text.init_canlib_tx
                0x000000000800a5ec       0x48 ./libs/vanttec_CANLib/platform_specific/vanttec_canlib_stm/vanttec_canlib_tx_task.o
                0x000000000800a5ec                init_canlib_tx
 .text.canlib_tx_update
                0x000000000800a634       0x90 ./libs/vanttec_CANLib/platform_specific/vanttec_canlib_stm/vanttec_canlib_tx_task.o
                0x000000000800a634                canlib_tx_update
 .text.canlib_tx_task
                0x000000000800a6c4       0x14 ./libs/vanttec_CANLib/platform_specific/vanttec_canlib_stm/vanttec_canlib_tx_task.o
                0x000000000800a6c4                canlib_tx_task
 .text.canlib_queue_tx
                0x000000000800a6d8       0x54 ./libs/vanttec_CANLib/platform_specific/vanttec_canlib_stm/vanttec_canlib_tx_task.o
                0x000000000800a6d8                canlib_queue_tx
 .text.canlib_send_debug_string
                0x000000000800a72c       0x9c ./libs/vanttec_CANLib/platform_specific/vanttec_canlib_stm/vanttec_canlib_tx_task.o
                0x000000000800a72c                canlib_send_debug_string
 .text.canlib_send_byte
                0x000000000800a7c8       0x32 ./libs/vanttec_CANLib/platform_specific/vanttec_canlib_stm/vanttec_canlib_tx_task.o
                0x000000000800a7c8                canlib_send_byte
 .text.vanttec_ntohl
                0x000000000800a7fa       0x18 ./libs/vanttec_CANLib/src/Vanttec_CANLib/ByteOrder/inet.o
                0x000000000800a7fa                vanttec_ntohl
 .text.vanttec_ntohs
                0x000000000800a812       0x1c ./libs/vanttec_CANLib/src/Vanttec_CANLib/ByteOrder/inet.o
                0x000000000800a812                vanttec_ntohs
 .text.can_pack_byte
                0x000000000800a82e       0x3c ./libs/vanttec_CANLib/src/Vanttec_CANLib/CANMessage.o
                0x000000000800a82e                can_pack_byte
 .text.can_parse_byte
                0x000000000800a86a       0x28 ./libs/vanttec_CANLib/src/Vanttec_CANLib/CANMessage.o
                0x000000000800a86a                can_parse_byte
 *fill*         0x000000000800a892        0x2 
 .text.can_parse_float
                0x000000000800a894       0x44 ./libs/vanttec_CANLib/src/Vanttec_CANLib/CANMessage.o
                0x000000000800a894                can_parse_float
 .text.can_parse_short
                0x000000000800a8d8       0x2c ./libs/vanttec_CANLib/src/Vanttec_CANLib/CANMessage.o
                0x000000000800a8d8                can_parse_short
 .text.can_parse_long
                0x000000000800a904       0x32 ./libs/vanttec_CANLib/src/Vanttec_CANLib/CANMessage.o
                0x000000000800a904                can_parse_long
 .text._ZSt5ldexpfi
                0x000000000800a936       0x24 ./libs/vanttec_CANLib/src/Vanttec_CANLib/Utils/CANDeserialization.o
                0x000000000800a936                std::ldexp(float, int)
 *fill*         0x000000000800a95a        0x2 
 .text.deserialize_float
                0x000000000800a95c       0x74 ./libs/vanttec_CANLib/src/Vanttec_CANLib/Utils/CANDeserialization.o
                0x000000000800a95c                deserialize_float
 .text.deserialize_short
                0x000000000800a9d0       0x32 ./libs/vanttec_CANLib/src/Vanttec_CANLib/Utils/CANDeserialization.o
                0x000000000800a9d0                deserialize_short
 .text.deserialize_long
                0x000000000800aa02       0x4e ./libs/vanttec_CANLib/src/Vanttec_CANLib/Utils/CANDeserialization.o
                0x000000000800aa02                deserialize_long
 .text.ldexpf   0x000000000800aa50       0x4c c:/st/stm32cubeide_1.11.2/stm32cubeide/plugins/com.st.stm32cube.ide.mcu.externaltools.gnu-tools-for-stm32.10.3-2021.10.win32_1.0.100.202210260954/tools/bin/../lib/gcc/arm-none-eabi/10.3.1/../../../../arm-none-eabi/lib/thumb/v7e-m+fp/hard\libm.a(lib_a-sf_ldexp.o)
                0x000000000800aa50                ldexpf
 .text.scalbnf  0x000000000800aa9c       0xe4 c:/st/stm32cubeide_1.11.2/stm32cubeide/plugins/com.st.stm32cube.ide.mcu.externaltools.gnu-tools-for-stm32.10.3-2021.10.win32_1.0.100.202210260954/tools/bin/../lib/gcc/arm-none-eabi/10.3.1/../../../../arm-none-eabi/lib/thumb/v7e-m+fp/hard\libm.a(lib_a-sf_scalbn.o)
                0x000000000800aa9c                scalbnf
 .text.finitef  0x000000000800ab80       0x1a c:/st/stm32cubeide_1.11.2/stm32cubeide/plugins/com.st.stm32cube.ide.mcu.externaltools.gnu-tools-for-stm32.10.3-2021.10.win32_1.0.100.202210260954/tools/bin/../lib/gcc/arm-none-eabi/10.3.1/../../../../arm-none-eabi/lib/thumb/v7e-m+fp/hard\libm.a(lib_a-sf_finite.o)
                0x000000000800ab80                finitef
 *fill*         0x000000000800ab9a        0x2 
 .text.__errno  0x000000000800ab9c        0xc c:/st/stm32cubeide_1.11.2/stm32cubeide/plugins/com.st.stm32cube.ide.mcu.externaltools.gnu-tools-for-stm32.10.3-2021.10.win32_1.0.100.202210260954/tools/bin/../lib/gcc/arm-none-eabi/10.3.1/../../../../arm-none-eabi/lib/thumb/v7e-m+fp/hard\libc_nano.a(lib_a-errno.o)
                0x000000000800ab9c                __errno
 .text.__libc_init_array
                0x000000000800aba8       0x48 c:/st/stm32cubeide_1.11.2/stm32cubeide/plugins/com.st.stm32cube.ide.mcu.externaltools.gnu-tools-for-stm32.10.3-2021.10.win32_1.0.100.202210260954/tools/bin/../lib/gcc/arm-none-eabi/10.3.1/../../../../arm-none-eabi/lib/thumb/v7e-m+fp/hard\libc_nano.a(lib_a-init.o)
                0x000000000800aba8                __libc_init_array
 .text.__retarget_lock_acquire_recursive
                0x000000000800abf0        0x2 c:/st/stm32cubeide_1.11.2/stm32cubeide/plugins/com.st.stm32cube.ide.mcu.externaltools.gnu-tools-for-stm32.10.3-2021.10.win32_1.0.100.202210260954/tools/bin/../lib/gcc/arm-none-eabi/10.3.1/../../../../arm-none-eabi/lib/thumb/v7e-m+fp/hard\libc_nano.a(lib_a-lock.o)
                0x000000000800abf0                __retarget_lock_acquire_recursive
 .text.__retarget_lock_release_recursive
                0x000000000800abf2        0x2 c:/st/stm32cubeide_1.11.2/stm32cubeide/plugins/com.st.stm32cube.ide.mcu.externaltools.gnu-tools-for-stm32.10.3-2021.10.win32_1.0.100.202210260954/tools/bin/../lib/gcc/arm-none-eabi/10.3.1/../../../../arm-none-eabi/lib/thumb/v7e-m+fp/hard\libc_nano.a(lib_a-lock.o)
                0x000000000800abf2                __retarget_lock_release_recursive
 .text.memcpy   0x000000000800abf4       0x1c c:/st/stm32cubeide_1.11.2/stm32cubeide/plugins/com.st.stm32cube.ide.mcu.externaltools.gnu-tools-for-stm32.10.3-2021.10.win32_1.0.100.202210260954/tools/bin/../lib/gcc/arm-none-eabi/10.3.1/../../../../arm-none-eabi/lib/thumb/v7e-m+fp/hard\libc_nano.a(lib_a-memcpy-stub.o)
                0x000000000800abf4                memcpy
 .text.memset   0x000000000800ac10       0x10 c:/st/stm32cubeide_1.11.2/stm32cubeide/plugins/com.st.stm32cube.ide.mcu.externaltools.gnu-tools-for-stm32.10.3-2021.10.win32_1.0.100.202210260954/tools/bin/../lib/gcc/arm-none-eabi/10.3.1/../../../../arm-none-eabi/lib/thumb/v7e-m+fp/hard\libc_nano.a(lib_a-memset.o)
                0x000000000800ac10                memset
 .text._free_r  0x000000000800ac20       0x98 c:/st/stm32cubeide_1.11.2/stm32cubeide/plugins/com.st.stm32cube.ide.mcu.externaltools.gnu-tools-for-stm32.10.3-2021.10.win32_1.0.100.202210260954/tools/bin/../lib/gcc/arm-none-eabi/10.3.1/../../../../arm-none-eabi/lib/thumb/v7e-m+fp/hard\libc_nano.a(lib_a-nano-freer.o)
                0x000000000800ac20                _free_r
 .text.cleanup_glue
                0x000000000800acb8       0x1a c:/st/stm32cubeide_1.11.2/stm32cubeide/plugins/com.st.stm32cube.ide.mcu.externaltools.gnu-tools-for-stm32.10.3-2021.10.win32_1.0.100.202210260954/tools/bin/../lib/gcc/arm-none-eabi/10.3.1/../../../../arm-none-eabi/lib/thumb/v7e-m+fp/hard\libc_nano.a(lib_a-reent.o)
                0x000000000800acb8                cleanup_glue
 *fill*         0x000000000800acd2        0x2 
 .text._reclaim_reent
                0x000000000800acd4       0xb8 c:/st/stm32cubeide_1.11.2/stm32cubeide/plugins/com.st.stm32cube.ide.mcu.externaltools.gnu-tools-for-stm32.10.3-2021.10.win32_1.0.100.202210260954/tools/bin/../lib/gcc/arm-none-eabi/10.3.1/../../../../arm-none-eabi/lib/thumb/v7e-m+fp/hard\libc_nano.a(lib_a-reent.o)
                0x000000000800acd4                _reclaim_reent
 .text.strncpy  0x000000000800ad8c       0x26 c:/st/stm32cubeide_1.11.2/stm32cubeide/plugins/com.st.stm32cube.ide.mcu.externaltools.gnu-tools-for-stm32.10.3-2021.10.win32_1.0.100.202210260954/tools/bin/../lib/gcc/arm-none-eabi/10.3.1/../../../../arm-none-eabi/lib/thumb/v7e-m+fp/hard\libc_nano.a(lib_a-strncpy.o)
                0x000000000800ad8c                strncpy
 *fill*         0x000000000800adb2        0x2 
 .text.__malloc_lock
                0x000000000800adb4        0xc c:/st/stm32cubeide_1.11.2/stm32cubeide/plugins/com.st.stm32cube.ide.mcu.externaltools.gnu-tools-for-stm32.10.3-2021.10.win32_1.0.100.202210260954/tools/bin/../lib/gcc/arm-none-eabi/10.3.1/../../../../arm-none-eabi/lib/thumb/v7e-m+fp/hard\libc_nano.a(lib_a-mlock.o)
                0x000000000800adb4                __malloc_lock
 .text.__malloc_unlock
                0x000000000800adc0        0xc c:/st/stm32cubeide_1.11.2/stm32cubeide/plugins/com.st.stm32cube.ide.mcu.externaltools.gnu-tools-for-stm32.10.3-2021.10.win32_1.0.100.202210260954/tools/bin/../lib/gcc/arm-none-eabi/10.3.1/../../../../arm-none-eabi/lib/thumb/v7e-m+fp/hard\libc_nano.a(lib_a-mlock.o)
                0x000000000800adc0                __malloc_unlock
 *(.glue_7)
 .glue_7        0x000000000800adcc        0x0 linker stubs
 *(.glue_7t)
 .glue_7t       0x000000000800adcc        0x0 linker stubs
 *(.eh_frame)
 .eh_frame      0x000000000800adcc        0x0 c:/st/stm32cubeide_1.11.2/stm32cubeide/plugins/com.st.stm32cube.ide.mcu.externaltools.gnu-tools-for-stm32.10.3-2021.10.win32_1.0.100.202210260954/tools/bin/../lib/gcc/arm-none-eabi/10.3.1/thumb/v7e-m+fp/hard/crtbegin.o
 *(.init)
 .init          0x000000000800adcc        0x4 c:/st/stm32cubeide_1.11.2/stm32cubeide/plugins/com.st.stm32cube.ide.mcu.externaltools.gnu-tools-for-stm32.10.3-2021.10.win32_1.0.100.202210260954/tools/bin/../lib/gcc/arm-none-eabi/10.3.1/thumb/v7e-m+fp/hard/crti.o
                0x000000000800adcc                _init
 .init          0x000000000800add0        0x8 c:/st/stm32cubeide_1.11.2/stm32cubeide/plugins/com.st.stm32cube.ide.mcu.externaltools.gnu-tools-for-stm32.10.3-2021.10.win32_1.0.100.202210260954/tools/bin/../lib/gcc/arm-none-eabi/10.3.1/thumb/v7e-m+fp/hard/crtn.o
 *(.fini)
 .fini          0x000000000800add8        0x4 c:/st/stm32cubeide_1.11.2/stm32cubeide/plugins/com.st.stm32cube.ide.mcu.externaltools.gnu-tools-for-stm32.10.3-2021.10.win32_1.0.100.202210260954/tools/bin/../lib/gcc/arm-none-eabi/10.3.1/thumb/v7e-m+fp/hard/crti.o
                0x000000000800add8                _fini
 .fini          0x000000000800addc        0x8 c:/st/stm32cubeide_1.11.2/stm32cubeide/plugins/com.st.stm32cube.ide.mcu.externaltools.gnu-tools-for-stm32.10.3-2021.10.win32_1.0.100.202210260954/tools/bin/../lib/gcc/arm-none-eabi/10.3.1/thumb/v7e-m+fp/hard/crtn.o
                0x000000000800ade4                . = ALIGN (0x4)
                0x000000000800ade4                _etext = .

.vfp11_veneer   0x000000000800ade4        0x0
 .vfp11_veneer  0x000000000800ade4        0x0 linker stubs

.v4_bx          0x000000000800ade4        0x0
 .v4_bx         0x000000000800ade4        0x0 linker stubs

.iplt           0x000000000800ade4        0x0
 .iplt          0x000000000800ade4        0x0 c:/st/stm32cubeide_1.11.2/stm32cubeide/plugins/com.st.stm32cube.ide.mcu.externaltools.gnu-tools-for-stm32.10.3-2021.10.win32_1.0.100.202210260954/tools/bin/../lib/gcc/arm-none-eabi/10.3.1/thumb/v7e-m+fp/hard/crtbegin.o

.rodata         0x000000000800ade4      0x324
                0x000000000800ade4                . = ALIGN (0x4)
 *(.rodata)
 .rodata        0x000000000800ade4       0x66 ./Core/Src/requirements.o
 *fill*         0x000000000800ae4a        0x2 
 .rodata        0x000000000800ae4c       0x30 ./Middlewares/Third_Party/FreeRTOS/Source/tasks.o
 .rodata        0x000000000800ae7c        0xd ./Middlewares/Third_Party/FreeRTOS/Source/timers.o
 *fill*         0x000000000800ae89        0x3 
 .rodata        0x000000000800ae8c       0x25 ./libs/stepper_lib/stepper_tasks.o
 *fill*         0x000000000800aeb1        0x3 
 .rodata        0x000000000800aeb4       0x18 ./libs/vanttec_CANLib/platform_specific/vanttec_canlib_stm/generic_tasks/can_reset_task.o
 .rodata        0x000000000800aecc       0x1c ./libs/vanttec_CANLib/platform_specific/vanttec_canlib_stm/vanttec_canlib_rx_task.o
 .rodata        0x000000000800aee8        0xa ./libs/vanttec_CANLib/platform_specific/vanttec_canlib_stm/vanttec_canlib_tx_task.o
 *(.rodata*)
 *fill*         0x000000000800aef2        0x2 
 .rodata.uxTopUsedPriority
                0x000000000800aef4        0x4 ./Core/Src/FreeRTOS-openocd.o
                0x000000000800aef4                uxTopUsedPriority
 .rodata.emergencystopTaskAttributes
                0x000000000800aef8       0x24 ./Core/Src/requirements.o
                0x000000000800aef8                emergencystopTaskAttributes
 .rodata.hbTaskAttributes
                0x000000000800af1c       0x24 ./Core/Src/requirements.o
                0x000000000800af1c                hbTaskAttributes
 .rodata.driveModeTaskAttributes
                0x000000000800af40       0x24 ./Core/Src/requirements.o
                0x000000000800af40                driveModeTaskAttributes
 .rodata.xboxTaskAttributes
                0x000000000800af64       0x24 ./Core/Src/requirements.o
                0x000000000800af64                xboxTaskAttributes
 .rodata.AHBPrescTable
                0x000000000800af88       0x10 ./Core/Src/system_stm32l4xx.o
                0x000000000800af88                AHBPrescTable
 .rodata.APBPrescTable
                0x000000000800af98        0x8 ./Core/Src/system_stm32l4xx.o
                0x000000000800af98                APBPrescTable
 .rodata.MSIRangeTable
                0x000000000800afa0       0x30 ./Core/Src/system_stm32l4xx.o
                0x000000000800afa0                MSIRangeTable
 .rodata.steeringTaskAttributes
                0x000000000800afd0       0x24 ./libs/stepper_lib/stepper_tasks.o
                0x000000000800afd0                steeringTaskAttributes
 .rodata.GPIOsTaskAttributes
                0x000000000800aff4       0x24 ./libs/stepper_lib/stepper_tasks.o
                0x000000000800aff4                GPIOsTaskAttributes
 .rodata.canResetAttributes
                0x000000000800b018       0x24 ./libs/vanttec_CANLib/platform_specific/vanttec_canlib_stm/generic_tasks/can_reset_task.o
                0x000000000800b018                canResetAttributes
 .rodata.canRxTask_attributes
                0x000000000800b03c       0x24 ./libs/vanttec_CANLib/platform_specific/vanttec_canlib_stm/vanttec_canlib_rx_task.o
                0x000000000800b03c                canRxTask_attributes
 .rodata.canRxQueueTask_attributes
                0x000000000800b060       0x24 ./libs/vanttec_CANLib/platform_specific/vanttec_canlib_stm/vanttec_canlib_rx_task.o
                0x000000000800b060                canRxQueueTask_attributes
 .rodata.canTxTask_attributes
                0x000000000800b084       0x24 ./libs/vanttec_CANLib/platform_specific/vanttec_canlib_stm/vanttec_canlib_tx_task.o
                0x000000000800b084                canTxTask_attributes
 .rodata.__sf_fake_stderr
                0x000000000800b0a8       0x20 c:/st/stm32cubeide_1.11.2/stm32cubeide/plugins/com.st.stm32cube.ide.mcu.externaltools.gnu-tools-for-stm32.10.3-2021.10.win32_1.0.100.202210260954/tools/bin/../lib/gcc/arm-none-eabi/10.3.1/../../../../arm-none-eabi/lib/thumb/v7e-m+fp/hard\libc_nano.a(lib_a-findfp.o)
                0x000000000800b0a8                __sf_fake_stderr
 .rodata.__sf_fake_stdin
                0x000000000800b0c8       0x20 c:/st/stm32cubeide_1.11.2/stm32cubeide/plugins/com.st.stm32cube.ide.mcu.externaltools.gnu-tools-for-stm32.10.3-2021.10.win32_1.0.100.202210260954/tools/bin/../lib/gcc/arm-none-eabi/10.3.1/../../../../arm-none-eabi/lib/thumb/v7e-m+fp/hard\libc_nano.a(lib_a-findfp.o)
                0x000000000800b0c8                __sf_fake_stdin
 .rodata.__sf_fake_stdout
                0x000000000800b0e8       0x20 c:/st/stm32cubeide_1.11.2/stm32cubeide/plugins/com.st.stm32cube.ide.mcu.externaltools.gnu-tools-for-stm32.10.3-2021.10.win32_1.0.100.202210260954/tools/bin/../lib/gcc/arm-none-eabi/10.3.1/../../../../arm-none-eabi/lib/thumb/v7e-m+fp/hard\libc_nano.a(lib_a-findfp.o)
                0x000000000800b0e8                __sf_fake_stdout
                0x000000000800b108                . = ALIGN (0x4)

.ARM.extab      0x000000000800b108        0x0
                0x000000000800b108                . = ALIGN (0x4)
 *(.ARM.extab* .gnu.linkonce.armextab.*)
                0x000000000800b108                . = ALIGN (0x4)

.ARM            0x000000000800b108        0x8
                0x000000000800b108                . = ALIGN (0x4)
                0x000000000800b108                __exidx_start = .
 *(.ARM.exidx*)
 .ARM.exidx     0x000000000800b108        0x8 c:/st/stm32cubeide_1.11.2/stm32cubeide/plugins/com.st.stm32cube.ide.mcu.externaltools.gnu-tools-for-stm32.10.3-2021.10.win32_1.0.100.202210260954/tools/bin/../lib/gcc/arm-none-eabi/10.3.1/thumb/v7e-m+fp/hard\libgcc.a(_udivmoddi4.o)
                0x000000000800b110                __exidx_end = .
                0x000000000800b110                . = ALIGN (0x4)

.rel.dyn        0x000000000800b110        0x0
 .rel.iplt      0x000000000800b110        0x0 c:/st/stm32cubeide_1.11.2/stm32cubeide/plugins/com.st.stm32cube.ide.mcu.externaltools.gnu-tools-for-stm32.10.3-2021.10.win32_1.0.100.202210260954/tools/bin/../lib/gcc/arm-none-eabi/10.3.1/thumb/v7e-m+fp/hard/crtbegin.o

.preinit_array  0x000000000800b110        0x0
                0x000000000800b110                . = ALIGN (0x4)
                0x000000000800b110                PROVIDE (__preinit_array_start = .)
 *(.preinit_array*)
                0x000000000800b110                PROVIDE (__preinit_array_end = .)
                0x000000000800b110                . = ALIGN (0x4)

.init_array     0x000000000800b110        0x4
                0x000000000800b110                . = ALIGN (0x4)
                0x000000000800b110                PROVIDE (__init_array_start = .)
 *(SORT_BY_NAME(.init_array.*))
 *(.init_array*)
 .init_array    0x000000000800b110        0x4 c:/st/stm32cubeide_1.11.2/stm32cubeide/plugins/com.st.stm32cube.ide.mcu.externaltools.gnu-tools-for-stm32.10.3-2021.10.win32_1.0.100.202210260954/tools/bin/../lib/gcc/arm-none-eabi/10.3.1/thumb/v7e-m+fp/hard/crtbegin.o
                0x000000000800b114                PROVIDE (__init_array_end = .)
                0x000000000800b114                . = ALIGN (0x4)

.fini_array     0x000000000800b114        0x4
                0x000000000800b114                . = ALIGN (0x4)
                [!provide]                        PROVIDE (__fini_array_start = .)
 *(SORT_BY_NAME(.fini_array.*))
 *(.fini_array*)
 .fini_array    0x000000000800b114        0x4 c:/st/stm32cubeide_1.11.2/stm32cubeide/plugins/com.st.stm32cube.ide.mcu.externaltools.gnu-tools-for-stm32.10.3-2021.10.win32_1.0.100.202210260954/tools/bin/../lib/gcc/arm-none-eabi/10.3.1/thumb/v7e-m+fp/hard/crtbegin.o
                [!provide]                        PROVIDE (__fini_array_end = .)
                0x000000000800b118                . = ALIGN (0x4)
                0x000000000800b118                _sidata = LOADADDR (.data)

.data           0x0000000020000000       0xa4 load address 0x000000000800b118
                0x0000000020000000                . = ALIGN (0x4)
                0x0000000020000000                _sdata = .
 *(.data)
 *(.data*)
 .data.SystemCoreClock
                0x0000000020000000        0x4 ./Core/Src/system_stm32l4xx.o
                0x0000000020000000                SystemCoreClock
 .data.uwTickPrio
                0x0000000020000004        0x4 ./Drivers/STM32L4xx_HAL_Driver/Src/stm32l4xx_hal.o
                0x0000000020000004                uwTickPrio
 .data.uwTickFreq
                0x0000000020000008        0x1 ./Drivers/STM32L4xx_HAL_Driver/Src/stm32l4xx_hal.o
                0x0000000020000008                uwTickFreq
 *fill*         0x0000000020000009        0x3 
 .data.uxCriticalNesting
                0x000000002000000c        0x4 ./Middlewares/Third_Party/FreeRTOS/Source/portable/GCC/ARM_CM4F/port.o
 .data.ifm_encoder
                0x0000000020000010       0x18 ./libs/stepper_lib/encoder.o
                0x0000000020000010                ifm_encoder
 .data.briter_encoder
                0x0000000020000028       0x18 ./libs/stepper_lib/encoder.o
                0x0000000020000028                briter_encoder
 .data._impure_ptr
                0x0000000020000040        0x4 c:/st/stm32cubeide_1.11.2/stm32cubeide/plugins/com.st.stm32cube.ide.mcu.externaltools.gnu-tools-for-stm32.10.3-2021.10.win32_1.0.100.202210260954/tools/bin/../lib/gcc/arm-none-eabi/10.3.1/../../../../arm-none-eabi/lib/thumb/v7e-m+fp/hard\libc_nano.a(lib_a-impure.o)
                0x0000000020000040                _impure_ptr
 .data.impure_data
                0x0000000020000044       0x60 c:/st/stm32cubeide_1.11.2/stm32cubeide/plugins/com.st.stm32cube.ide.mcu.externaltools.gnu-tools-for-stm32.10.3-2021.10.win32_1.0.100.202210260954/tools/bin/../lib/gcc/arm-none-eabi/10.3.1/../../../../arm-none-eabi/lib/thumb/v7e-m+fp/hard\libc_nano.a(lib_a-impure.o)
 *(.RamFunc)
 *(.RamFunc*)
                0x00000000200000a4                . = ALIGN (0x4)
                0x00000000200000a4                _edata = .

.igot.plt       0x00000000200000a4        0x0 load address 0x000000000800b1bc
 .igot.plt      0x00000000200000a4        0x0 c:/st/stm32cubeide_1.11.2/stm32cubeide/plugins/com.st.stm32cube.ide.mcu.externaltools.gnu-tools-for-stm32.10.3-2021.10.win32_1.0.100.202210260954/tools/bin/../lib/gcc/arm-none-eabi/10.3.1/thumb/v7e-m+fp/hard/crtbegin.o
                0x00000000200000a4                . = ALIGN (0x4)

.bss            0x00000000200000a4     0x6080 load address 0x000000000800b1bc
                0x00000000200000a4                _sbss = .
                0x00000000200000a4                __bss_start__ = _sbss
 *(.bss)
 .bss           0x00000000200000a4       0x1c c:/st/stm32cubeide_1.11.2/stm32cubeide/plugins/com.st.stm32cube.ide.mcu.externaltools.gnu-tools-for-stm32.10.3-2021.10.win32_1.0.100.202210260954/tools/bin/../lib/gcc/arm-none-eabi/10.3.1/thumb/v7e-m+fp/hard/crtbegin.o
 *(.bss*)
 .bss.hadc1     0x00000000200000c0       0x64 ./Core/Src/main.o
                0x00000000200000c0                hadc1
 .bss.hcan1     0x0000000020000124       0x28 ./Core/Src/main.o
                0x0000000020000124                hcan1
 .bss.htim1     0x000000002000014c       0x4c ./Core/Src/main.o
                0x000000002000014c                htim1
 .bss.htim2     0x0000000020000198       0x4c ./Core/Src/main.o
                0x0000000020000198                htim2
 .bss.huart1    0x00000000200001e4       0x84 ./Core/Src/main.o
                0x00000000200001e4                huart1
 .bss.emergencystopTaskHandle
                0x0000000020000268        0x4 ./Core/Src/requirements.o
                0x0000000020000268                emergencystopTaskHandle
 .bss.hbTaskHandle
                0x000000002000026c        0x4 ./Core/Src/requirements.o
                0x000000002000026c                hbTaskHandle
 .bss.drivemodeTaskHandle
                0x0000000020000270        0x4 ./Core/Src/requirements.o
                0x0000000020000270                drivemodeTaskHandle
 .bss.xboxTaskHandle
                0x0000000020000274        0x4 ./Core/Src/requirements.o
                0x0000000020000274                xboxTaskHandle
 .bss.htim6     0x0000000020000278       0x4c ./Core/Src/stm32l4xx_hal_timebase_tim.o
                0x0000000020000278                htim6
 .bss.uwTick    0x00000000200002c4        0x4 ./Drivers/STM32L4xx_HAL_Driver/Src/stm32l4xx_hal.o
                0x00000000200002c4                uwTick
 .bss.KernelState
                0x00000000200002c8        0x4 ./Middlewares/Third_Party/FreeRTOS/Source/CMSIS_RTOS_V2/cmsis_os2.o
 .bss.Idle_TCB.3
                0x00000000200002cc       0xc4 ./Middlewares/Third_Party/FreeRTOS/Source/CMSIS_RTOS_V2/cmsis_os2.o
 .bss.Idle_Stack.2
                0x0000000020000390      0x200 ./Middlewares/Third_Party/FreeRTOS/Source/CMSIS_RTOS_V2/cmsis_os2.o
 .bss.Timer_TCB.1
                0x0000000020000590       0xc4 ./Middlewares/Third_Party/FreeRTOS/Source/CMSIS_RTOS_V2/cmsis_os2.o
 .bss.Timer_Stack.0
                0x0000000020000654      0x400 ./Middlewares/Third_Party/FreeRTOS/Source/CMSIS_RTOS_V2/cmsis_os2.o
 .bss.xQueueRegistry
                0x0000000020000a54       0x40 ./Middlewares/Third_Party/FreeRTOS/Source/queue.o
                0x0000000020000a54                xQueueRegistry
 .bss.pxCurrentTCB
                0x0000000020000a94        0x4 ./Middlewares/Third_Party/FreeRTOS/Source/tasks.o
                0x0000000020000a94                pxCurrentTCB
 .bss.pxReadyTasksLists
                0x0000000020000a98      0x460 ./Middlewares/Third_Party/FreeRTOS/Source/tasks.o
 .bss.xDelayedTaskList1
                0x0000000020000ef8       0x14 ./Middlewares/Third_Party/FreeRTOS/Source/tasks.o
 .bss.xDelayedTaskList2
                0x0000000020000f0c       0x14 ./Middlewares/Third_Party/FreeRTOS/Source/tasks.o
 .bss.pxDelayedTaskList
                0x0000000020000f20        0x4 ./Middlewares/Third_Party/FreeRTOS/Source/tasks.o
 .bss.pxOverflowDelayedTaskList
                0x0000000020000f24        0x4 ./Middlewares/Third_Party/FreeRTOS/Source/tasks.o
 .bss.xPendingReadyList
                0x0000000020000f28       0x14 ./Middlewares/Third_Party/FreeRTOS/Source/tasks.o
 .bss.xTasksWaitingTermination
                0x0000000020000f3c       0x14 ./Middlewares/Third_Party/FreeRTOS/Source/tasks.o
 .bss.uxDeletedTasksWaitingCleanUp
                0x0000000020000f50        0x4 ./Middlewares/Third_Party/FreeRTOS/Source/tasks.o
 .bss.xSuspendedTaskList
                0x0000000020000f54       0x14 ./Middlewares/Third_Party/FreeRTOS/Source/tasks.o
 .bss.uxCurrentNumberOfTasks
                0x0000000020000f68        0x4 ./Middlewares/Third_Party/FreeRTOS/Source/tasks.o
 .bss.xTickCount
                0x0000000020000f6c        0x4 ./Middlewares/Third_Party/FreeRTOS/Source/tasks.o
 .bss.uxTopReadyPriority
                0x0000000020000f70        0x4 ./Middlewares/Third_Party/FreeRTOS/Source/tasks.o
 .bss.xSchedulerRunning
                0x0000000020000f74        0x4 ./Middlewares/Third_Party/FreeRTOS/Source/tasks.o
 .bss.xPendedTicks
                0x0000000020000f78        0x4 ./Middlewares/Third_Party/FreeRTOS/Source/tasks.o
 .bss.xYieldPending
                0x0000000020000f7c        0x4 ./Middlewares/Third_Party/FreeRTOS/Source/tasks.o
 .bss.xNumOfOverflows
                0x0000000020000f80        0x4 ./Middlewares/Third_Party/FreeRTOS/Source/tasks.o
 .bss.uxTaskNumber
                0x0000000020000f84        0x4 ./Middlewares/Third_Party/FreeRTOS/Source/tasks.o
 .bss.xNextTaskUnblockTime
                0x0000000020000f88        0x4 ./Middlewares/Third_Party/FreeRTOS/Source/tasks.o
 .bss.xIdleTaskHandle
                0x0000000020000f8c        0x4 ./Middlewares/Third_Party/FreeRTOS/Source/tasks.o
 .bss.uxSchedulerSuspended
                0x0000000020000f90        0x4 ./Middlewares/Third_Party/FreeRTOS/Source/tasks.o
 .bss.ulTaskSwitchedInTime
                0x0000000020000f94        0x4 ./Middlewares/Third_Party/FreeRTOS/Source/tasks.o
 .bss.ulTotalRunTime
                0x0000000020000f98        0x4 ./Middlewares/Third_Party/FreeRTOS/Source/tasks.o
 .bss.xActiveTimerList1
                0x0000000020000f9c       0x14 ./Middlewares/Third_Party/FreeRTOS/Source/timers.o
 .bss.xActiveTimerList2
                0x0000000020000fb0       0x14 ./Middlewares/Third_Party/FreeRTOS/Source/timers.o
 .bss.pxCurrentTimerList
                0x0000000020000fc4        0x4 ./Middlewares/Third_Party/FreeRTOS/Source/timers.o
 .bss.pxOverflowTimerList
                0x0000000020000fc8        0x4 ./Middlewares/Third_Party/FreeRTOS/Source/timers.o
 .bss.xTimerQueue
                0x0000000020000fcc        0x4 ./Middlewares/Third_Party/FreeRTOS/Source/timers.o
 .bss.xTimerTaskHandle
                0x0000000020000fd0        0x4 ./Middlewares/Third_Party/FreeRTOS/Source/timers.o
 .bss.xLastTime.2
                0x0000000020000fd4        0x4 ./Middlewares/Third_Party/FreeRTOS/Source/timers.o
 .bss.ucStaticTimerQueueStorage.1
                0x0000000020000fd8       0xa0 ./Middlewares/Third_Party/FreeRTOS/Source/timers.o
 .bss.xStaticTimerQueue.0
                0x0000000020001078       0x50 ./Middlewares/Third_Party/FreeRTOS/Source/timers.o
 .bss.ucMaxSysCallPriority
                0x00000000200010c8        0x1 ./Middlewares/Third_Party/FreeRTOS/Source/portable/GCC/ARM_CM4F/port.o
 *fill*         0x00000000200010c9        0x3 
 .bss.ulMaxPRIGROUPValue
                0x00000000200010cc        0x4 ./Middlewares/Third_Party/FreeRTOS/Source/portable/GCC/ARM_CM4F/port.o
 .bss.ucHeap    0x00000000200010d0     0x4e20 ./Middlewares/Third_Party/FreeRTOS/Source/portable/MemMang/heap_4.o
 .bss.xStart    0x0000000020005ef0        0x8 ./Middlewares/Third_Party/FreeRTOS/Source/portable/MemMang/heap_4.o
 .bss.pxEnd     0x0000000020005ef8        0x4 ./Middlewares/Third_Party/FreeRTOS/Source/portable/MemMang/heap_4.o
 .bss.xFreeBytesRemaining
                0x0000000020005efc        0x4 ./Middlewares/Third_Party/FreeRTOS/Source/portable/MemMang/heap_4.o
 .bss.xMinimumEverFreeBytesRemaining
                0x0000000020005f00        0x4 ./Middlewares/Third_Party/FreeRTOS/Source/portable/MemMang/heap_4.o
 .bss.xNumberOfSuccessfulAllocations
                0x0000000020005f04        0x4 ./Middlewares/Third_Party/FreeRTOS/Source/portable/MemMang/heap_4.o
 .bss.xNumberOfSuccessfulFrees
                0x0000000020005f08        0x4 ./Middlewares/Third_Party/FreeRTOS/Source/portable/MemMang/heap_4.o
 .bss.xBlockAllocatedBit
                0x0000000020005f0c        0x4 ./Middlewares/Third_Party/FreeRTOS/Source/portable/MemMang/heap_4.o
 .bss.braking_stepper
                0x0000000020005f10       0x18 ./libs/stepper_lib/stepper.o
                0x0000000020005f10                braking_stepper
 .bss.steering_stepper
                0x0000000020005f28       0x18 ./libs/stepper_lib/stepper.o
                0x0000000020005f28                steering_stepper
 .bss.unsafe_direction
                0x0000000020005f40        0x1 ./libs/stepper_lib/stepper.o
                0x0000000020005f40                unsafe_direction
 *fill*         0x0000000020005f41        0x3 
 .bss.steerTaskHandle
                0x0000000020005f44        0x4 ./libs/stepper_lib/stepper_tasks.o
                0x0000000020005f44                steerTaskHandle
 .bss.brakingTaskHandle
                0x0000000020005f48        0x4 ./libs/stepper_lib/stepper_tasks.o
                0x0000000020005f48                brakingTaskHandle
 .bss.canResetTaskHandle
                0x0000000020005f4c        0x4 ./libs/vanttec_CANLib/platform_specific/vanttec_canlib_stm/generic_tasks/can_reset_task.o
                0x0000000020005f4c                canResetTaskHandle
 .bss.g_vanttec_hcan
                0x0000000020005f50       0x28 ./libs/vanttec_CANLib/platform_specific/vanttec_canlib_stm/vanttec_canlib.o
                0x0000000020005f50                g_vanttec_hcan
 .bss.g_vanttec_deviceId
                0x0000000020005f78        0x2 ./libs/vanttec_CANLib/platform_specific/vanttec_canlib_stm/vanttec_canlib.o
                0x0000000020005f78                g_vanttec_deviceId
 *fill*         0x0000000020005f7a        0x2 
 .bss.g_can_lock
                0x0000000020005f7c        0x4 ./libs/vanttec_CANLib/platform_specific/vanttec_canlib_stm/vanttec_canlib.o
                0x0000000020005f7c                g_can_lock
 .bss.rx_table  0x0000000020005f80      0x180 ./libs/vanttec_CANLib/platform_specific/vanttec_canlib_stm/vanttec_canlib_rx_task.o
                0x0000000020005f80                rx_table
 .bss.last_entry
                0x0000000020006100        0x4 ./libs/vanttec_CANLib/platform_specific/vanttec_canlib_stm/vanttec_canlib_rx_task.o
                0x0000000020006100                last_entry
 .bss.rxMessageQueue
                0x0000000020006104        0x4 ./libs/vanttec_CANLib/platform_specific/vanttec_canlib_stm/vanttec_canlib_rx_task.o
                0x0000000020006104                rxMessageQueue
 .bss.canRxTaskHandle
                0x0000000020006108        0x4 ./libs/vanttec_CANLib/platform_specific/vanttec_canlib_stm/vanttec_canlib_rx_task.o
                0x0000000020006108                canRxTaskHandle
 .bss.canRxQueueTaskHandle
                0x000000002000610c        0x4 ./libs/vanttec_CANLib/platform_specific/vanttec_canlib_stm/vanttec_canlib_rx_task.o
                0x000000002000610c                canRxQueueTaskHandle
 .bss.txMessageQueue
                0x0000000020006110        0x4 ./libs/vanttec_CANLib/platform_specific/vanttec_canlib_stm/vanttec_canlib_tx_task.o
                0x0000000020006110                txMessageQueue
 .bss.canTxTaskHandle
                0x0000000020006114        0x4 ./libs/vanttec_CANLib/platform_specific/vanttec_canlib_stm/vanttec_canlib_tx_task.o
                0x0000000020006114                canTxTaskHandle
 .bss.lastDebugSent
                0x0000000020006118        0x4 ./libs/vanttec_CANLib/platform_specific/vanttec_canlib_stm/vanttec_canlib_tx_task.o
                0x0000000020006118                lastDebugSent
 .bss.__lock___malloc_recursive_mutex
                0x000000002000611c        0x1 c:/st/stm32cubeide_1.11.2/stm32cubeide/plugins/com.st.stm32cube.ide.mcu.externaltools.gnu-tools-for-stm32.10.3-2021.10.win32_1.0.100.202210260954/tools/bin/../lib/gcc/arm-none-eabi/10.3.1/../../../../arm-none-eabi/lib/thumb/v7e-m+fp/hard\libc_nano.a(lib_a-lock.o)
                0x000000002000611c                __lock___malloc_recursive_mutex
 *fill*         0x000000002000611d        0x3 
 .bss.__malloc_free_list
                0x0000000020006120        0x4 c:/st/stm32cubeide_1.11.2/stm32cubeide/plugins/com.st.stm32cube.ide.mcu.externaltools.gnu-tools-for-stm32.10.3-2021.10.win32_1.0.100.202210260954/tools/bin/../lib/gcc/arm-none-eabi/10.3.1/../../../../arm-none-eabi/lib/thumb/v7e-m+fp/hard\libc_nano.a(lib_a-nano-mallocr.o)
                0x0000000020006120                __malloc_free_list
 *(COMMON)
                0x0000000020006124                . = ALIGN (0x4)
                0x0000000020006124                _ebss = .
                0x0000000020006124                __bss_end__ = _ebss

._user_heap_stack
                0x0000000020006124      0x604 load address 0x000000000800b1bc
                0x0000000020006128                . = ALIGN (0x8)
 *fill*         0x0000000020006124        0x4 
                [!provide]                        PROVIDE (end = .)
                0x0000000020006128                PROVIDE (_end = .)
                0x0000000020006328                . = (. + _Min_Heap_Size)
 *fill*         0x0000000020006128      0x200 
                0x0000000020006728                . = (. + _Min_Stack_Size)
 *fill*         0x0000000020006328      0x400 
                0x0000000020006728                . = ALIGN (0x8)

/DISCARD/
 libc.a(*)
 libm.a(*)
 libgcc.a(*)

.ARM.attributes
                0x0000000000000000       0x30
 *(.ARM.attributes)
 .ARM.attributes
                0x0000000000000000       0x1e c:/st/stm32cubeide_1.11.2/stm32cubeide/plugins/com.st.stm32cube.ide.mcu.externaltools.gnu-tools-for-stm32.10.3-2021.10.win32_1.0.100.202210260954/tools/bin/../lib/gcc/arm-none-eabi/10.3.1/thumb/v7e-m+fp/hard/crti.o
 .ARM.attributes