Archive member included to satisfy reference by file (symbol)

c:/st/stm32cubeide_1.11.2/stm32cubeide/plugins/com.st.stm32cube.ide.mcu.externaltools.gnu-tools-for-stm32.10.3-2021.10.win32_1.0.100.202210260954/tools/bin/../lib/gcc/arm-none-eabi/10.3.1/../../../../arm-none-eabi/lib/thumb/v7e-m+fp/hard\libm.a(lib_a-sf_ldexp.o)
                              ./libs/vanttec_CANLib/src/Vanttec_CANLib/Utils/CANDeserialization.o (ldexpf)
c:/st/stm32cubeide_1.11.2/stm32cubeide/plugins/com.st.stm32cube.ide.mcu.externaltools.gnu-tools-for-stm32.10.3-2021.10.win32_1.0.100.202210260954/tools/bin/../lib/gcc/arm-none-eabi/10.3.1/../../../../arm-none-eabi/lib/thumb/v7e-m+fp/hard\libm.a(lib_a-sf_scalbn.o)
                              c:/st/stm32cubeide_1.11.2/stm32cubeide/plugins/com.st.stm32cube.ide.mcu.externaltools.gnu-tools-for-stm32.10.3-2021.10.win32_1.0.100.202210260954/tools/bin/../lib/gcc/arm-none-eabi/10.3.1/../../../../arm-none-eabi/lib/thumb/v7e-m+fp/hard\libm.a(lib_a-sf_ldexp.o) (scalbnf)
c:/st/stm32cubeide_1.11.2/stm32cubeide/plugins/com.st.stm32cube.ide.mcu.externaltools.gnu-tools-for-stm32.10.3-2021.10.win32_1.0.100.202210260954/tools/bin/../lib/gcc/arm-none-eabi/10.3.1/../../../../arm-none-eabi/lib/thumb/v7e-m+fp/hard\libm.a(lib_a-sf_finite.o)
                              c:/st/stm32cubeide_1.11.2/stm32cubeide/plugins/com.st.stm32cube.ide.mcu.externaltools.gnu-tools-for-stm32.10.3-2021.10.win32_1.0.100.202210260954/tools/bin/../lib/gcc/arm-none-eabi/10.3.1/../../../../arm-none-eabi/lib/thumb/v7e-m+fp/hard\libm.a(lib_a-sf_ldexp.o) (finitef)
c:/st/stm32cubeide_1.11.2/stm32cubeide/plugins/com.st.stm32cube.ide.mcu.externaltools.gnu-tools-for-stm32.10.3-2021.10.win32_1.0.100.202210260954/tools/bin/../lib/gcc/arm-none-eabi/10.3.1/../../../../arm-none-eabi/lib/thumb/v7e-m+fp/hard\libc_nano.a(lib_a-errno.o)
                              ./Core/Src/syscalls.o (__errno)
c:/st/stm32cubeide_1.11.2/stm32cubeide/plugins/com.st.stm32cube.ide.mcu.externaltools.gnu-tools-for-stm32.10.3-2021.10.win32_1.0.100.202210260954/tools/bin/../lib/gcc/arm-none-eabi/10.3.1/../../../../arm-none-eabi/lib/thumb/v7e-m+fp/hard\libc_nano.a(lib_a-exit.o)
                              c:/st/stm32cubeide_1.11.2/stm32cubeide/plugins/com.st.stm32cube.ide.mcu.externaltools.gnu-tools-for-stm32.10.3-2021.10.win32_1.0.100.202210260954/tools/bin/../lib/gcc/arm-none-eabi/10.3.1/../../../../arm-none-eabi/lib/thumb/v7e-m+fp/hard/crt0.o (exit)
c:/st/stm32cubeide_1.11.2/stm32cubeide/plugins/com.st.stm32cube.ide.mcu.externaltools.gnu-tools-for-stm32.10.3-2021.10.win32_1.0.100.202210260954/tools/bin/../lib/gcc/arm-none-eabi/10.3.1/../../../../arm-none-eabi/lib/thumb/v7e-m+fp/hard\libc_nano.a(lib_a-findfp.o)
                              ./Middlewares/Third_Party/FreeRTOS/Source/tasks.o (__sf_fake_stderr)
c:/st/stm32cubeide_1.11.2/stm32cubeide/plugins/com.st.stm32cube.ide.mcu.externaltools.gnu-tools-for-stm32.10.3-2021.10.win32_1.0.100.202210260954/tools/bin/../lib/gcc/arm-none-eabi/10.3.1/../../../../arm-none-eabi/lib/thumb/v7e-m+fp/hard\libc_nano.a(lib_a-fwalk.o)
                              c:/st/stm32cubeide_1.11.2/stm32cubeide/plugins/com.st.stm32cube.ide.mcu.externaltools.gnu-tools-for-stm32.10.3-2021.10.win32_1.0.100.202210260954/tools/bin/../lib/gcc/arm-none-eabi/10.3.1/../../../../arm-none-eabi/lib/thumb/v7e-m+fp/hard\libc_nano.a(lib_a-findfp.o) (_fwalk)
c:/st/stm32cubeide_1.11.2/stm32cubeide/plugins/com.st.stm32cube.ide.mcu.externaltools.gnu-tools-for-stm32.10.3-2021.10.win32_1.0.100.202210260954/tools/bin/../lib/gcc/arm-none-eabi/10.3.1/../../../../arm-none-eabi/lib/thumb/v7e-m+fp/hard\libc_nano.a(lib_a-impure.o)
                              c:/st/stm32cubeide_1.11.2/stm32cubeide/plugins/com.st.stm32cube.ide.mcu.externaltools.gnu-tools-for-stm32.10.3-2021.10.win32_1.0.100.202210260954/tools/bin/../lib/gcc/arm-none-eabi/10.3.1/../../../../arm-none-eabi/lib/thumb/v7e-m+fp/hard\libc_nano.a(lib_a-exit.o) (_global_impure_ptr)
c:/st/stm32cubeide_1.11.2/stm32cubeide/plugins/com.st.stm32cube.ide.mcu.externaltools.gnu-tools-for-stm32.10.3-2021.10.win32_1.0.100.202210260954/tools/bin/../lib/gcc/arm-none-eabi/10.3.1/../../../../arm-none-eabi/lib/thumb/v7e-m+fp/hard\libc_nano.a(lib_a-init.o)
                              c:/st/stm32cubeide_1.11.2/stm32cubeide/plugins/com.st.stm32cube.ide.mcu.externaltools.gnu-tools-for-stm32.10.3-2021.10.win32_1.0.100.202210260954/tools/bin/../lib/gcc/arm-none-eabi/10.3.1/../../../../arm-none-eabi/lib/thumb/v7e-m+fp/hard/crt0.o (__libc_init_array)
c:/st/stm32cubeide_1.11.2/stm32cubeide/plugins/com.st.stm32cube.ide.mcu.externaltools.gnu-tools-for-stm32.10.3-2021.10.win32_1.0.100.202210260954/tools/bin/../lib/gcc/arm-none-eabi/10.3.1/../../../../arm-none-eabi/lib/thumb/v7e-m+fp/hard\libc_nano.a(lib_a-lock.o)
[...]
Memory Configuration

Name             Origin             Length             Attributes
RAM              0x0000000020000000 0x0000000000010000 xrw
RAM2             0x0000000010000000 0x0000000000004000 xrw
FLASH            0x0000000008000000 0x0000000000040000 xr
*default*        0x0000000000000000 0xffffffffffffffff

Linker script and memory map

LOAD c:/st/stm32cubeide_1.11.2/stm32cubeide/plugins/com.st.stm32cube.ide.mcu.externaltools.gnu-tools-for-stm32.10.3-2021.10.win32_1.0.100.202210260954/tools/bin/../lib/gcc/arm-none-eabi/10.3.1/thumb/v7e-m+fp/hard/crti.o
LOAD c:/st/stm32cubeide_1.11.2/stm32cubeide/plugins/com.st.stm32cube.ide.mcu.externaltools.gnu-tools-for-stm32.10.3-2021.10.win32_1.0.100.202210260954/tools/bin/../lib/gcc/arm-none-eabi/10.3.1/thumb/v7e-m+fp/hard/crtbegin.o
LOAD c:/st/stm32cubeide_1.11.2/stm32cubeide/plugins/com.st.stm32cube.ide.mcu.externaltools.gnu-tools-for-stm32.10.3-2021.10.win32_1.0.100.202210260954/tools/bin/../lib/gcc/arm-none-eabi/10.3.1/../../../../arm-none-eabi/lib/thumb/v7e-m+fp/hard/crt0.o
LOAD ./Core/Src/freertos.o
LOAD ./Core/Src/main.o
LOAD ./Core/Src/stm32l4xx_hal_msp.o
LOAD ./Core/Src/stm32l4xx_hal_timebase_tim.o
LOAD ./Core/Src/stm32l4xx_it.o
LOAD ./Core/Src/syscalls.o
LOAD ./Core/Src/sysmem.o
LOAD ./Core/Src/system_stm32l4xx.o
LOAD ./Core/Startup/startup_stm32l431rctx.o
LOAD ./Drivers/STM32L4xx_HAL_Driver/Src/stm32l4xx_hal.o
LOAD ./Drivers/STM32L4xx_HAL_Driver/Src/stm32l4xx_hal_adc.o
LOAD ./Drivers/STM32L4xx_HAL_Driver/Src/stm32l4xx_hal_adc_ex.o
LOAD ./Drivers/STM32L4xx_HAL_Driver/Src/stm32l4xx_hal_can.o
LOAD ./Drivers/STM32L4xx_HAL_Driver/Src/stm32l4xx_hal_cortex.o
LOAD ./Drivers/STM32L4xx_HAL_Driver/Src/stm32l4xx_hal_dma.o
LOAD ./Drivers/STM32L4xx_HAL_Driver/Src/stm32l4xx_hal_dma_ex.o
LOAD ./Drivers/STM32L4xx_HAL_Driver/Src/stm32l4xx_hal_exti.o
LOAD ./Drivers/STM32L4xx_HAL_Driver/Src/stm32l4xx_hal_flash.o
LOAD ./Drivers/STM32L4xx_HAL_Driver/Src/stm32l4xx_hal_flash_ex.o
LOAD ./Drivers/STM32L4xx_HAL_Driver/Src/stm32l4xx_hal_flash_ramfunc.o
LOAD ./Drivers/STM32L4xx_HAL_Driver/Src/stm32l4xx_hal_gpio.o
LOAD ./Drivers/STM32L4xx_HAL_Driver/Src/stm32l4xx_hal_i2c.o
LOAD ./Drivers/STM32L4xx_HAL_Driver/Src/stm32l4xx_hal_i2c_ex.o
LOAD ./Drivers/STM32L4xx_HAL_Driver/Src/stm32l4xx_hal_pwr.o
LOAD ./Drivers/STM32L4xx_HAL_Driver/Src/stm32l4xx_hal_pwr_ex.o
LOAD ./Drivers/STM32L4xx_HAL_Driver/Src/stm32l4xx_hal_rcc.o
LOAD ./Drivers/STM32L4xx_HAL_Driver/Src/stm32l4xx_hal_rcc_ex.o
LOAD ./Drivers/STM32L4xx_HAL_Driver/Src/stm32l4xx_hal_tim.o
LOAD ./Drivers/STM32L4xx_HAL_Driver/Src/stm32l4xx_hal_tim_ex.o
LOAD ./Drivers/STM32L4xx_HAL_Driver/Src/stm32l4xx_hal_uart.o
LOAD ./Drivers/STM32L4xx_HAL_Driver/Src/stm32l4xx_hal_uart_ex.o
LOAD ./Middlewares/Third_Party/FreeRTOS/Source/CMSIS_RTOS_V2/cmsis_os2.o
LOAD ./Middlewares/Third_Party/FreeRTOS/Source/croutine.o
LOAD ./Middlewares/Third_Party/FreeRTOS/Source/event_groups.o
LOAD ./Middlewares/Third_Party/FreeRTOS/Source/list.o
LOAD ./Middlewares/Third_Party/FreeRTOS/Source/queue.o
LOAD ./Middlewares/Third_Party/FreeRTOS/Source/stream_buffer.o
LOAD ./Middlewares/Third_Party/FreeRTOS/Source/tasks.o
LOAD ./Middlewares/Third_Party/FreeRTOS/Source/timers.o
LOAD ./Middlewares/Third_Party/FreeRTOS/Source/portable/GCC/ARM_CM4F/port.o
LOAD ./Middlewares/Third_Party/FreeRTOS/Source/portable/MemMang/heap_4.o
LOAD ./libs/STEPPER/encoder.o
LOAD ./libs/STEPPER/stepper.o
LOAD ./libs/STEPPER/stepper_tasks.o
LOAD ./libs/vanttec_CANLib/platform_specific/vanttec_canlib_stm/generic_tasks/can_reset_task.o
LOAD ./libs/vanttec_CANLib/platform_specific/vanttec_canlib_stm/generic_tasks/generic_tasks.o
LOAD ./libs/vanttec_CANLib/platform_specific/vanttec_canlib_stm/generic_tasks/requirements.o
LOAD ./libs/vanttec_CANLib/platform_specific/vanttec_canlib_stm/ping_task.o
LOAD ./libs/vanttec_CANLib/platform_specific/vanttec_canlib_stm/utils.o
LOAD ./libs/vanttec_CANLib/platform_specific/vanttec_canlib_stm/vanttec_canlib.o
LOAD ./libs/vanttec_CANLib/platform_specific/vanttec_canlib_stm/vanttec_canlib_rx_task.o
LOAD ./libs/vanttec_CANLib/platform_specific/vanttec_canlib_stm/vanttec_canlib_tx_task.o
LOAD ./libs/vanttec_CANLib/src/Vanttec_CANLib/ByteOrder/inet.o
LOAD ./libs/vanttec_CANLib/src/Vanttec_CANLib/CANMessage.o
LOAD ./libs/vanttec_CANLib/src/Vanttec_CANLib/Utils/CANDeserialization.o
LOAD ./libs/vanttec_CANLib/src/Vanttec_CANLib/Utils/CANSerialization.o
START GROUP
LOAD c:/st/stm32cubeide_1.11.2/stm32cubeide/plugins/com.st.stm32cube.ide.mcu.externaltools.gnu-tools-for-stm32.10.3-2021.10.win32_1.0.100.202210260954/tools/bin/../lib/gcc/arm-none-eabi/10.3.1/../../../../arm-none-eabi/lib/thumb/v7e-m+fp/hard\libstdc++_nano.a
LOAD c:/st/stm32cubeide_1.11.2/stm32cubeide/plugins/com.st.stm32cube.ide.mcu.externaltools.gnu-tools-for-stm32.10.3-2021.10.win32_1.0.100.202210260954/tools/bin/../lib/gcc/arm-none-eabi/10.3.1/../../../../arm-none-eabi/lib/thumb/v7e-m+fp/hard\libsupc++_nano.a
END GROUP
LOAD c:/st/stm32cubeide_1.11.2/stm32cubeide/plugins/com.st.stm32cube.ide.mcu.externaltools.gnu-tools-for-stm32.10.3-2021.10.win32_1.0.100.202210260954/tools/bin/../lib/gcc/arm-none-eabi/10.3.1/../../../../arm-none-eabi/lib/thumb/v7e-m+fp/hard\libstdc++_nano.a
LOAD c:/st/stm32cubeide_1.11.2/stm32cubeide/plugins/com.st.stm32cube.ide.mcu.externaltools.gnu-tools-for-stm32.10.3-2021.10.win32_1.0.100.202210260954/tools/bin/../lib/gcc/arm-none-eabi/10.3.1/../../../../arm-none-eabi/lib/thumb/v7e-m+fp/hard\libm.a
LOAD c:/st/stm32cubeide_1.11.2/stm32cubeide/plugins/com.st.stm32cube.ide.mcu.externaltools.gnu-tools-for-stm32.10.3-2021.10.win32_1.0.100.202210260954/tools/bin/../lib/gcc/arm-none-eabi/10.3.1/../../../../arm-none-eabi/lib/thumb/v7e-m+fp/hard\libc_nano.a
START GROUP
LOAD c:/st/stm32cubeide_1.11.2/stm32cubeide/plugins/com.st.stm32cube.ide.mcu.externaltools.gnu-tools-for-stm32.10.3-2021.10.win32_1.0.100.202210260954/tools/bin/../lib/gcc/arm-none-eabi/10.3.1/thumb/v7e-m+fp/hard\libgcc.a
LOAD c:/st/stm32cubeide_1.11.2/stm32cubeide/plugins/com.st.stm32cube.ide.mcu.externaltools.gnu-tools-for-stm32.10.3-2021.10.win32_1.0.100.202210260954/tools/bin/../lib/gcc/arm-none-eabi/10.3.1/../../../../arm-none-eabi/lib/thumb/v7e-m+fp/hard\libc_nano.a
END GROUP
START GROUP
LOAD c:/st/stm32cubeide_1.11.2/stm32cubeide/plugins/com.st.stm32cube.ide.mcu.externaltools.gnu-tools-for-stm32.10.3-2021.10.win32_1.0.100.202210260954/tools/bin/../lib/gcc/arm-none-eabi/10.3.1/thumb/v7e-m+fp/hard\libgcc.a
LOAD c:/st/stm32cubeide_1.11.2/stm32cubeide/plugins/com.st.stm32cube.ide.mcu.externaltools.gnu-tools-for-stm32.10.3-2021.10.win32_1.0.100.202210260954/tools/bin/../lib/gcc/arm-none-eabi/10.3.1/../../../../arm-none-eabi/lib/thumb/v7e-m+fp/hard\libc_nano.a
LOAD c:/st/stm32cubeide_1.11.2/stm32cubeide/plugins/com.st.stm32cube.ide.mcu.externaltools.gnu-tools-for-stm32.10.3-2021.10.win32_1.0.100.202210260954/tools/bin/../lib/gcc/arm-none-eabi/10.3.1/../../../../arm-none-eabi/lib/thumb/v7e-m+fp/hard\libnosys.a
END GROUP
START GROUP
LOAD c:/st/stm32cubeide_1.11.2/stm32cubeide/plugins/com.st.stm32cube.ide.mcu.externaltools.gnu-tools-for-stm32.10.3-2021.10.win32_1.0.100.202210260954/tools/bin/../lib/gcc/arm-none-eabi/10.3.1/thumb/v7e-m+fp/hard\libgcc.a
LOAD c:/st/stm32cubeide_1.11.2/stm32cubeide/plugins/com.st.stm32cube.ide.mcu.externaltools.gnu-tools-for-stm32.10.3-2021.10.win32_1.0.100.202210260954/tools/bin/../lib/gcc/arm-none-eabi/10.3.1/../../../../arm-none-eabi/lib/thumb/v7e-m+fp/hard\libc_nano.a
LOAD c:/st/stm32cubeide_1.11.2/stm32cubeide/plugins/com.st.stm32cube.ide.mcu.externaltools.gnu-tools-for-stm32.10.3-2021.10.win32_1.0.100.202210260954/tools/bin/../lib/gcc/arm-none-eabi/10.3.1/../../../../arm-none-eabi/lib/thumb/v7e-m+fp/hard\libnosys.a
END GROUP
LOAD c:/st/stm32cubeide_1.11.2/stm32cubeide/plugins/com.st.stm32cube.ide.mcu.externaltools.gnu-tools-for-stm32.10.3-2021.10.win32_1.0.100.202210260954/tools/bin/../lib/gcc/arm-none-eabi/10.3.1/thumb/v7e-m+fp/hard/crtend.o
LOAD c:/st/stm32cubeide_1.11.2/stm32cubeide/plugins/com.st.stm32cube.ide.mcu.externaltools.gnu-tools-for-stm32.10.3-2021.10.win32_1.0.100.202210260954/tools/bin/../lib/gcc/arm-none-eabi/10.3.1/thumb/v7e-m+fp/hard/crtn.o
                0x0000000020010000                _estack = (ORIGIN (RAM) + LENGTH (RAM))
                0x0000000000000200                _Min_Heap_Size = 0x200
                0x0000000000000400                _Min_Stack_Size = 0x400

.isr_vector     0x0000000008000000      0x18c
                0x0000000008000000                . = ALIGN (0x4)
 *(.isr_vector)
 .isr_vector    0x0000000008000000      0x18c ./Core/Startup/startup_stm32l431rctx.o
                0x0000000008000000                g_pfnVectors
                0x000000000800018c                . = ALIGN (0x4)

.text           0x0000000008000190     0xa894
                0x0000000008000190                . = ALIGN (0x4)
 *(.text)
 .text          0x0000000008000190       0x40 c:/st/stm32cubeide_1.11.2/stm32cubeide/plugins/com.st.stm32cube.ide.mcu.externaltools.gnu-tools-for-stm32.10.3-2021.10.win32_1.0.100.202210260954/tools/bin/../lib/gcc/arm-none-eabi/10.3.1/thumb/v7e-m+fp/hard/crtbegin.o
 .text          0x00000000080001d0       0x10 c:/st/stm32cubeide_1.11.2/stm32cubeide/plugins/com.st.stm32cube.ide.mcu.externaltools.gnu-tools-for-stm32.10.3-2021.10.win32_1.0.100.202210260954/tools/bin/../lib/gcc/arm-none-eabi/10.3.1/../../../../arm-none-eabi/lib/thumb/v7e-m+fp/hard\libc_nano.a(lib_a-strlen.o)
                0x00000000080001d0                strlen
 .text          0x00000000080001e0       0x30 c:/st/stm32cubeide_1.11.2/stm32cubeide/plugins/com.st.stm32cube.ide.mcu.externaltools.gnu-tools-for-stm32.10.3-2021.10.win32_1.0.100.202210260954/tools/bin/../lib/gcc/arm-none-eabi/10.3.1/thumb/v7e-m+fp/hard\libgcc.a(_aeabi_uldivmod.o)
                0x00000000080001e0                __aeabi_uldivmod
 .text          0x0000000008000210      0x2d0 c:/st/stm32cubeide_1.11.2/stm32cubeide/plugins/com.st.stm32cube.ide.mcu.externaltools.gnu-tools-for-stm32.10.3-2021.10.win32_1.0.100.202210260954/tools/bin/../lib/gcc/arm-none-eabi/10.3.1/thumb/v7e-m+fp/hard\libgcc.a(_udivmoddi4.o)
                0x0000000008000210                __udivmoddi4
 .text          0x00000000080004e0        0x4 c:/st/stm32cubeide_1.11.2/stm32cubeide/plugins/com.st.stm32cube.ide.mcu.externaltools.gnu-tools-for-stm32.10.3-2021.10.win32_1.0.100.202210260954/tools/bin/../lib/gcc/arm-none-eabi/10.3.1/thumb/v7e-m+fp/hard\libgcc.a(_dvmd_tls.o)
                0x00000000080004e0                __aeabi_idiv0
                0x00000000080004e0                __aeabi_ldiv0
 *(.text*)
 .text.configureTimerForRunTimeStats
                0x00000000080004e4        0xe ./Core/Src/freertos.o
                0x00000000080004e4                configureTimerForRunTimeStats
 .text.getRunTimeCounterValue
                0x00000000080004f2       0x10 ./Core/Src/freertos.o
                0x00000000080004f2                getRunTimeCounterValue
 *fill*         0x0000000008000502        0x2 
 .text.main     0x0000000008000504       0x80 ./Core/Src/main.o
                0x0000000008000504                main
 .text.SystemClock_Config
                0x0000000008000584       0x9e ./Core/Src/main.o
                0x0000000008000584                SystemClock_Config
 *fill*         0x0000000008000622        0x2 
 .text.MX_ADC1_Init
                0x0000000008000624       0xc8 ./Core/Src/main.o
 .text.MX_CAN1_Init
                0x00000000080006ec       0x6c ./Core/Src/main.o
 .text.MX_TIM1_Init
                0x0000000008000758      0x158 ./Core/Src/main.o
 .text.MX_TIM2_Init
                0x00000000080008b0      0x100 ./Core/Src/main.o
 .text.MX_USART1_UART_Init
                0x00000000080009b0       0x60 ./Core/Src/main.o
 .text.MX_GPIO_Init
                0x0000000008000a10      0x180 ./Core/Src/main.o
 .text.default_task
                0x0000000008000b90       0x10 ./Core/Src/main.o
                0x0000000008000b90                default_task
 .text.HAL_TIM_PeriodElapsedCallback
                0x0000000008000ba0       0x24 ./Core/Src/main.o
                0x0000000008000ba0                HAL_TIM_PeriodElapsedCallback
 .text.Error_Handler
                0x0000000008000bc4        0xa ./Core/Src/main.o
                0x0000000008000bc4                Error_Handler
 *fill*         0x0000000008000bce        0x2 
 .text.HAL_MspInit
                0x0000000008000bd0       0x50 ./Core/Src/stm32l4xx_hal_msp.o
                0x0000000008000bd0                HAL_MspInit
 .text.HAL_ADC_MspInit
                0x0000000008000c20       0xcc ./Core/Src/stm32l4xx_hal_msp.o
                0x0000000008000c20                HAL_ADC_MspInit
 .text.HAL_CAN_MspInit
                0x0000000008000cec       0x88 ./Core/Src/stm32l4xx_hal_msp.o
                0x0000000008000cec                HAL_CAN_MspInit
 .text.HAL_TIM_Base_MspInit
                0x0000000008000d74       0x80 ./Core/Src/stm32l4xx_hal_msp.o
                0x0000000008000d74                HAL_TIM_Base_MspInit
 .text.HAL_TIM_MspPostInit
                0x0000000008000df4       0xf4 ./Core/Src/stm32l4xx_hal_msp.o
                0x0000000008000df4                HAL_TIM_MspPostInit
 .text.HAL_UART_MspInit
                0x0000000008000ee8       0xb0 ./Core/Src/stm32l4xx_hal_msp.o
                0x0000000008000ee8                HAL_UART_MspInit
 .text.HAL_InitTick
                0x0000000008000f98       0xf4 ./Core/Src/stm32l4xx_hal_timebase_tim.o
                0x0000000008000f98                HAL_InitTick
 .text.NMI_Handler
                0x000000000800108c        0x6 ./Core/Src/stm32l4xx_it.o
                0x000000000800108c                NMI_Handler
 .text.HardFault_Handler
                0x0000000008001092        0x6 ./Core/Src/stm32l4xx_it.o
                0x0000000008001092                HardFault_Handler
 .text.MemManage_Handler
                0x0000000008001098        0x6 ./Core/Src/stm32l4xx_it.o
                0x0000000008001098                MemManage_Handler
 .text.BusFault_Handler
                0x000000000800109e        0x6 ./Core/Src/stm32l4xx_it.o
                0x000000000800109e                BusFault_Handler
 .text.UsageFault_Handler
                0x00000000080010a4        0x6 ./Core/Src/stm32l4xx_it.o
                0x00000000080010a4                UsageFault_Handler
 .text.DebugMon_Handler
                0x00000000080010aa        0xe ./Core/Src/stm32l4xx_it.o
                0x00000000080010aa                DebugMon_Handler
 .text.TIM1_CC_IRQHandler
                0x00000000080010b8       0x14 ./Core/Src/stm32l4xx_it.o
                0x00000000080010b8                TIM1_CC_IRQHandler
 .text.TIM2_IRQHandler
                0x00000000080010cc       0x14 ./Core/Src/stm32l4xx_it.o
                0x00000000080010cc                TIM2_IRQHandler
 .text.TIM6_DAC_IRQHandler
                0x00000000080010e0       0x14 ./Core/Src/stm32l4xx_it.o
                0x00000000080010e0                TIM6_DAC_IRQHandler
 .text.SystemInit
                0x00000000080010f4       0x24 ./Core/Src/system_stm32l4xx.o
                0x00000000080010f4                SystemInit
 .text.Reset_Handler
                0x0000000008001118       0x50 ./Core/Startup/startup_stm32l431rctx.o
                0x0000000008001118                Reset_Handler
 .text.Default_Handler
                0x0000000008001168        0x2 ./Core/Startup/startup_stm32l431rctx.o
                0x0000000008001168                RTC_Alarm_IRQHandler
                0x0000000008001168                EXTI2_IRQHandler
                0x0000000008001168                TSC_IRQHandler
                0x0000000008001168                TAMP_STAMP_IRQHandler
                0x0000000008001168                EXTI3_IRQHandler
                0x0000000008001168                LPTIM2_IRQHandler
                0x0000000008001168                I2C3_ER_IRQHandler
                0x0000000008001168                EXTI0_IRQHandler
                0x0000000008001168                I2C2_EV_IRQHandler
                0x0000000008001168                CAN1_RX0_IRQHandler
                0x0000000008001168                FPU_IRQHandler
                0x0000000008001168                TIM1_UP_TIM16_IRQHandler
                0x0000000008001168                SPI1_IRQHandler
                0x0000000008001168                DMA2_Channel2_IRQHandler
                0x0000000008001168                DMA1_Channel4_IRQHandler
                0x0000000008001168                ADC1_IRQHandler
                0x0000000008001168                USART3_IRQHandler
                0x0000000008001168                DMA1_Channel7_IRQHandler
                0x0000000008001168                CAN1_RX1_IRQHandler
                0x0000000008001168                DMA2_Channel1_IRQHandler
                0x0000000008001168                QUADSPI_IRQHandler
                0x0000000008001168                I2C1_EV_IRQHandler
                0x0000000008001168                DMA1_Channel6_IRQHandler
                0x0000000008001168                DMA2_Channel4_IRQHandler
                0x0000000008001168                RCC_IRQHandler
                0x0000000008001168                TIM1_TRG_COM_IRQHandler
                0x0000000008001168                DMA1_Channel1_IRQHandler
                0x0000000008001168                Default_Handler
                0x0000000008001168                DMA2_Channel7_IRQHandler
                0x0000000008001168                EXTI15_10_IRQHandler
                0x0000000008001168                TIM7_IRQHandler
                0x0000000008001168                SDMMC1_IRQHandler
                0x0000000008001168                I2C3_EV_IRQHandler
                0x0000000008001168                EXTI9_5_IRQHandler
                0x0000000008001168                RTC_WKUP_IRQHandler
                0x0000000008001168                PVD_PVM_IRQHandler
                0x0000000008001168                SPI2_IRQHandler
                0x0000000008001168                CAN1_TX_IRQHandler
                0x0000000008001168                DMA2_Channel5_IRQHandler
                0x0000000008001168                CRS_IRQHandler
                0x0000000008001168                DMA1_Channel5_IRQHandler
                0x0000000008001168                EXTI4_IRQHandler
                0x0000000008001168                RNG_IRQHandler
                0x0000000008001168                DMA1_Channel3_IRQHandler
                0x0000000008001168                COMP_IRQHandler
                0x0000000008001168                WWDG_IRQHandler
                0x0000000008001168                LPUART1_IRQHandler
                0x0000000008001168                DMA2_Channel6_IRQHandler
                0x0000000008001168                EXTI1_IRQHandler
                0x0000000008001168                USART2_IRQHandler
                0x0000000008001168                I2C2_ER_IRQHandler
                0x0000000008001168                DMA1_Channel2_IRQHandler
                0x0000000008001168                CAN1_SCE_IRQHandler
                0x0000000008001168                FLASH_IRQHandler
                0x0000000008001168                USART1_IRQHandler
                0x0000000008001168                SPI3_IRQHandler
                0x0000000008001168                I2C1_ER_IRQHandler
                0x0000000008001168                SWPMI1_IRQHandler
                0x0000000008001168                LPTIM1_IRQHandler
                0x0000000008001168                SAI1_IRQHandler
                0x0000000008001168                DMA2_Channel3_IRQHandler
                0x0000000008001168                TIM1_BRK_TIM15_IRQHandler
 .text.HAL_Init
                0x000000000800116a       0x30 ./Drivers/STM32L4xx_HAL_Driver/Src/stm32l4xx_hal.o
                0x000000000800116a                HAL_Init
 *fill*         0x000000000800119a        0x2 
 .text.HAL_IncTick
                0x000000000800119c       0x28 ./Drivers/STM32L4xx_HAL_Driver/Src/stm32l4xx_hal.o
                0x000000000800119c                HAL_IncTick
 .text.HAL_GetTick
                0x00000000080011c4       0x18 ./Drivers/STM32L4xx_HAL_Driver/Src/stm32l4xx_hal.o
                0x00000000080011c4                HAL_GetTick
 .text.LL_ADC_SetCommonClock
                0x00000000080011dc       0x26 ./Drivers/STM32L4xx_HAL_Driver/Src/stm32l4xx_hal_adc.o
 .text.LL_ADC_SetCommonPathInternalCh
                0x0000000008001202       0x26 ./Drivers/STM32L4xx_HAL_Driver/Src/stm32l4xx_hal_adc.o
 .text.LL_ADC_GetCommonPathInternalCh
                0x0000000008001228       0x1c ./Drivers/STM32L4xx_HAL_Driver/Src/stm32l4xx_hal_adc.o
 .text.LL_ADC_SetOffset
                0x0000000008001244       0x48 ./Drivers/STM32L4xx_HAL_Driver/Src/stm32l4xx_hal_adc.o
 .text.LL_ADC_GetOffsetChannel
                0x000000000800128c       0x2c ./Drivers/STM32L4xx_HAL_Driver/Src/stm32l4xx_hal_adc.o
 .text.LL_ADC_SetOffsetState
                0x00000000080012b8       0x36 ./Drivers/STM32L4xx_HAL_Driver/Src/stm32l4xx_hal_adc.o
 .text.LL_ADC_REG_SetSequencerRanks
                0x00000000080012ee       0x58 ./Drivers/STM32L4xx_HAL_Driver/Src/stm32l4xx_hal_adc.o
 .text.LL_ADC_SetChannelSamplingTime
                0x0000000008001346       0x56 ./Drivers/STM32L4xx_HAL_Driver/Src/stm32l4xx_hal_adc.o
 .text.LL_ADC_SetChannelSingleDiff
                0x000000000800139c       0x48 ./Drivers/STM32L4xx_HAL_Driver/Src/stm32l4xx_hal_adc.o
 .text.LL_ADC_DisableDeepPowerDown
                0x00000000080013e4       0x24 ./Drivers/STM32L4xx_HAL_Driver/Src/stm32l4xx_hal_adc.o
 .text.LL_ADC_IsDeepPowerDownEnabled
                0x0000000008001408       0x28 ./Drivers/STM32L4xx_HAL_Driver/Src/stm32l4xx_hal_adc.o
 .text.LL_ADC_EnableInternalRegulator
                0x0000000008001430       0x28 ./Drivers/STM32L4xx_HAL_Driver/Src/stm32l4xx_hal_adc.o
 .text.LL_ADC_IsInternalRegulatorEnabled
                0x0000000008001458       0x28 ./Drivers/STM32L4xx_HAL_Driver/Src/stm32l4xx_hal_adc.o
 .text.LL_ADC_IsEnabled
                0x0000000008001480       0x26 ./Drivers/STM32L4xx_HAL_Driver/Src/stm32l4xx_hal_adc.o
 .text.LL_ADC_REG_IsConversionOngoing
                0x00000000080014a6       0x26 ./Drivers/STM32L4xx_HAL_Driver/Src/stm32l4xx_hal_adc.o
 .text.LL_ADC_INJ_IsConversionOngoing
                0x00000000080014cc       0x26 ./Drivers/STM32L4xx_HAL_Driver/Src/stm32l4xx_hal_adc.o
 *fill*         0x00000000080014f2        0x2 
 .text.HAL_ADC_Init
                0x00000000080014f4      0x290 ./Drivers/STM32L4xx_HAL_Driver/Src/stm32l4xx_hal_adc.o
                0x00000000080014f4                HAL_ADC_Init
 .text.HAL_ADC_ConfigChannel
                0x0000000008001784      0x7c0 ./Drivers/STM32L4xx_HAL_Driver/Src/stm32l4xx_hal_adc.o
                0x0000000008001784                HAL_ADC_ConfigChannel
 .text.HAL_CAN_Init
                0x0000000008001f44      0x1f6 ./Drivers/STM32L4xx_HAL_Driver/Src/stm32l4xx_hal_can.o
                0x0000000008001f44                HAL_CAN_Init
 .text.HAL_CAN_ConfigFilter
                0x000000000800213a      0x194 ./Drivers/STM32L4xx_HAL_Driver/Src/stm32l4xx_hal_can.o
                0x000000000800213a                HAL_CAN_ConfigFilter
 .text.HAL_CAN_Start
                0x00000000080022ce       0x88 ./Drivers/STM32L4xx_HAL_Driver/Src/stm32l4xx_hal_can.o
                0x00000000080022ce                HAL_CAN_Start
 .text.HAL_CAN_AddTxMessage
                0x0000000008002356      0x1a0 ./Drivers/STM32L4xx_HAL_Driver/Src/stm32l4xx_hal_can.o
                0x0000000008002356                HAL_CAN_AddTxMessage
 .text.HAL_CAN_GetTxMailboxesFreeLevel
                0x00000000080024f6       0x6a ./Drivers/STM32L4xx_HAL_Driver/Src/stm32l4xx_hal_can.o
                0x00000000080024f6                HAL_CAN_GetTxMailboxesFreeLevel
 .text.HAL_CAN_GetRxMessage
                0x0000000008002560      0x224 ./Drivers/STM32L4xx_HAL_Driver/Src/stm32l4xx_hal_can.o
                0x0000000008002560                HAL_CAN_GetRxMessage
 .text.HAL_CAN_GetRxFifoFillLevel
                0x0000000008002784       0x50 ./Drivers/STM32L4xx_HAL_Driver/Src/stm32l4xx_hal_can.o
                0x0000000008002784                HAL_CAN_GetRxFifoFillLevel
 .text.HAL_CAN_ActivateNotification
                0x00000000080027d4       0x4c ./Drivers/STM32L4xx_HAL_Driver/Src/stm32l4xx_hal_can.o
                0x00000000080027d4                HAL_CAN_ActivateNotification
 .text.__NVIC_SetPriorityGrouping
                0x0000000008002820       0x48 ./Drivers/STM32L4xx_HAL_Driver/Src/stm32l4xx_hal_cortex.o
 .text.__NVIC_GetPriorityGrouping
                0x0000000008002868       0x1c ./Drivers/STM32L4xx_HAL_Driver/Src/stm32l4xx_hal_cortex.o
 .text.__NVIC_EnableIRQ
                0x0000000008002884       0x3c ./Drivers/STM32L4xx_HAL_Driver/Src/stm32l4xx_hal_cortex.o
 .text.__NVIC_SetPriority
                0x00000000080028c0       0x54 ./Drivers/STM32L4xx_HAL_Driver/Src/stm32l4xx_hal_cortex.o
 .text.NVIC_EncodePriority
                0x0000000008002914       0x66 ./Drivers/STM32L4xx_HAL_Driver/Src/stm32l4xx_hal_cortex.o
 .text.HAL_NVIC_SetPriorityGrouping
                0x000000000800297a       0x16 ./Drivers/STM32L4xx_HAL_Driver/Src/stm32l4xx_hal_cortex.o
                0x000000000800297a                HAL_NVIC_SetPriorityGrouping
 .text.HAL_NVIC_SetPriority
                0x0000000008002990       0x38 ./Drivers/STM32L4xx_HAL_Driver/Src/stm32l4xx_hal_cortex.o
                0x0000000008002990                HAL_NVIC_SetPriority
 .text.HAL_NVIC_EnableIRQ
                0x00000000080029c8       0x1c ./Drivers/STM32L4xx_HAL_Driver/Src/stm32l4xx_hal_cortex.o
                0x00000000080029c8                HAL_NVIC_EnableIRQ
 .text.HAL_GPIO_Init
                0x00000000080029e4      0x2f4 ./Drivers/STM32L4xx_HAL_Driver/Src/stm32l4xx_hal_gpio.o
                0x00000000080029e4                HAL_GPIO_Init
 .text.HAL_GPIO_WritePin
                0x0000000008002cd8       0x30 ./Drivers/STM32L4xx_HAL_Driver/Src/stm32l4xx_hal_gpio.o
                0x0000000008002cd8                HAL_GPIO_WritePin
 .text.HAL_PWREx_GetVoltageRange
                0x0000000008002d08       0x1c ./Drivers/STM32L4xx_HAL_Driver/Src/stm32l4xx_hal_pwr_ex.o
                0x0000000008002d08                HAL_PWREx_GetVoltageRange
 .text.HAL_PWREx_ControlVoltageScaling
                0x0000000008002d24       0xac ./Drivers/STM32L4xx_HAL_Driver/Src/stm32l4xx_hal_pwr_ex.o
                0x0000000008002d24                HAL_PWREx_ControlVoltageScaling
 .text.HAL_RCC_OscConfig
                0x0000000008002dd0      0x828 ./Drivers/STM32L4xx_HAL_Driver/Src/stm32l4xx_hal_rcc.o
                0x0000000008002dd0                HAL_RCC_OscConfig
 .text.HAL_RCC_ClockConfig
                0x00000000080035f8      0x200 ./Drivers/STM32L4xx_HAL_Driver/Src/stm32l4xx_hal_rcc.o
                0x00000000080035f8                HAL_RCC_ClockConfig
 .text.HAL_RCC_GetSysClockFreq
                0x00000000080037f8      0x114 ./Drivers/STM32L4xx_HAL_Driver/Src/stm32l4xx_hal_rcc.o
                0x00000000080037f8                HAL_RCC_GetSysClockFreq
 .text.HAL_RCC_GetHCLKFreq
                0x000000000800390c       0x18 ./Drivers/STM32L4xx_HAL_Driver/Src/stm32l4xx_hal_rcc.o
                0x000000000800390c                HAL_RCC_GetHCLKFreq
 .text.HAL_RCC_GetPCLK1Freq
                0x0000000008003924       0x2c ./Drivers/STM32L4xx_HAL_Driver/Src/stm32l4xx_hal_rcc.o
                0x0000000008003924                HAL_RCC_GetPCLK1Freq
 .text.HAL_RCC_GetPCLK2Freq
                0x0000000008003950       0x2c ./Drivers/STM32L4xx_HAL_Driver/Src/stm32l4xx_hal_rcc.o
                0x0000000008003950                HAL_RCC_GetPCLK2Freq
 .text.HAL_RCC_GetClockConfig
                0x000000000800397c       0x64 ./Drivers/STM32L4xx_HAL_Driver/Src/stm32l4xx_hal_rcc.o
                0x000000000800397c                HAL_RCC_GetClockConfig
 .text.RCC_SetFlashLatencyFromMSIRange
                0x00000000080039e0       0xc0 ./Drivers/STM32L4xx_HAL_Driver/Src/stm32l4xx_hal_rcc.o
 .text.HAL_RCCEx_PeriphCLKConfig
                0x0000000008003aa0      0x430 ./Drivers/STM32L4xx_HAL_Driver/Src/stm32l4xx_hal_rcc_ex.o
                0x0000000008003aa0                HAL_RCCEx_PeriphCLKConfig
 .text.RCCEx_PLLSAI1_Config
                0x0000000008003ed0      0x1e4 ./Drivers/STM32L4xx_HAL_Driver/Src/stm32l4xx_hal_rcc_ex.o
 .text.HAL_TIM_Base_Init
                0x00000000080040b4       0xae ./Drivers/STM32L4xx_HAL_Driver/Src/stm32l4xx_hal_tim.o
                0x00000000080040b4                HAL_TIM_Base_Init
 *fill*         0x0000000008004162        0x2 
 .text.HAL_TIM_Base_Start_IT
                0x0000000008004164       0xa8 ./Drivers/STM32L4xx_HAL_Driver/Src/stm32l4xx_hal_tim.o
                0x0000000008004164                HAL_TIM_Base_Start_IT
 .text.HAL_TIM_PWM_Init
                0x000000000800420c       0xae ./Drivers/STM32L4xx_HAL_Driver/Src/stm32l4xx_hal_tim.o
                0x000000000800420c                HAL_TIM_PWM_Init
 .text.HAL_TIM_PWM_MspInit
                0x00000000080042ba       0x14 ./Drivers/STM32L4xx_HAL_Driver/Src/stm32l4xx_hal_tim.o
                0x00000000080042ba                HAL_TIM_PWM_MspInit
 *fill*         0x00000000080042ce        0x2 
 .text.HAL_TIM_PWM_Start_IT
                0x00000000080042d0      0x258 ./Drivers/STM32L4xx_HAL_Driver/Src/stm32l4xx_hal_tim.o
                0x00000000080042d0                HAL_TIM_PWM_Start_IT
 .text.HAL_TIM_PWM_Stop_IT
                0x0000000008004528      0x1a8 ./Drivers/STM32L4xx_HAL_Driver/Src/stm32l4xx_hal_tim.o
                0x0000000008004528                HAL_TIM_PWM_Stop_IT
 .text.HAL_TIM_IRQHandler
                0x00000000080046d0      0x23e ./Drivers/STM32L4xx_HAL_Driver/Src/stm32l4xx_hal_tim.o
                0x00000000080046d0                HAL_TIM_IRQHandler
 *fill*         0x000000000800490e        0x2 
 .text.HAL_TIM_PWM_ConfigChannel
                0x0000000008004910      0x228 ./Drivers/STM32L4xx_HAL_Driver/Src/stm32l4xx_hal_tim.o
                0x0000000008004910                HAL_TIM_PWM_ConfigChannel
 .text.HAL_TIM_ConfigClockSource
                0x0000000008004b38      0x192 ./Drivers/STM32L4xx_HAL_Driver/Src/stm32l4xx_hal_tim.o
                0x0000000008004b38                HAL_TIM_ConfigClockSource
 .text.HAL_TIM_OC_DelayElapsedCallback
                0x0000000008004cca       0x14 ./Drivers/STM32L4xx_HAL_Driver/Src/stm32l4xx_hal_tim.o
                0x0000000008004cca                HAL_TIM_OC_DelayElapsedCallback
 .text.HAL_TIM_IC_CaptureCallback
                0x0000000008004cde       0x14 ./Drivers/STM32L4xx_HAL_Driver/Src/stm32l4xx_hal_tim.o
                0x0000000008004cde                HAL_TIM_IC_CaptureCallback
 .text.HAL_TIM_TriggerCallback
                0x0000000008004cf2       0x14 ./Drivers/STM32L4xx_HAL_Driver/Src/stm32l4xx_hal_tim.o
                0x0000000008004cf2                HAL_TIM_TriggerCallback
 *fill*         0x0000000008004d06        0x2 
 .text.TIM_Base_SetConfig
                0x0000000008004d08       0xc8 ./Drivers/STM32L4xx_HAL_Driver/Src/stm32l4xx_hal_tim.o
                0x0000000008004d08                TIM_Base_SetConfig
 .text.TIM_OC1_SetConfig
                0x0000000008004dd0       0xf8 ./Drivers/STM32L4xx_HAL_Driver/Src/stm32l4xx_hal_tim.o
 .text.TIM_OC2_SetConfig
                0x0000000008004ec8       0xf4 ./Drivers/STM32L4xx_HAL_Driver/Src/stm32l4xx_hal_tim.o
                0x0000000008004ec8                TIM_OC2_SetConfig
 .text.TIM_OC3_SetConfig
                0x0000000008004fbc       0xf0 ./Drivers/STM32L4xx_HAL_Driver/Src/stm32l4xx_hal_tim.o
 .text.TIM_OC4_SetConfig
                0x00000000080050ac       0xbc ./Drivers/STM32L4xx_HAL_Driver/Src/stm32l4xx_hal_tim.o
 .text.TIM_OC5_SetConfig
                0x0000000008005168       0xb0 ./Drivers/STM32L4xx_HAL_Driver/Src/stm32l4xx_hal_tim.o
 .text.TIM_OC6_SetConfig
                0x0000000008005218       0xb4 ./Drivers/STM32L4xx_HAL_Driver/Src/stm32l4xx_hal_tim.o
 .text.TIM_TI1_ConfigInputStage
                0x00000000080052cc       0x5e ./Drivers/STM32L4xx_HAL_Driver/Src/stm32l4xx_hal_tim.o
 .text.TIM_TI2_ConfigInputStage
                0x000000000800532a       0x60 ./Drivers/STM32L4xx_HAL_Driver/Src/stm32l4xx_hal_tim.o
 .text.TIM_ITRx_SetConfig
                0x000000000800538a       0x36 ./Drivers/STM32L4xx_HAL_Driver/Src/stm32l4xx_hal_tim.o
 .text.TIM_ETR_SetConfig
                0x00000000080053c0       0x40 ./Drivers/STM32L4xx_HAL_Driver/Src/stm32l4xx_hal_tim.o
                0x00000000080053c0                TIM_ETR_SetConfig
 .text.TIM_CCxChannelCmd
                0x0000000008005400       0x4a ./Drivers/STM32L4xx_HAL_Driver/Src/stm32l4xx_hal_tim.o
                0x0000000008005400                TIM_CCxChannelCmd
 *fill*         0x000000000800544a        0x2 
 .text.HAL_TIMEx_MasterConfigSynchronization
                0x000000000800544c       0xcc ./Drivers/STM32L4xx_HAL_Driver/Src/stm32l4xx_hal_tim_ex.o
                0x000000000800544c                HAL_TIMEx_MasterConfigSynchronization
 .text.HAL_TIMEx_ConfigBreakDeadTime
                0x0000000008005518       0xf0 ./Drivers/STM32L4xx_HAL_Driver/Src/stm32l4xx_hal_tim_ex.o
                0x0000000008005518                HAL_TIMEx_ConfigBreakDeadTime
 .text.HAL_TIMEx_CommutCallback
                0x0000000008005608       0x14 ./Drivers/STM32L4xx_HAL_Driver/Src/stm32l4xx_hal_tim_ex.o
                0x0000000008005608                HAL_TIMEx_CommutCallback
 .text.HAL_TIMEx_BreakCallback
                0x000000000800561c       0x14 ./Drivers/STM32L4xx_HAL_Driver/Src/stm32l4xx_hal_tim_ex.o
                0x000000000800561c                HAL_TIMEx_BreakCallback
 .text.HAL_TIMEx_Break2Callback
                0x0000000008005630       0x14 ./Drivers/STM32L4xx_HAL_Driver/Src/stm32l4xx_hal_tim_ex.o
                0x0000000008005630                HAL_TIMEx_Break2Callback
 .text.HAL_UART_Init
                0x0000000008005644       0x9c ./Drivers/STM32L4xx_HAL_Driver/Src/stm32l4xx_hal_uart.o
                0x0000000008005644                HAL_UART_Init
 .text.UART_SetConfig
                0x00000000080056e0      0x4b4 ./Drivers/STM32L4xx_HAL_Driver/Src/stm32l4xx_hal_uart.o
                0x00000000080056e0                UART_SetConfig
 .text.UART_AdvFeatureConfig
                0x0000000008005b94      0x144 ./Drivers/STM32L4xx_HAL_Driver/Src/stm32l4xx_hal_uart.o
                0x0000000008005b94                UART_AdvFeatureConfig
 .text.UART_CheckIdleState
                0x0000000008005cd8       0x92 ./Drivers/STM32L4xx_HAL_Driver/Src/stm32l4xx_hal_uart.o
                0x0000000008005cd8                UART_CheckIdleState
 .text.UART_WaitOnFlagUntilTimeout
                0x0000000008005d6a      0x188 ./Drivers/STM32L4xx_HAL_Driver/Src/stm32l4xx_hal_uart.o
                0x0000000008005d6a                UART_WaitOnFlagUntilTimeout
 *fill*         0x0000000008005ef2        0x2 
 .text.__NVIC_SetPriority
                0x0000000008005ef4       0x54 ./Middlewares/Third_Party/FreeRTOS/Source/CMSIS_RTOS_V2/cmsis_os2.o
 .text.SysTick_Handler
                0x0000000008005f48       0x20 ./Middlewares/Third_Party/FreeRTOS/Source/CMSIS_RTOS_V2/cmsis_os2.o
                0x0000000008005f48                SysTick_Handler
 .text.SVC_Setup
                0x0000000008005f68       0x12 ./Middlewares/Third_Party/FreeRTOS/Source/CMSIS_RTOS_V2/cmsis_os2.o
 *fill*         0x0000000008005f7a        0x2 
 .text.osKernelInitialize
                0x0000000008005f7c       0x48 ./Middlewares/Third_Party/FreeRTOS/Source/CMSIS_RTOS_V2/cmsis_os2.o
                0x0000000008005f7c                osKernelInitialize
 .text.osKernelStart
                0x0000000008005fc4       0x4c ./Middlewares/Third_Party/FreeRTOS/Source/CMSIS_RTOS_V2/cmsis_os2.o
                0x0000000008005fc4                osKernelStart
 .text.osThreadNew
                0x0000000008006010      0x124 ./Middlewares/Third_Party/FreeRTOS/Source/CMSIS_RTOS_V2/cmsis_os2.o
                0x0000000008006010                osThreadNew
 .text.osDelay  0x0000000008006134       0x36 ./Middlewares/Third_Party/FreeRTOS/Source/CMSIS_RTOS_V2/cmsis_os2.o
                0x0000000008006134                osDelay
 .text.osMutexNew
                0x000000000800616a      0x10c ./Middlewares/Third_Party/FreeRTOS/Source/CMSIS_RTOS_V2/cmsis_os2.o
                0x000000000800616a                osMutexNew
 .text.osMutexAcquire
                0x0000000008006276       0x96 ./Middlewares/Third_Party/FreeRTOS/Source/CMSIS_RTOS_V2/cmsis_os2.o
                0x0000000008006276                osMutexAcquire
 .text.osMutexRelease
                0x000000000800630c       0x7a ./Middlewares/Third_Party/FreeRTOS/Source/CMSIS_RTOS_V2/cmsis_os2.o
                0x000000000800630c                osMutexRelease
 .text.osMessageQueueNew
                0x0000000008006386       0xe6 ./Middlewares/Third_Party/FreeRTOS/Source/CMSIS_RTOS_V2/cmsis_os2.o
                0x0000000008006386                osMessageQueueNew
 .text.osMessageQueuePut
                0x000000000800646c       0xc0 ./Middlewares/Third_Party/FreeRTOS/Source/CMSIS_RTOS_V2/cmsis_os2.o
                0x000000000800646c                osMessageQueuePut
 .text.osMessageQueueGet
                0x000000000800652c       0xbc ./Middlewares/Third_Party/FreeRTOS/Source/CMSIS_RTOS_V2/cmsis_os2.o
                0x000000000800652c                osMessageQueueGet
 .text.vApplicationGetIdleTaskMemory
                0x00000000080065e8       0x34 ./Middlewares/Third_Party/FreeRTOS/Source/CMSIS_RTOS_V2/cmsis_os2.o
                0x00000000080065e8                vApplicationGetIdleTaskMemory
 .text.vApplicationGetTimerTaskMemory
                0x000000000800661c       0x34 ./Middlewares/Third_Party/FreeRTOS/Source/CMSIS_RTOS_V2/cmsis_os2.o
                0x000000000800661c                vApplicationGetTimerTaskMemory
 .text.vListInitialise
                0x0000000008006650       0x40 ./Middlewares/Third_Party/FreeRTOS/Source/list.o
                0x0000000008006650                vListInitialise
 .text.vListInitialiseItem
                0x0000000008006690       0x1a ./Middlewares/Third_Party/FreeRTOS/Source/list.o
                0x0000000008006690                vListInitialiseItem
 .text.vListInsertEnd
                0x00000000080066aa       0x48 ./Middlewares/Third_Party/FreeRTOS/Source/list.o
                0x00000000080066aa                vListInsertEnd
 .text.vListInsert
                0x00000000080066f2       0x72 ./Middlewares/Third_Party/FreeRTOS/Source/list.o
                0x00000000080066f2                vListInsert
 .text.uxListRemove
                0x0000000008006764       0x54 ./Middlewares/Third_Party/FreeRTOS/Source/list.o
                0x0000000008006764                uxListRemove
 .text.xQueueGenericReset
                0x00000000080067b8       0xd0 ./Middlewares/Third_Party/FreeRTOS/Source/queue.o
                0x00000000080067b8                xQueueGenericReset
 .text.xQueueGenericCreateStatic
                0x0000000008006888       0xf0 ./Middlewares/Third_Party/FreeRTOS/Source/queue.o
                0x0000000008006888                xQueueGenericCreateStatic
 .text.xQueueGenericCreate
                0x0000000008006978       0x74 ./Middlewares/Third_Party/FreeRTOS/Source/queue.o
                0x0000000008006978                xQueueGenericCreate
 .text.prvInitialiseNewQueue
                0x00000000080069ec       0x46 ./Middlewares/Third_Party/FreeRTOS/Source/queue.o
 .text.prvInitialiseMutex
                0x0000000008006a32       0x34 ./Middlewares/Third_Party/FreeRTOS/Source/queue.o
 .text.xQueueCreateMutex
                0x0000000008006a66       0x30 ./Middlewares/Third_Party/FreeRTOS/Source/queue.o
                0x0000000008006a66                xQueueCreateMutex
 .text.xQueueCreateMutexStatic
                0x0000000008006a96       0x36 ./Middlewares/Third_Party/FreeRTOS/Source/queue.o
                0x0000000008006a96                xQueueCreateMutexStatic
 .text.xQueueGiveMutexRecursive
                0x0000000008006acc       0x68 ./Middlewares/Third_Party/FreeRTOS/Source/queue.o
                0x0000000008006acc                xQueueGiveMutexRecursive
 .text.xQueueTakeMutexRecursive
                0x0000000008006b34       0x6c ./Middlewares/Third_Party/FreeRTOS/Source/queue.o
                0x0000000008006b34                xQueueTakeMutexRecursive
 .text.xQueueGenericSend
                0x0000000008006ba0      0x1fc ./Middlewares/Third_Party/FreeRTOS/Source/queue.o
                0x0000000008006ba0                xQueueGenericSend
 .text.xQueueGenericSendFromISR
                0x0000000008006d9c      0x136 ./Middlewares/Third_Party/FreeRTOS/Source/queue.o
                0x0000000008006d9c                xQueueGenericSendFromISR
 *fill*         0x0000000008006ed2        0x2 
 .text.xQueueReceive
                0x0000000008006ed4      0x1c0 ./Middlewares/Third_Party/FreeRTOS/Source/queue.o
                0x0000000008006ed4                xQueueReceive
 .text.xQueueSemaphoreTake
                0x0000000008007094      0x218 ./Middlewares/Third_Party/FreeRTOS/Source/queue.o
                0x0000000008007094                xQueueSemaphoreTake
 .text.xQueueReceiveFromISR
                0x00000000080072ac      0x100 ./Middlewares/Third_Party/FreeRTOS/Source/queue.o
                0x00000000080072ac                xQueueReceiveFromISR
 .text.prvGetDisinheritPriorityAfterTimeout
                0x00000000080073ac       0x30 ./Middlewares/Third_Party/FreeRTOS/Source/queue.o
 .text.prvCopyDataToQueue
                0x00000000080073dc       0xd4 ./Middlewares/Third_Party/FreeRTOS/Source/queue.o
 .text.prvCopyDataFromQueue
                0x00000000080074b0       0x4c ./Middlewares/Third_Party/FreeRTOS/Source/queue.o
 .text.prvUnlockQueue
                0x00000000080074fc       0xa4 ./Middlewares/Third_Party/FreeRTOS/Source/queue.o
 .text.prvIsQueueEmpty
                0x00000000080075a0       0x2c ./Middlewares/Third_Party/FreeRTOS/Source/queue.o
 .text.prvIsQueueFull
                0x00000000080075cc       0x30 ./Middlewares/Third_Party/FreeRTOS/Source/queue.o
 .text.vQueueAddToRegistry
                0x00000000080075fc       0x54 ./Middlewares/Third_Party/FreeRTOS/Source/queue.o
                0x00000000080075fc                vQueueAddToRegistry
 .text.vQueueWaitForMessageRestricted
                0x0000000008007650       0x68 ./Middlewares/Third_Party/FreeRTOS/Source/queue.o
                0x0000000008007650                vQueueWaitForMessageRestricted
 .text.xTaskCreateStatic
                0x00000000080076b8       0xba ./Middlewares/Third_Party/FreeRTOS/Source/tasks.o
                0x00000000080076b8                xTaskCreateStatic
 .text.xTaskCreate
                0x0000000008007772       0x8a ./Middlewares/Third_Party/FreeRTOS/Source/tasks.o
                0x0000000008007772                xTaskCreate
 .text.prvInitialiseNewTask
                0x00000000080077fc      0x158 ./Middlewares/Third_Party/FreeRTOS/Source/tasks.o
 .text.prvAddNewTaskToReadyList
                0x0000000008007954       0xe0 ./Middlewares/Third_Party/FreeRTOS/Source/tasks.o
 .text.vTaskDelay
                0x0000000008007a34       0x68 ./Middlewares/Third_Party/FreeRTOS/Source/tasks.o
                0x0000000008007a34                vTaskDelay
 .text.vTaskStartScheduler
                0x0000000008007a9c       0xe4 ./Middlewares/Third_Party/FreeRTOS/Source/tasks.o
                0x0000000008007a9c                vTaskStartScheduler
 .text.vTaskSuspendAll
                0x0000000008007b80       0x1c ./Middlewares/Third_Party/FreeRTOS/Source/tasks.o
                0x0000000008007b80                vTaskSuspendAll
 .text.xTaskResumeAll
                0x0000000008007b9c      0x13c ./Middlewares/Third_Party/FreeRTOS/Source/tasks.o
                0x0000000008007b9c                xTaskResumeAll
 .text.xTaskGetTickCount
                0x0000000008007cd8       0x20 ./Middlewares/Third_Party/FreeRTOS/Source/tasks.o
                0x0000000008007cd8                xTaskGetTickCount
 .text.xTaskIncrementTick
                0x0000000008007cf8      0x174 ./Middlewares/Third_Party/FreeRTOS/Source/tasks.o
                0x0000000008007cf8                xTaskIncrementTick
 .text.vTaskSwitchContext
                0x0000000008007e6c      0x100 ./Middlewares/Third_Party/FreeRTOS/Source/tasks.o
                0x0000000008007e6c                vTaskSwitchContext
 .text.vTaskPlaceOnEventList
                0x0000000008007f6c       0x48 ./Middlewares/Third_Party/FreeRTOS/Source/tasks.o
                0x0000000008007f6c                vTaskPlaceOnEventList
 .text.vTaskPlaceOnEventListRestricted
                0x0000000008007fb4       0x58 ./Middlewares/Third_Party/FreeRTOS/Source/tasks.o
                0x0000000008007fb4                vTaskPlaceOnEventListRestricted
 .text.xTaskRemoveFromEventList
                0x000000000800800c       0xc8 ./Middlewares/Third_Party/FreeRTOS/Source/tasks.o
                0x000000000800800c                xTaskRemoveFromEventList
 .text.vTaskInternalSetTimeOutState
                0x00000000080080d4       0x2c ./Middlewares/Third_Party/FreeRTOS/Source/tasks.o
                0x00000000080080d4                vTaskInternalSetTimeOutState
 .text.xTaskCheckForTimeOut
                0x0000000008008100       0xc4 ./Middlewares/Third_Party/FreeRTOS/Source/tasks.o
                0x0000000008008100                xTaskCheckForTimeOut
 .text.vTaskMissedYield
                0x00000000080081c4       0x18 ./Middlewares/Third_Party/FreeRTOS/Source/tasks.o
                0x00000000080081c4                vTaskMissedYield
 .text.prvIdleTask
                0x00000000080081dc       0x30 ./Middlewares/Third_Party/FreeRTOS/Source/tasks.o
 .text.prvInitialiseTaskLists
                0x000000000800820c       0x80 ./Middlewares/Third_Party/FreeRTOS/Source/tasks.o
 .text.prvCheckTasksWaitingTermination
                0x000000000800828c       0x5c ./Middlewares/Third_Party/FreeRTOS/Source/tasks.o
 .text.prvDeleteTCB
                0x00000000080082e8       0x68 ./Middlewares/Third_Party/FreeRTOS/Source/tasks.o
 .text.prvResetNextTaskUnblockTime
                0x0000000008008350       0x40 ./Middlewares/Third_Party/FreeRTOS/Source/tasks.o
 .text.xTaskGetCurrentTaskHandle
                0x0000000008008390       0x20 ./Middlewares/Third_Party/FreeRTOS/Source/tasks.o
                0x0000000008008390                xTaskGetCurrentTaskHandle
 .text.xTaskGetSchedulerState
                0x00000000080083b0       0x3c ./Middlewares/Third_Party/FreeRTOS/Source/tasks.o
                0x00000000080083b0                xTaskGetSchedulerState
 .text.xTaskPriorityInherit
                0x00000000080083ec       0xd0 ./Middlewares/Third_Party/FreeRTOS/Source/tasks.o
                0x00000000080083ec                xTaskPriorityInherit
 .text.xTaskPriorityDisinherit
                0x00000000080084bc       0xdc ./Middlewares/Third_Party/FreeRTOS/Source/tasks.o
                0x00000000080084bc                xTaskPriorityDisinherit
 .text.vTaskPriorityDisinheritAfterTimeout
                0x0000000008008598      0x104 ./Middlewares/Third_Party/FreeRTOS/Source/tasks.o
                0x0000000008008598                vTaskPriorityDisinheritAfterTimeout
 .text.pvTaskIncrementMutexHeldCount
                0x000000000800869c       0x28 ./Middlewares/Third_Party/FreeRTOS/Source/tasks.o
                0x000000000800869c                pvTaskIncrementMutexHeldCount
 .text.prvAddCurrentTaskToDelayedList
                0x00000000080086c4       0xa8 ./Middlewares/Third_Party/FreeRTOS/Source/tasks.o
 .text.xTimerCreateTimerTask
                0x000000000800876c       0x90 ./Middlewares/Third_Party/FreeRTOS/Source/timers.o
                0x000000000800876c                xTimerCreateTimerTask
 .text.xTimerGenericCommand
                0x00000000080087fc       0x9c ./Middlewares/Third_Party/FreeRTOS/Source/timers.o
                0x00000000080087fc                xTimerGenericCommand
 .text.prvProcessExpiredTimer
                0x0000000008008898       0x98 ./Middlewares/Third_Party/FreeRTOS/Source/timers.o
 .text.prvTimerTask
                0x0000000008008930       0x24 ./Middlewares/Third_Party/FreeRTOS/Source/timers.o
 .text.prvProcessTimerOrBlockTask
                0x0000000008008954       0x9c ./Middlewares/Third_Party/FreeRTOS/Source/timers.o
 .text.prvGetNextExpireTime
                0x00000000080089f0       0x48 ./Middlewares/Third_Party/FreeRTOS/Source/timers.o
 .text.prvSampleTimeNow
                0x0000000008008a38       0x40 ./Middlewares/Third_Party/FreeRTOS/Source/timers.o
 .text.prvInsertTimerInActiveList
                0x0000000008008a78       0x84 ./Middlewares/Third_Party/FreeRTOS/Source/timers.o
 .text.prvProcessReceivedCommands
                0x0000000008008afc      0x1c4 ./Middlewares/Third_Party/FreeRTOS/Source/timers.o
 .text.prvSwitchTimerLists
                0x0000000008008cc0       0xc8 ./Middlewares/Third_Party/FreeRTOS/Source/timers.o
 .text.prvCheckForValidListAndQueue
                0x0000000008008d88       0x80 ./Middlewares/Third_Party/FreeRTOS/Source/timers.o
 .text.pxPortInitialiseStack
                0x0000000008008e08       0x68 ./Middlewares/Third_Party/FreeRTOS/Source/portable/GCC/ARM_CM4F/port.o
                0x0000000008008e08                pxPortInitialiseStack
 .text.prvTaskExitError
                0x0000000008008e70       0x58 ./Middlewares/Third_Party/FreeRTOS/Source/portable/GCC/ARM_CM4F/port.o
 *fill*         0x0000000008008ec8        0x8 
 .text.SVC_Handler
                0x0000000008008ed0       0x28 ./Middlewares/Third_Party/FreeRTOS/Source/portable/GCC/ARM_CM4F/port.o
                0x0000000008008ed0                SVC_Handler
 .text.prvPortStartFirstTask
                0x0000000008008ef8       0x28 ./Middlewares/Third_Party/FreeRTOS/Source/portable/GCC/ARM_CM4F/port.o
 .text.xPortStartScheduler
                0x0000000008008f20      0x144 ./Middlewares/Third_Party/FreeRTOS/Source/portable/GCC/ARM_CM4F/port.o
                0x0000000008008f20                xPortStartScheduler
 .text.vPortEnterCritical
                0x0000000008009064       0x60 ./Middlewares/Third_Party/FreeRTOS/Source/portable/GCC/ARM_CM4F/port.o
                0x0000000008009064                vPortEnterCritical
 .text.vPortExitCritical
                0x00000000080090c4       0x54 ./Middlewares/Third_Party/FreeRTOS/Source/portable/GCC/ARM_CM4F/port.o
                0x00000000080090c4                vPortExitCritical
 *fill*         0x0000000008009118        0x8 
 .text.PendSV_Handler
                0x0000000008009120       0x68 ./Middlewares/Third_Party/FreeRTOS/Source/portable/GCC/ARM_CM4F/port.o
                0x0000000008009120                PendSV_Handler
 .text.xPortSysTickHandler
                0x0000000008009188       0x44 ./Middlewares/Third_Party/FreeRTOS/Source/portable/GCC/ARM_CM4F/port.o
                0x0000000008009188                xPortSysTickHandler
 .text.vPortSetupTimerInterrupt
                0x00000000080091cc       0x48 ./Middlewares/Third_Party/FreeRTOS/Source/portable/GCC/ARM_CM4F/port.o
                0x00000000080091cc                vPortSetupTimerInterrupt
 .text.vPortEnableVFP
                0x0000000008009214       0x14 ./Middlewares/Third_Party/FreeRTOS/Source/portable/GCC/ARM_CM4F/port.o
 .text.vPortValidateInterruptPriority
                0x0000000008009228       0x80 ./Middlewares/Third_Party/FreeRTOS/Source/portable/GCC/ARM_CM4F/port.o
                0x0000000008009228                vPortValidateInterruptPriority
 .text.pvPortMalloc
                0x00000000080092a8      0x198 ./Middlewares/Third_Party/FreeRTOS/Source/portable/MemMang/heap_4.o
                0x00000000080092a8                pvPortMalloc
 .text.vPortFree
                0x0000000008009440       0xc4 ./Middlewares/Third_Party/FreeRTOS/Source/portable/MemMang/heap_4.o
                0x0000000008009440                vPortFree
 .text.prvHeapInit
                0x0000000008009504       0xc4 ./Middlewares/Third_Party/FreeRTOS/Source/portable/MemMang/heap_4.o
 .text.prvInsertBlockIntoFreeList
                0x00000000080095c8       0xb4 ./Middlewares/Third_Party/FreeRTOS/Source/portable/MemMang/heap_4.o
 .text.parse_ifm_encoder
                0x000000000800967c       0xb8 ./libs/STEPPER/encoder.o
                0x000000000800967c                parse_ifm_encoder
 .text.configure_steppers
                0x0000000008009734       0x74 ./libs/STEPPER/stepper.o
                0x0000000008009734                configure_steppers
 .text.start    0x00000000080097a8       0x60 ./libs/STEPPER/stepper.o
                0x00000000080097a8                start
 .text.pause    0x0000000008009808       0x4c ./libs/STEPPER/stepper.o
                0x0000000008009808                pause
 .text.set_direction
                0x0000000008009854       0x78 ./libs/STEPPER/stepper.o
                0x0000000008009854                set_direction
 .text.steer    0x00000000080098cc       0x6c ./libs/STEPPER/stepper.o
                0x00000000080098cc                steer
 .text.HAL_TIM_PWM_PulseFinishedCallback
                0x0000000008009938       0x14 ./libs/STEPPER/stepper.o
                0x0000000008009938                HAL_TIM_PWM_PulseFinishedCallback
 .text.steering_task
                0x000000000800994c       0x4e ./libs/STEPPER/stepper_tasks.o
                0x000000000800994c                steering_task
 *fill*         0x000000000800999a        0x2 
 .text.init_steer_task
                0x000000000800999c       0x24 ./libs/STEPPER/stepper_tasks.o
                0x000000000800999c                init_steer_task
 .text.can_reset_task
                0x00000000080099c0       0x28 ./libs/vanttec_CANLib/platform_specific/vanttec_canlib_stm/generic_tasks/can_reset_task.o
                0x00000000080099c0                can_reset_task
 .text.init_can_reset_task
                0x00000000080099e8       0x24 ./libs/vanttec_CANLib/platform_specific/vanttec_canlib_stm/generic_tasks/can_reset_task.o
                0x00000000080099e8                init_can_reset_task
 .text.canlib_init_generic_tasks
                0x0000000008009a0c       0x10 ./libs/vanttec_CANLib/platform_specific/vanttec_canlib_stm/generic_tasks/generic_tasks.o
                0x0000000008009a0c                canlib_init_generic_tasks
 .text.emergencystop_task
                0x0000000008009a1c       0x42 ./libs/vanttec_CANLib/platform_specific/vanttec_canlib_stm/generic_tasks/requirements.o
                0x0000000008009a1c                emergencystop_task
 *fill*         0x0000000008009a5e        0x2 
 .text.hb_task  0x0000000008009a60       0x30 ./libs/vanttec_CANLib/platform_specific/vanttec_canlib_stm/generic_tasks/requirements.o
                0x0000000008009a60                hb_task
 .text.drivemode_task
                0x0000000008009a90       0x60 ./libs/vanttec_CANLib/platform_specific/vanttec_canlib_stm/generic_tasks/requirements.o
                0x0000000008009a90                drivemode_task
 .text.driverpresent_task
                0x0000000008009af0       0x42 ./libs/vanttec_CANLib/platform_specific/vanttec_canlib_stm/generic_tasks/requirements.o
                0x0000000008009af0                driverpresent_task
 .text.reverse_task
                0x0000000008009b32       0x42 ./libs/vanttec_CANLib/platform_specific/vanttec_canlib_stm/generic_tasks/requirements.o
                0x0000000008009b32                reverse_task
 .text.frenomanual_task
                0x0000000008009b74       0x42 ./libs/vanttec_CANLib/platform_specific/vanttec_canlib_stm/generic_tasks/requirements.o
                0x0000000008009b74                frenomanual_task
 .text.driverfault_task
                0x0000000008009bb6       0x42 ./libs/vanttec_CANLib/platform_specific/vanttec_canlib_stm/generic_tasks/requirements.o
                0x0000000008009bb6                driverfault_task
 .text.init_requirements_task
                0x0000000008009bf8       0xcc ./libs/vanttec_CANLib/platform_specific/vanttec_canlib_stm/generic_tasks/requirements.o
                0x0000000008009bf8                init_requirements_task
 .text.vanttec_canlib_error_handler
                0x0000000008009cc4        0x6 ./libs/vanttec_CANLib/platform_specific/vanttec_canlib_stm/utils.o
                0x0000000008009cc4                vanttec_canlib_error_handler
 *fill*         0x0000000008009cca        0x2 
 .text.init_canlib
                0x0000000008009ccc       0xdc ./libs/vanttec_CANLib/platform_specific/vanttec_canlib_stm/vanttec_canlib.o
                0x0000000008009ccc                init_canlib
 .text.init_canlib_rx
                0x0000000008009da8       0x70 ./libs/vanttec_CANLib/platform_specific/vanttec_canlib_stm/vanttec_canlib_rx_task.o
                0x0000000008009da8                init_canlib_rx
 .text.is_valid_length
                0x0000000008009e18       0x74 ./libs/vanttec_CANLib/platform_specific/vanttec_canlib_stm/vanttec_canlib_rx_task.o
                0x0000000008009e18                is_valid_length
 .text.parse_data
                0x0000000008009e8c       0x88 ./libs/vanttec_CANLib/platform_specific/vanttec_canlib_stm/vanttec_canlib_rx_task.o
                0x0000000008009e8c                parse_data
 .text.update_table
                0x0000000008009f14      0x124 ./libs/vanttec_CANLib/platform_specific/vanttec_canlib_stm/vanttec_canlib_rx_task.o
                0x0000000008009f14                update_table
 .text.register_canlib_rx
                0x000000000800a038       0xd8 ./libs/vanttec_CANLib/platform_specific/vanttec_canlib_stm/vanttec_canlib_rx_task.o
                0x000000000800a038                register_canlib_rx
 .text.can_rx_task
                0x000000000800a110       0xec ./libs/vanttec_CANLib/platform_specific/vanttec_canlib_stm/vanttec_canlib_rx_task.o
                0x000000000800a110                can_rx_task
 .text.can_rx_queue_task
                0x000000000800a1fc       0x38 ./libs/vanttec_CANLib/platform_specific/vanttec_canlib_stm/vanttec_canlib_rx_task.o
                0x000000000800a1fc                can_rx_queue_task
 .text.init_canlib_tx
                0x000000000800a234       0x48 ./libs/vanttec_CANLib/platform_specific/vanttec_canlib_stm/vanttec_canlib_tx_task.o
                0x000000000800a234                init_canlib_tx
 .text.canlib_tx_update
                0x000000000800a27c       0x90 ./libs/vanttec_CANLib/platform_specific/vanttec_canlib_stm/vanttec_canlib_tx_task.o
                0x000000000800a27c                canlib_tx_update
 .text.canlib_tx_task
                0x000000000800a30c       0x14 ./libs/vanttec_CANLib/platform_specific/vanttec_canlib_stm/vanttec_canlib_tx_task.o
                0x000000000800a30c                canlib_tx_task
 .text.canlib_queue_tx
                0x000000000800a320       0x54 ./libs/vanttec_CANLib/platform_specific/vanttec_canlib_stm/vanttec_canlib_tx_task.o
                0x000000000800a320                canlib_queue_tx
 .text.canlib_send_debug_string
                0x000000000800a374       0x9c ./libs/vanttec_CANLib/platform_specific/vanttec_canlib_stm/vanttec_canlib_tx_task.o
                0x000000000800a374                canlib_send_debug_string
 .text.canlib_send_byte
                0x000000000800a410       0x32 ./libs/vanttec_CANLib/platform_specific/vanttec_canlib_stm/vanttec_canlib_tx_task.o
                0x000000000800a410                canlib_send_byte
 .text.vanttec_ntohl
                0x000000000800a442       0x18 ./libs/vanttec_CANLib/src/Vanttec_CANLib/ByteOrder/inet.o
                0x000000000800a442                vanttec_ntohl
 .text.vanttec_ntohs
                0x000000000800a45a       0x1c ./libs/vanttec_CANLib/src/Vanttec_CANLib/ByteOrder/inet.o
                0x000000000800a45a                vanttec_ntohs
 .text.can_pack_byte
                0x000000000800a476       0x3c ./libs/vanttec_CANLib/src/Vanttec_CANLib/CANMessage.o
                0x000000000800a476                can_pack_byte
 .text.can_parse_byte
                0x000000000800a4b2       0x28 ./libs/vanttec_CANLib/src/Vanttec_CANLib/CANMessage.o
                0x000000000800a4b2                can_parse_byte
 *fill*         0x000000000800a4da        0x2 
 .text.can_parse_float
                0x000000000800a4dc       0x44 ./libs/vanttec_CANLib/src/Vanttec_CANLib/CANMessage.o
                0x000000000800a4dc                can_parse_float
 .text.can_parse_short
                0x000000000800a520       0x2c ./libs/vanttec_CANLib/src/Vanttec_CANLib/CANMessage.o
                0x000000000800a520                can_parse_short
 .text.can_parse_long
                0x000000000800a54c       0x32 ./libs/vanttec_CANLib/src/Vanttec_CANLib/CANMessage.o
                0x000000000800a54c                can_parse_long
 .text._ZSt5ldexpfi
                0x000000000800a57e       0x24 ./libs/vanttec_CANLib/src/Vanttec_CANLib/Utils/CANDeserialization.o
                0x000000000800a57e                std::ldexp(float, int)
 *fill*         0x000000000800a5a2        0x2 
 .text.deserialize_float
                0x000000000800a5a4       0x6c ./libs/vanttec_CANLib/src/Vanttec_CANLib/Utils/CANDeserialization.o
                0x000000000800a5a4                deserialize_float
 .text.deserialize_short
                0x000000000800a610       0x32 ./libs/vanttec_CANLib/src/Vanttec_CANLib/Utils/CANDeserialization.o
                0x000000000800a610                deserialize_short
 .text.deserialize_long
                0x000000000800a642       0x4e ./libs/vanttec_CANLib/src/Vanttec_CANLib/Utils/CANDeserialization.o
                0x000000000800a642                deserialize_long
 .text.ldexpf   0x000000000800a690       0x4c c:/st/stm32cubeide_1.11.2/stm32cubeide/plugins/com.st.stm32cube.ide.mcu.externaltools.gnu-tools-for-stm32.10.3-2021.10.win32_1.0.100.202210260954/tools/bin/../lib/gcc/arm-none-eabi/10.3.1/../../../../arm-none-eabi/lib/thumb/v7e-m+fp/hard\libm.a(lib_a-sf_ldexp.o)
                0x000000000800a690                ldexpf
 .text.scalbnf  0x000000000800a6dc       0xe4 c:/st/stm32cubeide_1.11.2/stm32cubeide/plugins/com.st.stm32cube.ide.mcu.externaltools.gnu-tools-for-stm32.10.3-2021.10.win32_1.0.100.202210260954/tools/bin/../lib/gcc/arm-none-eabi/10.3.1/../../../../arm-none-eabi/lib/thumb/v7e-m+fp/hard\libm.a(lib_a-sf_scalbn.o)
                0x000000000800a6dc                scalbnf
 .text.finitef  0x000000000800a7c0       0x1a c:/st/stm32cubeide_1.11.2/stm32cubeide/plugins/com.st.stm32cube.ide.mcu.externaltools.gnu-tools-for-stm32.10.3-2021.10.win32_1.0.100.202210260954/tools/bin/../lib/gcc/arm-none-eabi/10.3.1/../../../../arm-none-eabi/lib/thumb/v7e-m+fp/hard\libm.a(lib_a-sf_finite.o)
                0x000000000800a7c0                finitef
 *fill*         0x000000000800a7da        0x2 
 .text.__errno  0x000000000800a7dc        0xc c:/st/stm32cubeide_1.11.2/stm32cubeide/plugins/com.st.stm32cube.ide.mcu.externaltools.gnu-tools-for-stm32.10.3-2021.10.win32_1.0.100.202210260954/tools/bin/../lib/gcc/arm-none-eabi/10.3.1/../../../../arm-none-eabi/lib/thumb/v7e-m+fp/hard\libc_nano.a(lib_a-errno.o)
                0x000000000800a7dc                __errno
 .text.__libc_init_array
                0x000000000800a7e8       0x48 c:/st/stm32cubeide_1.11.2/stm32cubeide/plugins/com.st.stm32cube.ide.mcu.externaltools.gnu-tools-for-stm32.10.3-2021.10.win32_1.0.100.202210260954/tools/bin/../lib/gcc/arm-none-eabi/10.3.1/../../../../arm-none-eabi/lib/thumb/v7e-m+fp/hard\libc_nano.a(lib_a-init.o)
                0x000000000800a7e8                __libc_init_array
 .text.__retarget_lock_acquire_recursive
                0x000000000800a830        0x2 c:/st/stm32cubeide_1.11.2/stm32cubeide/plugins/com.st.stm32cube.ide.mcu.externaltools.gnu-tools-for-stm32.10.3-2021.10.win32_1.0.100.202210260954/tools/bin/../lib/gcc/arm-none-eabi/10.3.1/../../../../arm-none-eabi/lib/thumb/v7e-m+fp/hard\libc_nano.a(lib_a-lock.o)
                0x000000000800a830                __retarget_lock_acquire_recursive
 .text.__retarget_lock_release_recursive
                0x000000000800a832        0x2 c:/st/stm32cubeide_1.11.2/stm32cubeide/plugins/com.st.stm32cube.ide.mcu.externaltools.gnu-tools-for-stm32.10.3-2021.10.win32_1.0.100.202210260954/tools/bin/../lib/gcc/arm-none-eabi/10.3.1/../../../../arm-none-eabi/lib/thumb/v7e-m+fp/hard\libc_nano.a(lib_a-lock.o)
                0x000000000800a832                __retarget_lock_release_recursive
 .text.memcpy   0x000000000800a834       0x1c c:/st/stm32cubeide_1.11.2/stm32cubeide/plugins/com.st.stm32cube.ide.mcu.externaltools.gnu-tools-for-stm32.10.3-2021.10.win32_1.0.100.202210260954/tools/bin/../lib/gcc/arm-none-eabi/10.3.1/../../../../arm-none-eabi/lib/thumb/v7e-m+fp/hard\libc_nano.a(lib_a-memcpy-stub.o)
                0x000000000800a834                memcpy
 .text.memset   0x000000000800a850       0x10 c:/st/stm32cubeide_1.11.2/stm32cubeide/plugins/com.st.stm32cube.ide.mcu.externaltools.gnu-tools-for-stm32.10.3-2021.10.win32_1.0.100.202210260954/tools/bin/../lib/gcc/arm-none-eabi/10.3.1/../../../../arm-none-eabi/lib/thumb/v7e-m+fp/hard\libc_nano.a(lib_a-memset.o)
                0x000000000800a850                memset
 .text._free_r  0x000000000800a860       0x98 c:/st/stm32cubeide_1.11.2/stm32cubeide/plugins/com.st.stm32cube.ide.mcu.externaltools.gnu-tools-for-stm32.10.3-2021.10.win32_1.0.100.202210260954/tools/bin/../lib/gcc/arm-none-eabi/10.3.1/../../../../arm-none-eabi/lib/thumb/v7e-m+fp/hard\libc_nano.a(lib_a-nano-freer.o)
                0x000000000800a860                _free_r
 .text.cleanup_glue
                0x000000000800a8f8       0x1a c:/st/stm32cubeide_1.11.2/stm32cubeide/plugins/com.st.stm32cube.ide.mcu.externaltools.gnu-tools-for-stm32.10.3-2021.10.win32_1.0.100.202210260954/tools/bin/../lib/gcc/arm-none-eabi/10.3.1/../../../../arm-none-eabi/lib/thumb/v7e-m+fp/hard\libc_nano.a(lib_a-reent.o)
                0x000000000800a8f8                cleanup_glue
 *fill*         0x000000000800a912        0x2 
 .text._reclaim_reent
                0x000000000800a914       0xb8 c:/st/stm32cubeide_1.11.2/stm32cubeide/plugins/com.st.stm32cube.ide.mcu.externaltools.gnu-tools-for-stm32.10.3-2021.10.win32_1.0.100.202210260954/tools/bin/../lib/gcc/arm-none-eabi/10.3.1/../../../../arm-none-eabi/lib/thumb/v7e-m+fp/hard\libc_nano.a(lib_a-reent.o)
                0x000000000800a914                _reclaim_reent
 .text.strncpy  0x000000000800a9cc       0x26 c:/st/stm32cubeide_1.11.2/stm32cubeide/plugins/com.st.stm32cube.ide.mcu.externaltools.gnu-tools-for-stm32.10.3-2021.10.win32_1.0.100.202210260954/tools/bin/../lib/gcc/arm-none-eabi/10.3.1/../../../../arm-none-eabi/lib/thumb/v7e-m+fp/hard\libc_nano.a(lib_a-strncpy.o)
                0x000000000800a9cc                strncpy
 *fill*         0x000000000800a9f2        0x2 
 .text.__malloc_lock
                0x000000000800a9f4        0xc c:/st/stm32cubeide_1.11.2/stm32cubeide/plugins/com.st.stm32cube.ide.mcu.externaltools.gnu-tools-for-stm32.10.3-2021.10.win32_1.0.100.202210260954/tools/bin/../lib/gcc/arm-none-eabi/10.3.1/../../../../arm-none-eabi/lib/thumb/v7e-m+fp/hard\libc_nano.a(lib_a-mlock.o)
                0x000000000800a9f4                __malloc_lock
 .text.__malloc_unlock
                0x000000000800aa00        0xc c:/st/stm32cubeide_1.11.2/stm32cubeide/plugins/com.st.stm32cube.ide.mcu.externaltools.gnu-tools-for-stm32.10.3-2021.10.win32_1.0.100.202210260954/tools/bin/../lib/gcc/arm-none-eabi/10.3.1/../../../../arm-none-eabi/lib/thumb/v7e-m+fp/hard\libc_nano.a(lib_a-mlock.o)
                0x000000000800aa00                __malloc_unlock
 *(.glue_7)
 .glue_7        0x000000000800aa0c        0x0 linker stubs
 *(.glue_7t)
 .glue_7t       0x000000000800aa0c        0x0 linker stubs
 *(.eh_frame)
 .eh_frame      0x000000000800aa0c        0x0 c:/st/stm32cubeide_1.11.2/stm32cubeide/plugins/com.st.stm32cube.ide.mcu.externaltools.gnu-tools-for-stm32.10.3-2021.10.win32_1.0.100.202210260954/tools/bin/../lib/gcc/arm-none-eabi/10.3.1/thumb/v7e-m+fp/hard/crtbegin.o
 *(.init)
 .init          0x000000000800aa0c        0x4 c:/st/stm32cubeide_1.11.2/stm32cubeide/plugins/com.st.stm32cube.ide.mcu.externaltools.gnu-tools-for-stm32.10.3-2021.10.win32_1.0.100.202210260954/tools/bin/../lib/gcc/arm-none-eabi/10.3.1/thumb/v7e-m+fp/hard/crti.o
                0x000000000800aa0c                _init
 .init          0x000000000800aa10        0x8 c:/st/stm32cubeide_1.11.2/stm32cubeide/plugins/com.st.stm32cube.ide.mcu.externaltools.gnu-tools-for-stm32.10.3-2021.10.win32_1.0.100.202210260954/tools/bin/../lib/gcc/arm-none-eabi/10.3.1/thumb/v7e-m+fp/hard/crtn.o
 *(.fini)
 .fini          0x000000000800aa18        0x4 c:/st/stm32cubeide_1.11.2/stm32cubeide/plugins/com.st.stm32cube.ide.mcu.externaltools.gnu-tools-for-stm32.10.3-2021.10.win32_1.0.100.202210260954/tools/bin/../lib/gcc/arm-none-eabi/10.3.1/thumb/v7e-m+fp/hard/crti.o
                0x000000000800aa18                _fini
 .fini          0x000000000800aa1c        0x8 c:/st/stm32cubeide_1.11.2/stm32cubeide/plugins/com.st.stm32cube.ide.mcu.externaltools.gnu-tools-for-stm32.10.3-2021.10.win32_1.0.100.202210260954/tools/bin/../lib/gcc/arm-none-eabi/10.3.1/thumb/v7e-m+fp/hard/crtn.o
                0x000000000800aa24                . = ALIGN (0x4)
                0x000000000800aa24                _etext = .

.vfp11_veneer   0x000000000800aa24        0x0
 .vfp11_veneer  0x000000000800aa24        0x0 linker stubs

.v4_bx          0x000000000800aa24        0x0
 .v4_bx         0x000000000800aa24        0x0 linker stubs

.iplt           0x000000000800aa24        0x0
 .iplt          0x000000000800aa24        0x0 c:/st/stm32cubeide_1.11.2/stm32cubeide/plugins/com.st.stm32cube.ide.mcu.externaltools.gnu-tools-for-stm32.10.3-2021.10.win32_1.0.100.202210260954/tools/bin/../lib/gcc/arm-none-eabi/10.3.1/thumb/v7e-m+fp/hard/crtbegin.o

.rodata         0x000000000800aa24      0x37c
                0x000000000800aa24                . = ALIGN (0x4)
 *(.rodata)
 .rodata        0x000000000800aa24        0xc ./Core/Src/main.o
 .rodata        0x000000000800aa30       0x30 ./Middlewares/Third_Party/FreeRTOS/Source/tasks.o
 .rodata        0x000000000800aa60        0xd ./Middlewares/Third_Party/FreeRTOS/Source/timers.o
 *fill*         0x000000000800aa6d        0x3 
 .rodata        0x000000000800aa70       0x14 ./libs/STEPPER/stepper_tasks.o
 .rodata        0x000000000800aa84       0x18 ./libs/vanttec_CANLib/platform_specific/vanttec_canlib_stm/generic_tasks/can_reset_task.o
 .rodata        0x000000000800aa9c       0x5e ./libs/vanttec_CANLib/platform_specific/vanttec_canlib_stm/generic_tasks/requirements.o
 *fill*         0x000000000800aafa        0x2 
 .rodata        0x000000000800aafc       0x1c ./libs/vanttec_CANLib/platform_specific/vanttec_canlib_stm/vanttec_canlib_rx_task.o
 .rodata        0x000000000800ab18        0xa ./libs/vanttec_CANLib/platform_specific/vanttec_canlib_stm/vanttec_canlib_tx_task.o
 *(.rodata*)
 *fill*         0x000000000800ab22        0x2 
 .rodata.defaultTask_attributes
                0x000000000800ab24       0x24 ./Core/Src/main.o
                0x000000000800ab24                defaultTask_attributes
 .rodata.AHBPrescTable
                0x000000000800ab48       0x10 ./Core/Src/system_stm32l4xx.o
                0x000000000800ab48                AHBPrescTable
 .rodata.APBPrescTable
                0x000000000800ab58        0x8 ./Core/Src/system_stm32l4xx.o
                0x000000000800ab58                APBPrescTable
 .rodata.MSIRangeTable
                0x000000000800ab60       0x30 ./Core/Src/system_stm32l4xx.o
                0x000000000800ab60                MSIRangeTable
 .rodata.steeringTaskAttributes
                0x000000000800ab90       0x24 ./libs/STEPPER/stepper_tasks.o
                0x000000000800ab90                steeringTaskAttributes
 .rodata.canResetAttributes
                0x000000000800abb4       0x24 ./libs/vanttec_CANLib/platform_specific/vanttec_canlib_stm/generic_tasks/can_reset_task.o
                0x000000000800abb4                canResetAttributes
 .rodata.emergencystopTaskAttributes
                0x000000000800abd8       0x24 ./libs/vanttec_CANLib/platform_specific/vanttec_canlib_stm/generic_tasks/requirements.o
                0x000000000800abd8                emergencystopTaskAttributes
 .rodata.hbTaskAttributes
                0x000000000800abfc       0x24 ./libs/vanttec_CANLib/platform_specific/vanttec_canlib_stm/generic_tasks/requirements.o
                0x000000000800abfc                hbTaskAttributes
 .rodata.drivemodeTaskAttributes
                0x000000000800ac20       0x24 ./libs/vanttec_CANLib/platform_specific/vanttec_canlib_stm/generic_tasks/requirements.o
                0x000000000800ac20                drivemodeTaskAttributes
 .rodata.driverpresentTaskAttributes
                0x000000000800ac44       0x24 ./libs/vanttec_CANLib/platform_specific/vanttec_canlib_stm/generic_tasks/requirements.o
                0x000000000800ac44                driverpresentTaskAttributes
 .rodata.reverseTaskAttributes
                0x000000000800ac68       0x24 ./libs/vanttec_CANLib/platform_specific/vanttec_canlib_stm/generic_tasks/requirements.o
                0x000000000800ac68                reverseTaskAttributes
 .rodata.frenomanualTaskAttributes
                0x000000000800ac8c       0x24 ./libs/vanttec_CANLib/platform_specific/vanttec_canlib_stm/generic_tasks/requirements.o
                0x000000000800ac8c                frenomanualTaskAttributes
 .rodata.driverfaultTaskAttributes
                0x000000000800acb0       0x24 ./libs/vanttec_CANLib/platform_specific/vanttec_canlib_stm/generic_tasks/requirements.o
                0x000000000800acb0                driverfaultTaskAttributes
 .rodata.canRxTask_attributes
                0x000000000800acd4       0x24 ./libs/vanttec_CANLib/platform_specific/vanttec_canlib_stm/vanttec_canlib_rx_task.o
                0x000000000800acd4                canRxTask_attributes
 .rodata.canRxQueueTask_attributes
                0x000000000800acf8       0x24 ./libs/vanttec_CANLib/platform_specific/vanttec_canlib_stm/vanttec_canlib_rx_task.o
                0x000000000800acf8                canRxQueueTask_attributes
 .rodata.canTxTask_attributes
                0x000000000800ad1c       0x24 ./libs/vanttec_CANLib/platform_specific/vanttec_canlib_stm/vanttec_canlib_tx_task.o
                0x000000000800ad1c                canTxTask_attributes
 .rodata.__sf_fake_stderr
                0x000000000800ad40       0x20 c:/st/stm32cubeide_1.11.2/stm32cubeide/plugins/com.st.stm32cube.ide.mcu.externaltools.gnu-tools-for-stm32.10.3-2021.10.win32_1.0.100.202210260954/tools/bin/../lib/gcc/arm-none-eabi/10.3.1/../../../../arm-none-eabi/lib/thumb/v7e-m+fp/hard\libc_nano.a(lib_a-findfp.o)
                0x000000000800ad40                __sf_fake_stderr
 .rodata.__sf_fake_stdin
                0x000000000800ad60       0x20 c:/st/stm32cubeide_1.11.2/stm32cubeide/plugins/com.st.stm32cube.ide.mcu.externaltools.gnu-tools-for-stm32.10.3-2021.10.win32_1.0.100.202210260954/tools/bin/../lib/gcc/arm-none-eabi/10.3.1/../../../../arm-none-eabi/lib/thumb/v7e-m+fp/hard\libc_nano.a(lib_a-findfp.o)
                0x000000000800ad60                __sf_fake_stdin
 .rodata.__sf_fake_stdout
                0x000000000800ad80       0x20 c:/st/stm32cubeide_1.11.2/stm32cubeide/plugins/com.st.stm32cube.ide.mcu.externaltools.gnu-tools-for-stm32.10.3-2021.10.win32_1.0.100.202210260954/tools/bin/../lib/gcc/arm-none-eabi/10.3.1/../../../../arm-none-eabi/lib/thumb/v7e-m+fp/hard\libc_nano.a(lib_a-findfp.o)
                0x000000000800ad80                __sf_fake_stdout
                0x000000000800ada0                . = ALIGN (0x4)

.ARM.extab      0x000000000800ada0        0x0
                0x000000000800ada0                . = ALIGN (0x4)
 *(.ARM.extab* .gnu.linkonce.armextab.*)
                0x000000000800ada0                . = ALIGN (0x4)

.ARM            0x000000000800ada0        0x8
                0x000000000800ada0                . = ALIGN (0x4)
                0x000000000800ada0                __exidx_start = .
 *(.ARM.exidx*)
 .ARM.exidx     0x000000000800ada0        0x8 c:/st/stm32cubeide_1.11.2/stm32cubeide/plugins/com.st.stm32cube.ide.mcu.externaltools.gnu-tools-for-stm32.10.3-2021.10.win32_1.0.100.202210260954/tools/bin/../lib/gcc/arm-none-eabi/10.3.1/thumb/v7e-m+fp/hard\libgcc.a(_udivmoddi4.o)
                0x000000000800ada8                __exidx_end = .
                0x000000000800ada8                . = ALIGN (0x4)

.rel.dyn        0x000000000800ada8        0x0
 .rel.iplt      0x000000000800ada8        0x0 c:/st/stm32cubeide_1.11.2/stm32cubeide/plugins/com.st.stm32cube.ide.mcu.externaltools.gnu-tools-for-stm32.10.3-2021.10.win32_1.0.100.202210260954/tools/bin/../lib/gcc/arm-none-eabi/10.3.1/thumb/v7e-m+fp/hard/crtbegin.o

.preinit_array  0x000000000800ada8        0x0
                0x000000000800ada8                . = ALIGN (0x4)
                0x000000000800ada8                PROVIDE (__preinit_array_start = .)
 *(.preinit_array*)
                0x000000000800ada8                PROVIDE (__preinit_array_end = .)
                0x000000000800ada8                . = ALIGN (0x4)

.init_array     0x000000000800ada8        0x4
                0x000000000800ada8                . = ALIGN (0x4)
                0x000000000800ada8                PROVIDE (__init_array_start = .)
 *(SORT_BY_NAME(.init_array.*))
 *(.init_array*)
 .init_array    0x000000000800ada8        0x4 c:/st/stm32cubeide_1.11.2/stm32cubeide/plugins/com.st.stm32cube.ide.mcu.externaltools.gnu-tools-for-stm32.10.3-2021.10.win32_1.0.100.202210260954/tools/bin/../lib/gcc/arm-none-eabi/10.3.1/thumb/v7e-m+fp/hard/crtbegin.o
                0x000000000800adac                PROVIDE (__init_array_end = .)
                0x000000000800adac                . = ALIGN (0x4)

.fini_array     0x000000000800adac        0x4
                0x000000000800adac                . = ALIGN (0x4)
                [!provide]                        PROVIDE (__fini_array_start = .)
 *(SORT_BY_NAME(.fini_array.*))
 *(.fini_array*)
 .fini_array    0x000000000800adac        0x4 c:/st/stm32cubeide_1.11.2/stm32cubeide/plugins/com.st.stm32cube.ide.mcu.externaltools.gnu-tools-for-stm32.10.3-2021.10.win32_1.0.100.202210260954/tools/bin/../lib/gcc/arm-none-eabi/10.3.1/thumb/v7e-m+fp/hard/crtbegin.o
                [!provide]                        PROVIDE (__fini_array_end = .)
                0x000000000800adb0                . = ALIGN (0x4)
                0x000000000800adb0                _sidata = LOADADDR (.data)

.data           0x0000000020000000       0x8c load address 0x000000000800adb0
                0x0000000020000000                . = ALIGN (0x4)
                0x0000000020000000                _sdata = .
 *(.data)
 *(.data*)
 .data.SystemCoreClock
                0x0000000020000000        0x4 ./Core/Src/system_stm32l4xx.o
                0x0000000020000000                SystemCoreClock
 .data.uwTickPrio
                0x0000000020000004        0x4 ./Drivers/STM32L4xx_HAL_Driver/Src/stm32l4xx_hal.o
                0x0000000020000004                uwTickPrio
 .data.uwTickFreq
                0x0000000020000008        0x1 ./Drivers/STM32L4xx_HAL_Driver/Src/stm32l4xx_hal.o
                0x0000000020000008                uwTickFreq
 *fill*         0x0000000020000009        0x3 
 .data.uxCriticalNesting
                0x000000002000000c        0x4 ./Middlewares/Third_Party/FreeRTOS/Source/portable/GCC/ARM_CM4F/port.o
 .data.ifm_encoder
                0x0000000020000010       0x18 ./libs/STEPPER/encoder.o
                0x0000000020000010                ifm_encoder
 .data._impure_ptr
                0x0000000020000028        0x4 c:/st/stm32cubeide_1.11.2/stm32cubeide/plugins/com.st.stm32cube.ide.mcu.externaltools.gnu-tools-for-stm32.10.3-2021.10.win32_1.0.100.202210260954/tools/bin/../lib/gcc/arm-none-eabi/10.3.1/../../../../arm-none-eabi/lib/thumb/v7e-m+fp/hard\libc_nano.a(lib_a-impure.o)
                0x0000000020000028                _impure_ptr
 .data.impure_data
                0x000000002000002c       0x60 c:/st/stm32cubeide_1.11.2/stm32cubeide/plugins/com.st.stm32cube.ide.mcu.externaltools.gnu-tools-for-stm32.10.3-2021.10.win32_1.0.100.202210260954/tools/bin/../lib/gcc/arm-none-eabi/10.3.1/../../../../arm-none-eabi/lib/thumb/v7e-m+fp/hard\libc_nano.a(lib_a-impure.o)
 *(.RamFunc)
 *(.RamFunc*)
                0x000000002000008c                . = ALIGN (0x4)
                0x000000002000008c                _edata = .

.igot.plt       0x000000002000008c        0x0 load address 0x000000000800ae3c
 .igot.plt      0x000000002000008c        0x0 c:/st/stm32cubeide_1.11.2/stm32cubeide/plugins/com.st.stm32cube.ide.mcu.externaltools.gnu-tools-for-stm32.10.3-2021.10.win32_1.0.100.202210260954/tools/bin/../lib/gcc/arm-none-eabi/10.3.1/thumb/v7e-m+fp/hard/crtbegin.o
                0x000000002000008c                . = ALIGN (0x4)

.bss            0x000000002000008c     0x3190 load address 0x000000000800ae3c
                0x000000002000008c                _sbss = .
                0x000000002000008c                __bss_start__ = _sbss
 *(.bss)
 .bss           0x000000002000008c       0x1c c:/st/stm32cubeide_1.11.2/stm32cubeide/plugins/com.st.stm32cube.ide.mcu.externaltools.gnu-tools-for-stm32.10.3-2021.10.win32_1.0.100.202210260954/tools/bin/../lib/gcc/arm-none-eabi/10.3.1/thumb/v7e-m+fp/hard/crtbegin.o
 *(.bss*)
 .bss.hadc1     0x00000000200000a8       0x64 ./Core/Src/main.o
                0x00000000200000a8                hadc1
 .bss.hcan1     0x000000002000010c       0x28 ./Core/Src/main.o
                0x000000002000010c                hcan1
 .bss.htim1     0x0000000020000134       0x4c ./Core/Src/main.o
                0x0000000020000134                htim1
 .bss.htim2     0x0000000020000180       0x4c ./Core/Src/main.o
                0x0000000020000180                htim2
 .bss.huart1    0x00000000200001cc       0x84 ./Core/Src/main.o
                0x00000000200001cc                huart1
 .bss.defaultTaskHandle
                0x0000000020000250        0x4 ./Core/Src/main.o
                0x0000000020000250                defaultTaskHandle
 .bss.htim6     0x0000000020000254       0x4c ./Core/Src/stm32l4xx_hal_timebase_tim.o
                0x0000000020000254                htim6
 .bss.uwTick    0x00000000200002a0        0x4 ./Drivers/STM32L4xx_HAL_Driver/Src/stm32l4xx_hal.o
                0x00000000200002a0                uwTick
 .bss.KernelState
                0x00000000200002a4        0x4 ./Middlewares/Third_Party/FreeRTOS/Source/CMSIS_RTOS_V2/cmsis_os2.o
 .bss.Idle_TCB.3
                0x00000000200002a8       0xc4 ./Middlewares/Third_Party/FreeRTOS/Source/CMSIS_RTOS_V2/cmsis_os2.o
 .bss.Idle_Stack.2
                0x000000002000036c      0x200 ./Middlewares/Third_Party/FreeRTOS/Source/CMSIS_RTOS_V2/cmsis_os2.o
 .bss.Timer_TCB.1
                0x000000002000056c       0xc4 ./Middlewares/Third_Party/FreeRTOS/Source/CMSIS_RTOS_V2/cmsis_os2.o
 .bss.Timer_Stack.0
                0x0000000020000630      0x400 ./Middlewares/Third_Party/FreeRTOS/Source/CMSIS_RTOS_V2/cmsis_os2.o
 .bss.xQueueRegistry
                0x0000000020000a30       0x40 ./Middlewares/Third_Party/FreeRTOS/Source/queue.o
                0x0000000020000a30                xQueueRegistry
 .bss.pxCurrentTCB
                0x0000000020000a70        0x4 ./Middlewares/Third_Party/FreeRTOS/Source/tasks.o
                0x0000000020000a70                pxCurrentTCB
 .bss.pxReadyTasksLists
                0x0000000020000a74      0x460 ./Middlewares/Third_Party/FreeRTOS/Source/tasks.o
 .bss.xDelayedTaskList1
                0x0000000020000ed4       0x14 ./Middlewares/Third_Party/FreeRTOS/Source/tasks.o
 .bss.xDelayedTaskList2
                0x0000000020000ee8       0x14 ./Middlewares/Third_Party/FreeRTOS/Source/tasks.o
 .bss.pxDelayedTaskList
                0x0000000020000efc        0x4 ./Middlewares/Third_Party/FreeRTOS/Source/tasks.o
 .bss.pxOverflowDelayedTaskList
                0x0000000020000f00        0x4 ./Middlewares/Third_Party/FreeRTOS/Source/tasks.o
 .bss.xPendingReadyList
                0x0000000020000f04       0x14 ./Middlewares/Third_Party/FreeRTOS/Source/tasks.o
 .bss.xTasksWaitingTermination
                0x0000000020000f18       0x14 ./Middlewares/Third_Party/FreeRTOS/Source/tasks.o
 .bss.uxDeletedTasksWaitingCleanUp
                0x0000000020000f2c        0x4 ./Middlewares/Third_Party/FreeRTOS/Source/tasks.o
 .bss.xSuspendedTaskList
                0x0000000020000f30       0x14 ./Middlewares/Third_Party/FreeRTOS/Source/tasks.o
 .bss.uxCurrentNumberOfTasks
                0x0000000020000f44        0x4 ./Middlewares/Third_Party/FreeRTOS/Source/tasks.o
 .bss.xTickCount
                0x0000000020000f48        0x4 ./Middlewares/Third_Party/FreeRTOS/Source/tasks.o
 .bss.uxTopReadyPriority
                0x0000000020000f4c        0x4 ./Middlewares/Third_Party/FreeRTOS/Source/tasks.o
 .bss.xSchedulerRunning
                0x0000000020000f50        0x4 ./Middlewares/Third_Party/FreeRTOS/Source/tasks.o
 .bss.xPendedTicks
                0x0000000020000f54        0x4 ./Middlewares/Third_Party/FreeRTOS/Source/tasks.o
 .bss.xYieldPending
                0x0000000020000f58        0x4 ./Middlewares/Third_Party/FreeRTOS/Source/tasks.o
 .bss.xNumOfOverflows
                0x0000000020000f5c        0x4 ./Middlewares/Third_Party/FreeRTOS/Source/tasks.o
 .bss.uxTaskNumber
                0x0000000020000f60        0x4 ./Middlewares/Third_Party/FreeRTOS/Source/tasks.o
 .bss.xNextTaskUnblockTime
                0x0000000020000f64        0x4 ./Middlewares/Third_Party/FreeRTOS/Source/tasks.o
 .bss.xIdleTaskHandle
                0x0000000020000f68        0x4 ./Middlewares/Third_Party/FreeRTOS/Source/tasks.o
 .bss.uxSchedulerSuspended
                0x0000000020000f6c        0x4 ./Middlewares/Third_Party/FreeRTOS/Source/tasks.o
 .bss.ulTaskSwitchedInTime
                0x0000000020000f70        0x4 ./Middlewares/Third_Party/FreeRTOS/Source/tasks.o
 .bss.ulTotalRunTime
                0x0000000020000f74        0x4 ./Middlewares/Third_Party/FreeRTOS/Source/tasks.o
 .bss.xActiveTimerList1
                0x0000000020000f78       0x14 ./Middlewares/Third_Party/FreeRTOS/Source/timers.o
 .bss.xActiveTimerList2
                0x0000000020000f8c       0x14 ./Middlewares/Third_Party/FreeRTOS/Source/timers.o
 .bss.pxCurrentTimerList
                0x0000000020000fa0        0x4 ./Middlewares/Third_Party/FreeRTOS/Source/timers.o
 .bss.pxOverflowTimerList
                0x0000000020000fa4        0x4 ./Middlewares/Third_Party/FreeRTOS/Source/timers.o
 .bss.xTimerQueue
                0x0000000020000fa8        0x4 ./Middlewares/Third_Party/FreeRTOS/Source/timers.o
 .bss.xTimerTaskHandle
                0x0000000020000fac        0x4 ./Middlewares/Third_Party/FreeRTOS/Source/timers.o
 .bss.xLastTime.2
                0x0000000020000fb0        0x4 ./Middlewares/Third_Party/FreeRTOS/Source/timers.o
 .bss.ucStaticTimerQueueStorage.1
                0x0000000020000fb4       0xa0 ./Middlewares/Third_Party/FreeRTOS/Source/timers.o
 .bss.xStaticTimerQueue.0
                0x0000000020001054       0x50 ./Middlewares/Third_Party/FreeRTOS/Source/timers.o
 .bss.ucMaxSysCallPriority
                0x00000000200010a4        0x1 ./Middlewares/Third_Party/FreeRTOS/Source/portable/GCC/ARM_CM4F/port.o
 *fill*         0x00000000200010a5        0x3 
 .bss.ulMaxPRIGROUPValue
                0x00000000200010a8        0x4 ./Middlewares/Third_Party/FreeRTOS/Source/portable/GCC/ARM_CM4F/port.o
 .bss.ucHeap    0x00000000200010ac     0x1f40 ./Middlewares/Third_Party/FreeRTOS/Source/portable/MemMang/heap_4.o
 .bss.xStart    0x0000000020002fec        0x8 ./Middlewares/Third_Party/FreeRTOS/Source/portable/MemMang/heap_4.o
 .bss.pxEnd     0x0000000020002ff4        0x4 ./Middlewares/Third_Party/FreeRTOS/Source/portable/MemMang/heap_4.o
 .bss.xFreeBytesRemaining
                0x0000000020002ff8        0x4 ./Middlewares/Third_Party/FreeRTOS/Source/portable/MemMang/heap_4.o
 .bss.xMinimumEverFreeBytesRemaining
                0x0000000020002ffc        0x4 ./Middlewares/Third_Party/FreeRTOS/Source/portable/MemMang/heap_4.o
 .bss.xNumberOfSuccessfulAllocations
                0x0000000020003000        0x4 ./Middlewares/Third_Party/FreeRTOS/Source/portable/MemMang/heap_4.o
 .bss.xNumberOfSuccessfulFrees
                0x0000000020003004        0x4 ./Middlewares/Third_Party/FreeRTOS/Source/portable/MemMang/heap_4.o
 .bss.xBlockAllocatedBit
                0x0000000020003008        0x4 ./Middlewares/Third_Party/FreeRTOS/Source/portable/MemMang/heap_4.o
 .bss.braking_stepper
                0x000000002000300c        0xc ./libs/STEPPER/stepper.o
                0x000000002000300c                braking_stepper
 .bss.steering_stepper
                0x0000000020003018        0xc ./libs/STEPPER/stepper.o
                0x0000000020003018                steering_stepper
 .bss.steerTaskHandle
                0x0000000020003024        0x4 ./libs/STEPPER/stepper_tasks.o
                0x0000000020003024                steerTaskHandle
 .bss.canResetTaskHandle
                0x0000000020003028        0x4 ./libs/vanttec_CANLib/platform_specific/vanttec_canlib_stm/generic_tasks/can_reset_task.o
                0x0000000020003028                canResetTaskHandle
 .bss.emergencystopTaskHandle
                0x000000002000302c        0x4 ./libs/vanttec_CANLib/platform_specific/vanttec_canlib_stm/generic_tasks/requirements.o
                0x000000002000302c                emergencystopTaskHandle
 .bss.hbTaskHandle
                0x0000000020003030        0x4 ./libs/vanttec_CANLib/platform_specific/vanttec_canlib_stm/generic_tasks/requirements.o
                0x0000000020003030                hbTaskHandle
 .bss.drivemodeTaskHandle
                0x0000000020003034        0x4 ./libs/vanttec_CANLib/platform_specific/vanttec_canlib_stm/generic_tasks/requirements.o
                0x0000000020003034                drivemodeTaskHandle
 .bss.driverpresentTaskHandle
                0x0000000020003038        0x4 ./libs/vanttec_CANLib/platform_specific/vanttec_canlib_stm/generic_tasks/requirements.o
                0x0000000020003038                driverpresentTaskHandle
 .bss.reverseTaskHandle
                0x000000002000303c        0x4 ./libs/vanttec_CANLib/platform_specific/vanttec_canlib_stm/generic_tasks/requirements.o
                0x000000002000303c                reverseTaskHandle
 .bss.frenomanualTaskHandle
                0x0000000020003040        0x4 ./libs/vanttec_CANLib/platform_specific/vanttec_canlib_stm/generic_tasks/requirements.o
                0x0000000020003040                frenomanualTaskHandle
 .bss.driverfaultTaskHandle
                0x0000000020003044        0x4 ./libs/vanttec_CANLib/platform_specific/vanttec_canlib_stm/generic_tasks/requirements.o
                0x0000000020003044                driverfaultTaskHandle
 .bss.g_vanttec_hcan
                0x0000000020003048       0x28 ./libs/vanttec_CANLib/platform_specific/vanttec_canlib_stm/vanttec_canlib.o
                0x0000000020003048                g_vanttec_hcan
 .bss.g_vanttec_deviceId
                0x0000000020003070        0x2 ./libs/vanttec_CANLib/platform_specific/vanttec_canlib_stm/vanttec_canlib.o
                0x0000000020003070                g_vanttec_deviceId
 *fill*         0x0000000020003072        0x2 
 .bss.g_can_lock
                0x0000000020003074        0x4 ./libs/vanttec_CANLib/platform_specific/vanttec_canlib_stm/vanttec_canlib.o
                0x0000000020003074                g_can_lock
 .bss.rx_table  0x0000000020003078      0x180 ./libs/vanttec_CANLib/platform_specific/vanttec_canlib_stm/vanttec_canlib_rx_task.o
                0x0000000020003078                rx_table
 .bss.last_entry
                0x00000000200031f8        0x4 ./libs/vanttec_CANLib/platform_specific/vanttec_canlib_stm/vanttec_canlib_rx_task.o
                0x00000000200031f8                last_entry
 .bss.rxMessageQueue
                0x00000000200031fc        0x4 ./libs/vanttec_CANLib/platform_specific/vanttec_canlib_stm/vanttec_canlib_rx_task.o
                0x00000000200031fc                rxMessageQueue
 .bss.canRxTaskHandle
                0x0000000020003200        0x4 ./libs/vanttec_CANLib/platform_specific/vanttec_canlib_stm/vanttec_canlib_rx_task.o
                0x0000000020003200                canRxTaskHandle
 .bss.canRxQueueTaskHandle
                0x0000000020003204        0x4 ./libs/vanttec_CANLib/platform_specific/vanttec_canlib_stm/vanttec_canlib_rx_task.o
                0x0000000020003204                canRxQueueTaskHandle
 .bss.txMessageQueue
                0x0000000020003208        0x4 ./libs/vanttec_CANLib/platform_specific/vanttec_canlib_stm/vanttec_canlib_tx_task.o
                0x0000000020003208                txMessageQueue
 .bss.canTxTaskHandle
                0x000000002000320c        0x4 ./libs/vanttec_CANLib/platform_specific/vanttec_canlib_stm/vanttec_canlib_tx_task.o
                0x000000002000320c                canTxTaskHandle
 .bss.lastDebugSent
                0x0000000020003210        0x4 ./libs/vanttec_CANLib/platform_specific/vanttec_canlib_stm/vanttec_canlib_tx_task.o
                0x0000000020003210                lastDebugSent
 .bss.__lock___malloc_recursive_mutex
                0x0000000020003214        0x1 c:/st/stm32cubeide_1.11.2/stm32cubeide/plugins/com.st.stm32cube.ide.mcu.externaltools.gnu-tools-for-stm32.10.3-2021.10.win32_1.0.100.202210260954/tools/bin/../lib/gcc/arm-none-eabi/10.3.1/../../../../arm-none-eabi/lib/thumb/v7e-m+fp/hard\libc_nano.a(lib_a-lock.o)
                0x0000000020003214                __lock___malloc_recursive_mutex
 *fill*         0x0000000020003215        0x3 
 .bss.__malloc_free_list
                0x0000000020003218        0x4 c:/st/stm32cubeide_1.11.2/stm32cubeide/plugins/com.st.stm32cube.ide.mcu.externaltools.gnu-tools-for-stm32.10.3-2021.10.win32_1.0.100.202210260954/tools/bin/../lib/gcc/arm-none-eabi/10.3.1/../../../../arm-none-eabi/lib/thumb/v7e-m+fp/hard\libc_nano.a(lib_a-nano-mallocr.o)
                0x0000000020003218                __malloc_free_list
 *(COMMON)
                0x000000002000321c                . = ALIGN (0x4)
                0x000000002000321c                _ebss = .