../Core/Src/main.c:87:5:main	56	static
../Core/Src/main.c:174:6:SystemClock_Config	96	static
../Core/Src/main.c:223:13:MX_ADC1_Init	32	static
../Core/Src/main.c:281:13:MX_CAN1_Init	8	static
../Core/Src/main.c:318:13:MX_TIM1_Init	112	static
../Core/Src/main.c:398:13:MX_TIM2_Init	64	static
../Core/Src/main.c:461:13:MX_USART1_UART_Init	8	static
../Core/Src/main.c:496:13:MX_GPIO_Init	48	static
../Core/Src/main.c:577:6:default_task	16	static
../Core/Src/main.c:596:6:HAL_TIM_PeriodElapsedCallback	16	static
../Core/Src/main.c:613:6:Error_Handler	4	static,ignoring_inline_asm
