../libs/STEPPER/stepper.c:11:6:configure_steering	8	static
../libs/STEPPER/stepper.c:25:6:configure_braking	8	static
../libs/STEPPER/stepper.c:37:6:start	16	static
../libs/STEPPER/stepper.c:56:6:pause	16	static
../libs/STEPPER/stepper.c:74:6:stop	16	static
../libs/STEPPER/stepper.c:106:6:steer	16	static
../libs/STEPPER/stepper.c:145:6:set_setpoint	24	static
../libs/STEPPER/stepper.c:173:6:steer_by_setpoint	24	static
../libs/STEPPER/stepper.c:200:6:brake_by_setpoint	24	static
../libs/STEPPER/stepper.c:227:6:update_stepper_pos	16	static
