../Core/Src/mcp45hvx1.c:19:6:initialize_devices	16	static
../Core/Src/mcp45hvx1.c:29:6:begin_pot	16	static
../Core/Src/mcp45hvx1.c:42:6:writeWiper	16	static
../Core/Src/mcp45hvx1.c:50:6:read_register	24	static
../Core/Src/mcp45hvx1.c:65:6:send_command	40	static
../Core/Src/mcp45hvx1.c:83:6:write_register	24	static
../Core/Src/mcp45hvx1.c:88:9:readWiper	16	static
../Core/Src/mcp45hvx1.c:96:9:readTCON	16	static
../Core/Src/mcp45hvx1.c:112:6:defaultTCON	8	static
../Core/Src/mcp45hvx1.c:122:6:writeTCON	16	static
../Core/Src/mcp45hvx1.c:128:6:write_TCON_R0HW	16	static
../Core/Src/mcp45hvx1.c:134:6:write_TCON_R0A	16	static
../Core/Src/mcp45hvx1.c:140:6:write_TCON_R0W	16	static
../Core/Src/mcp45hvx1.c:146:6:write_TCON_R0B	16	static
../Core/Src/mcp45hvx1.c:152:6:write_TCON_Register	16	static
