../Core/Src/mcp45hvx1.c:19:6:initialize_devices	16	static
../Core/Src/mcp45hvx1.c:27:6:begin_pot	16	static
../Core/Src/mcp45hvx1.c:37:6:writeWiper	16	static
../Core/Src/mcp45hvx1.c:41:6:read_register	24	static
../Core/Src/mcp45hvx1.c:54:6:send_command	40	static
../Core/Src/mcp45hvx1.c:70:6:write_register	24	static
../Core/Src/mcp45hvx1.c:74:9:readWiper	16	static
../Core/Src/mcp45hvx1.c:81:9:readTCON	16	static
../Core/Src/mcp45hvx1.c:96:6:defaultTCON	8	static
../Core/Src/mcp45hvx1.c:105:6:writeTCON	16	static
../Core/Src/mcp45hvx1.c:110:6:write_TCON_R0HW	16	static
../Core/Src/mcp45hvx1.c:115:6:write_TCON_R0A	16	static
../Core/Src/mcp45hvx1.c:120:6:write_TCON_R0W	16	static
../Core/Src/mcp45hvx1.c:125:6:write_TCON_R0B	16	static
../Core/Src/mcp45hvx1.c:130:6:write_TCON_Register	16	static
