../libs/vanttec_CANLib/platform_specific/vanttec_canlib_stm/vanttec_canlib_tx_task.c:27:6:init_canlib_tx	8	static
../libs/vanttec_CANLib/platform_specific/vanttec_canlib_stm/vanttec_canlib_tx_task.c:36:6:canlib_tx_update	56	static
../libs/vanttec_CANLib/platform_specific/vanttec_canlib_stm/vanttec_canlib_tx_task.c:58:6:canlib_tx_task	24	static
../libs/vanttec_CANLib/platform_specific/vanttec_canlib_stm/vanttec_canlib_tx_task.c:66:6:canlib_queue_tx	32	static
../libs/vanttec_CANLib/platform_specific/vanttec_canlib_stm/vanttec_canlib_tx_task.c:83:8:canlib_send_debug_string	40	static
../libs/vanttec_CANLib/platform_specific/vanttec_canlib_stm/vanttec_canlib_tx_task.c:112:6:canlib_send_byte	24	static
../libs/vanttec_CANLib/platform_specific/vanttec_canlib_stm/vanttec_canlib_tx_task.c:118:6:canlib_send_short	24	static
../libs/vanttec_CANLib/platform_specific/vanttec_canlib_stm/vanttec_canlib_tx_task.c:124:6:canlib_send_long	24	static
../libs/vanttec_CANLib/platform_specific/vanttec_canlib_stm/vanttec_canlib_tx_task.c:130:6:canlib_send_float	24	static
