../libs/vanttec_CANLib/platform_specific/vanttec_canlib_stm/vanttec_canlib_tx_task.c:26:6:init_canlib_tx	8	static
../libs/vanttec_CANLib/platform_specific/vanttec_canlib_stm/vanttec_canlib_tx_task.c:35:6:canlib_tx_update	56	static
../libs/vanttec_CANLib/platform_specific/vanttec_canlib_stm/vanttec_canlib_tx_task.c:57:6:canlib_tx_task	24	static
../libs/vanttec_CANLib/platform_specific/vanttec_canlib_stm/vanttec_canlib_tx_task.c:65:6:canlib_queue_tx	32	static
../libs/vanttec_CANLib/platform_specific/vanttec_canlib_stm/vanttec_canlib_tx_task.c:82:8:canlib_send_debug_string	40	static
../libs/vanttec_CANLib/platform_specific/vanttec_canlib_stm/vanttec_canlib_tx_task.c:111:6:canlib_send_byte	24	static
../libs/vanttec_CANLib/platform_specific/vanttec_canlib_stm/vanttec_canlib_tx_task.c:117:6:canlib_send_short	24	static
../libs/vanttec_CANLib/platform_specific/vanttec_canlib_stm/vanttec_canlib_tx_task.c:123:6:canlib_send_long	24	static
../libs/vanttec_CANLib/platform_specific/vanttec_canlib_stm/vanttec_canlib_tx_task.c:129:6:canlib_send_float	24	static
