../libs/STEPPER/stepper.c:13:6:configure_steering	8	static
../libs/STEPPER/stepper.c:27:6:configure_braking	8	static
../libs/STEPPER/stepper.c:41:6:start	16	static
../libs/STEPPER/stepper.c:63:6:pause	16	static
../libs/STEPPER/stepper.c:83:6:stop	16	static
../libs/STEPPER/stepper.c:114:6:em_stop	16	static
../libs/STEPPER/stepper.c:147:6:steer	16	static
../libs/STEPPER/stepper.c:195:6:set_setpoint	24	static
../libs/STEPPER/stepper.c:229:6:steer_by_setpoint	16	static
../libs/STEPPER/stepper.c:260:6:brake_by_setpoint	16	static
../libs/STEPPER/stepper.c:294:6:update_stepper_pos	16	static
