../libs/stepper_lib/stepper.c:15:6:configure_steering	8	static
../libs/stepper_lib/stepper.c:30:6:configure_braking	8	static
../libs/stepper_lib/stepper.c:44:6:start	16	static
../libs/stepper_lib/stepper.c:66:6:pause	16	static
../libs/stepper_lib/stepper.c:86:6:stop	16	static
../libs/stepper_lib/stepper.c:116:6:em_stop	16	static
../libs/stepper_lib/stepper.c:150:6:steer	24	static
../libs/stepper_lib/stepper.c:196:10:obtain_current_angle	16	static
../libs/stepper_lib/stepper.c:206:7:get_current_pos	4	static
../libs/stepper_lib/stepper.c:213:6:set_setpoint	24	static
../libs/stepper_lib/stepper.c:245:6:steer_by_setpoint	16	static
../libs/stepper_lib/stepper.c:269:6:brake_by_setpoint	16	static
../libs/stepper_lib/stepper.c:303:6:update_stepper_pos	16	static
