../libs/stepper_lib/stepper.c:11:6:configure_steering	8	static
../libs/stepper_lib/stepper.c:25:6:configure_braking	8	static
../libs/stepper_lib/stepper.c:38:6:start	16	static
../libs/stepper_lib/stepper.c:59:6:pause	16	static
../libs/stepper_lib/stepper.c:78:6:stop	16	static
../libs/stepper_lib/stepper.c:112:6:steer	16	static
../libs/stepper_lib/stepper.c:151:6:set_setpoint	24	static
../libs/stepper_lib/stepper.c:179:6:steer_by_setpoint	16	static
../libs/stepper_lib/stepper.c:204:6:brake_by_setpoint	16	static
../libs/stepper_lib/stepper.c:229:6:update_stepper_pos	16	static
