../libs/stepper_lib/stepper_tasks.c:49:6:steering_task	32	static
../libs/stepper_lib/stepper_tasks.c:116:6:braking_task	32	static
../libs/stepper_lib/stepper_tasks.c:168:6:gpios_task	16	static
../libs/stepper_lib/stepper_tasks.c:207:6:xbox_task	40	static
../libs/stepper_lib/stepper_tasks.c:251:6:init_steer_task	8	static
../libs/stepper_lib/stepper_tasks.c:256:6:init_brake_task	8	static
../libs/stepper_lib/stepper_tasks.c:261:6:init_gpios_task	8	static
../libs/stepper_lib/stepper_tasks.c:266:6:init_xbox_task	8	static
../libs/stepper_lib/stepper_tasks.c:270:6:init_stepper_tasks	8	static
