../Core/Src/panel_tasks.c:47:6:debug_task	32	static
../Core/Src/panel_tasks.c:60:6:panelMov_task	64	static
../Core/Src/panel_tasks.c:178:6:panelDet_task	56	static
../Core/Src/panel_tasks.c:253:6:driveModeStatusFlag_task	32	static
../Core/Src/panel_tasks.c:279:6:reverseSwitchStatusFlag_task	40	static
../Core/Src/panel_tasks.c:313:6:safetyModeAlertFlag_task	40	static
../Core/Src/panel_tasks.c:353:6:objectNotificationFlag_task	48	static
../Core/Src/panel_tasks.c:388:6:recognizeTrafficSignFlag_task	48	static
../Core/Src/panel_tasks.c:424:6:detectLaneFlag_task	40	static
../Core/Src/panel_tasks.c:457:6:init_panel_task	8	static
