../Core/Src/panel_tasks.c:54:6:debug_task	32	static
../Core/Src/panel_tasks.c:67:6:panelMov_task	64	static
../Core/Src/panel_tasks.c:185:6:panelDet_task	56	static
../Core/Src/panel_tasks.c:259:6:driveModeStatusFlag_task	32	static
../Core/Src/panel_tasks.c:286:6:reverseSwitchStatusFlag_task	40	static
../Core/Src/panel_tasks.c:321:6:safetyModeAlertFlag_task	40	static
../Core/Src/panel_tasks.c:362:6:objectNotificationFlag_task	48	static
../Core/Src/panel_tasks.c:397:6:recognizeTrafficSignFlag_task	48	static
../Core/Src/panel_tasks.c:433:6:detectLaneFlag_task	40	static
../Core/Src/panel_tasks.c:467:6:multimeter_task	32	static
../Core/Src/panel_tasks.c:483:6:init_panel_task	8	static
