../Core/Src/main.c:139:6:getWiper	32	static
../Core/Src/main.c:151:6:setWiper	32	static
../Core/Src/main.c:163:6:can_init	48	static
../Core/Src/main.c:191:6:can_parse_msg	16	static
../Core/Src/main.c:220:5:main	8	static
../Core/Src/main.c:320:6:SystemClock_Config	96	static
../Core/Src/main.c:369:13:MX_CAN1_Init	8	static
../Core/Src/main.c:406:13:MX_I2C1_Init	8	static
../Core/Src/main.c:454:13:MX_GPIO_Init	48	static
../Core/Src/main.c:507:6:StartDefaultTask	16	static
../Core/Src/main.c:525:6:can_rx	24	static
../Core/Src/main.c:553:6:can_tx	16	static
../Core/Src/main.c:602:6:pot	32	static
../Core/Src/main.c:715:6:carmode	16	static
../Core/Src/main.c:734:6:can_reset_bus_off	24	static
../Core/Src/main.c:763:6:Error_Handler	4	static,ignoring_inline_asm
