../Core/Src/main.c:95:5:main	8	static
../Core/Src/main.c:187:6:SystemClock_Config	96	static
../Core/Src/main.c:236:13:MX_ADC1_Init	32	static
../Core/Src/main.c:294:13:MX_CAN1_Init	8	static
../Core/Src/main.c:331:13:MX_TIM1_Init	112	static
../Core/Src/main.c:411:13:MX_TIM2_Init	64	static
../Core/Src/main.c:476:13:MX_USART1_UART_Init	8	static
../Core/Src/main.c:511:13:MX_GPIO_Init	48	static
../Core/Src/main.c:592:6:steering_task	16	static
../Core/Src/main.c:614:6:braking_task	16	static
../Core/Src/main.c:633:6:HAL_TIM_PeriodElapsedCallback	16	static
../Core/Src/main.c:650:6:Error_Handler	4	static,ignoring_inline_asm
