../Core/Src/main.c:103:6:can_init	48	static
../Core/Src/main.c:131:6:can_parse_msg	24	static
../Core/Src/main.c:145:5:main	8	static
../Core/Src/main.c:233:6:SystemClock_Config	96	static
../Core/Src/main.c:282:13:MX_CAN1_Init	8	static
../Core/Src/main.c:319:13:MX_GPIO_Init	16	static
../Core/Src/main.c:339:6:StartDefaultTask	16	static
../Core/Src/main.c:357:6:can_rx	48	static
../Core/Src/main.c:386:6:can_tx	16	static
../Core/Src/main.c:432:6:can_reset	24	static
../Core/Src/main.c:461:6:Error_Handler	4	static,ignoring_inline_asm
