../libs/vanttec_CANLib/platform_specific/vanttec_canlib_stm/generic_tasks/requirements.c:43:6:emergencystop_task	40	static
../libs/vanttec_CANLib/platform_specific/vanttec_canlib_stm/generic_tasks/requirements.c:68:6:hb_task	24	static
../libs/vanttec_CANLib/platform_specific/vanttec_canlib_stm/generic_tasks/requirements.c:79:6:drivemode_task	40	static
../libs/vanttec_CANLib/platform_specific/vanttec_canlib_stm/generic_tasks/requirements.c:111:6:driverpresent_task	16	static
../libs/vanttec_CANLib/platform_specific/vanttec_canlib_stm/generic_tasks/requirements.c:118:6:reverse_task	40	static
../libs/vanttec_CANLib/platform_specific/vanttec_canlib_stm/generic_tasks/requirements.c:144:6:frenomanual_task	40	static
../libs/vanttec_CANLib/platform_specific/vanttec_canlib_stm/generic_tasks/requirements.c:169:6:driverfault_task	40	static
../libs/vanttec_CANLib/platform_specific/vanttec_canlib_stm/generic_tasks/requirements.c:197:6:init_requirements_task	8	static
