03:54:07 **** Incremental Build of configuration Debug for project PanelVanttec ****
make -j8 all 
arm-none-eabi-gcc "../Core/Src/panel_tasks.c" -mcpu=cortex-m4 -std=gnu11 -g3 -DDEBUG -DUSE_HAL_DRIVER -DSTM32L431xx -c -I../Core/Inc -I../Drivers/STM32L4xx_HAL_Driver/Inc -I../Drivers/STM32L4xx_HAL_Driver/Inc/Legacy -I../Middlewares/Third_Party/FreeRTOS/Source/include -I../Middlewares/Third_Party/FreeRTOS/Source/CMSIS_RTOS_V2 -I../Middlewares/Third_Party/FreeRTOS/Source/portable/GCC/ARM_CM4F -I../Drivers/CMSIS/Device/ST/STM32L4xx/Include -I../Drivers/CMSIS/Include -I../libs/vanttec_CANLib/src/Vanttec_CANLib -I../libs/vanttec_CANLib/platform_specific/vanttec_canlib_stm -O0 -ffunction-sections -fdata-sections -Wall -fstack-usage -MMD -MP -MF"Core/Src/panel_tasks.d" -MT"Core/Src/panel_tasks.o" --specs=nano.specs -mfpu=fpv4-sp-d16 -mfloat-abi=hard -mthumb -o "Core/Src/panel_tasks.o"
../Core/Src/panel_tasks.c: In function 'panelMov_task':
../Core/Src/panel_tasks.c:51:31: error: 'L3D_Port' undeclared (first use in this function)
   51 |             HAL_GPIO_WritePin(L3D_Port, L3D_Pin, SET);
      |                               ^~~~~~~~
../Core/Src/panel_tasks.c:51:31: note: each undeclared identifier is reported only once for each function it appears in
../Core/Src/panel_tasks.c:52:31: error: 'L2D_Port' undeclared (first use in this function)
   52 |             HAL_GPIO_WritePin(L2D_Port, L2D_Pin, SET);
      |                               ^~~~~~~~
../Core/Src/panel_tasks.c:53:31: error: 'PA5_GPIO_Port' undeclared (first use in this function); did you mean 'L5D_GPIO_Port'?
   53 |             HAL_GPIO_WritePin(PA5_GPIO_Port, PA5_Pin, SET);
      |                               ^~~~~~~~~~~~~
      |                               L5D_GPIO_Port
../Core/Src/panel_tasks.c:53:46: error: 'PA5_Pin' undeclared (first use in this function)
   53 |             HAL_GPIO_WritePin(PA5_GPIO_Port, PA5_Pin, SET);
      |                                              ^~~~~~~
../Core/Src/panel_tasks.c:83:31: error: 'PA5_Pin_GPIO_Port' undeclared (first use in this function); did you mean 'L5D_GPIO_Port'?
   83 |             HAL_GPIO_WritePin(PA5_Pin_GPIO_Port, PA5_Pin, RESET);
      |                               ^~~~~~~~~~~~~~~~~
      |                               L5D_GPIO_Port
../Core/Src/panel_tasks.c: In function 'panelDet_task':
../Core/Src/panel_tasks.c:152:43: error: 'L3D_Port' undeclared (first use in this function)
  152 |                         HAL_GPIO_WritePin(L3D_Port, L3D_Pin, SET);
      |                                           ^~~~~~~~
../Core/Src/panel_tasks.c:173:39: error: 'PA5_GPIO_Port' undeclared (first use in this function); did you mean 'L5D_GPIO_Port'?
  173 |                     HAL_GPIO_WritePin(PA5_GPIO_Port, PA5_Pin, SET);
      |                                       ^~~~~~~~~~~~~
      |                                       L5D_GPIO_Port
../Core/Src/panel_tasks.c:173:54: error: 'PA5_Pin' undeclared (first use in this function)
  173 |                     HAL_GPIO_WritePin(PA5_GPIO_Port, PA5_Pin, SET);
      |                                                      ^~~~~~~
../Core/Src/panel_tasks.c: In function 'driveModeStatus_task':
../Core/Src/panel_tasks.c:216:13: error: 'driveModeStatus' undeclared (first use in this function); did you mean 'driveModeStatus_data'?
  216 |         if (driveModeStatus == 0x10)
      |             ^~~~~~~~~~~~~~~
      |             driveModeStatus_data
../Core/Src/panel_tasks.c:218:31: error: 'Led1_GPIO_Port' undeclared (first use in this function); did you mean 'L5D_GPIO_Port'?
  218 |             HAL_GPIO_WritePin(Led1_GPIO_Port, Led1_Pin, SET);
      |                               ^~~~~~~~~~~~~~
      |                               L5D_GPIO_Port
../Core/Src/panel_tasks.c:218:47: error: 'Led1_Pin' undeclared (first use in this function)
  218 |             HAL_GPIO_WritePin(Led1_GPIO_Port, Led1_Pin, SET);
      |                                               ^~~~~~~~
../Core/Src/panel_tasks.c:212:14: warning: unused variable 'largo' [-Wunused-variable]
  212 |     uint32_t largo=200;
      |              ^~~~~
../Core/Src/panel_tasks.c:211:14: warning: unused variable 'corto' [-Wunused-variable]
  211 |     uint32_t corto=20;
      |              ^~~~~
../Core/Src/panel_tasks.c:210:13: warning: unused variable 'driveModeStatusNew_data' [-Wunused-variable]
  210 |     uint8_t driveModeStatusNew_data=0;
      |             ^~~~~~~~~~~~~~~~~~~~~~~
../Core/Src/panel_tasks.c: In function 'reverseSwitchStatus_task':
../Core/Src/panel_tasks.c:236:13: error: 'reverseSwitchStatus' undeclared (first use in this function); did you mean 'reverseSwitchStatus_data'?
  236 |         if (reverseSwitchStatus == 0x10)
      |             ^~~~~~~~~~~~~~~~~~~
      |             reverseSwitchStatus_data
../Core/Src/panel_tasks.c:238:31: error: 'Led2_GPIO_Port' undeclared (first use in this function); did you mean 'L5D_GPIO_Port'?
  238 |             HAL_GPIO_WritePin(Led2_GPIO_Port, Led2_Pin, SET);
      |                               ^~~~~~~~~~~~~~
      |                               L5D_GPIO_Port
../Core/Src/panel_tasks.c:238:47: error: 'Led2_Pin' undeclared (first use in this function)
  238 |             HAL_GPIO_WritePin(Led2_GPIO_Port, Led2_Pin, SET);
      |                                               ^~~~~~~~
../Core/Src/panel_tasks.c:232:14: warning: unused variable 'largo' [-Wunused-variable]
  232 |     uint32_t largo=200;
      |              ^~~~~
../Core/Src/panel_tasks.c:231:14: warning: unused variable 'corto' [-Wunused-variable]
  231 |     uint32_t corto=20;
      |              ^~~~~
../Core/Src/panel_tasks.c:230:13: warning: unused variable 'reverseSwitchStatusNew_data' [-Wunused-variable]
  230 |     uint8_t reverseSwitchStatusNew_data=0;
      |             ^~~~~~~~~~~~~~~~~~~~~~~~~~~
../Core/Src/panel_tasks.c: In function 'safetyModeAlert_task':
../Core/Src/panel_tasks.c:256:13: error: 'safetyModeAlert' undeclared (first use in this function); did you mean 'safetyModeAlert_data'?
  256 |         if (safetyModeAlert == 0x10)
      |             ^~~~~~~~~~~~~~~
      |             safetyModeAlert_data
../Core/Src/panel_tasks.c:258:19: error: expected expression before ')' token
  258 |             while(){
      |                   ^
../Core/Src/panel_tasks.c:260:31: error: 'Led1_GPIO_Port' undeclared (first use in this function); did you mean 'L5D_GPIO_Port'?
  260 |             HAL_GPIO_WritePin(Led1_GPIO_Port, Led1_Pin, SET);
      |                               ^~~~~~~~~~~~~~
      |                               L5D_GPIO_Port
../Core/Src/panel_tasks.c:260:47: error: 'Led1_Pin' undeclared (first use in this function)
  260 |             HAL_GPIO_WritePin(Led1_GPIO_Port, Led1_Pin, SET);
      |                                               ^~~~~~~~
../Core/Src/panel_tasks.c:261:31: error: 'Led2_GPIO_Port' undeclared (first use in this function); did you mean 'L5D_GPIO_Port'?
  261 |             HAL_GPIO_WritePin(Led2_GPIO_Port, Led2_Pin, RESET);
      |                               ^~~~~~~~~~~~~~
      |                               L5D_GPIO_Port
../Core/Src/panel_tasks.c:261:47: error: 'Led2_Pin' undeclared (first use in this function)
  261 |             HAL_GPIO_WritePin(Led2_GPIO_Port, Led2_Pin, RESET);
      |                                               ^~~~~~~~
../Core/Src/panel_tasks.c:262:31: error: 'Led3_GPIO_Port' undeclared (first use in this function); did you mean 'L5D_GPIO_Port'?
  262 |             HAL_GPIO_WritePin(Led3_GPIO_Port, Led3_Pin, SET);
      |                               ^~~~~~~~~~~~~~
      |                               L5D_GPIO_Port
../Core/Src/panel_tasks.c:262:47: error: 'Led3_Pin' undeclared (first use in this function)
  262 |             HAL_GPIO_WritePin(Led3_GPIO_Port, Led3_Pin, SET);
      |                                               ^~~~~~~~
../Core/Src/panel_tasks.c:263:31: error: 'Led4_GPIO_Port' undeclared (first use in this function); did you mean 'L5D_GPIO_Port'?
  263 |             HAL_GPIO_WritePin(Led4_GPIO_Port, Led4_Pin, RESET);
      |                               ^~~~~~~~~~~~~~
      |                               L5D_GPIO_Port
../Core/Src/panel_tasks.c:263:47: error: 'Led4_Pin' undeclared (first use in this function)
  263 |             HAL_GPIO_WritePin(Led4_GPIO_Port, Led4_Pin, RESET);
      |                                               ^~~~~~~~
../Core/Src/panel_tasks.c:264:31: error: 'Led5_GPIO_Port' undeclared (first use in this function); did you mean 'L5D_GPIO_Port'?
  264 |             HAL_GPIO_WritePin(Led5_GPIO_Port, Led5_Pin, SET);
      |                               ^~~~~~~~~~~~~~
      |                               L5D_GPIO_Port
../Core/Src/panel_tasks.c:264:47: error: 'Led5_Pin' undeclared (first use in this function)
  264 |             HAL_GPIO_WritePin(Led5_GPIO_Port, Led5_Pin, SET);
      |                                               ^~~~~~~~
../Core/Src/panel_tasks.c:265:13: warning: implicit declaration of function 'HAL_delay'; did you mean 'HAL_Delay'? [-Wimplicit-function-declaration]
  265 |             HAL_delay(largo);
      |             ^~~~~~~~~
      |             HAL_Delay
../Core/Src/panel_tasks.c:250:14: warning: unused variable 'corto' [-Wunused-variable]
  250 |     uint32_t corto=20;
      |              ^~~~~
../Core/Src/panel_tasks.c:248:13: warning: unused variable 'safetyModeAlert_data' [-Wunused-variable]
  248 |     uint8_t safetyModeAlert_data=0;
      |             ^~~~~~~~~~~~~~~~~~~~
make: *** [Core/Src/subdir.mk:40: Core/Src/panel_tasks.o] Error 1
"make -j8 all" terminated with exit code 2. Build might be incomplete.

03:54:09 Build Failed. 27 errors, 9 warnings. (took 2s.810ms)

