17:45:02 **** Incremental Build of configuration Debug for project ThrottleVanttec ****
make -j8 all 
arm-none-eabi-gcc "../Core/Src/throttle_tasks.c" -mcpu=cortex-m4 -std=gnu11 -g3 -DDEBUG -DUSE_HAL_DRIVER -DSTM32L431xx -c -I../Core/Inc -I../Drivers/STM32L4xx_HAL_Driver/Inc -I../Drivers/STM32L4xx_HAL_Driver/Inc/Legacy -I../Middlewares/Third_Party/FreeRTOS/Source/include -I../Middlewares/Third_Party/FreeRTOS/Source/CMSIS_RTOS_V2 -I../Middlewares/Third_Party/FreeRTOS/Source/portable/GCC/ARM_CM4F -I../Drivers/CMSIS/Device/ST/STM32L4xx/Include -I../Drivers/CMSIS/Include -I"../libs/vanttec_CANLib/src/Vanttec_CANLib" -I"../libs/vanttec_CANLib/platform_specific/vanttec_canlib_stm" -O0 -ffunction-sections -fdata-sections -Wall -fstack-usage -MMD -MP -MF"Core/Src/throttle_tasks.d" -MT"Core/Src/throttle_tasks.o" --specs=nano.specs -mfpu=fpv4-sp-d16 -mfloat-abi=hard -mthumb -o "Core/Src/throttle_tasks.o"
../Core/Src/throttle_tasks.c: In function 'pot_task':
../Core/Src/throttle_tasks.c:48:13: warning: implicit declaration of function 'writeWiper' [-Wimplicit-function-declaration]
   48 |             writeWiper(pot_data);
      |             ^~~~~~~~~~
../Core/Src/throttle_tasks.c: In function 'brake_task':
../Core/Src/throttle_tasks.c:114:15: warning: implicit declaration of function 'update_table' [-Wimplicit-function-declaration]
  114 |               update_table(VANTTEC_CAN_ID_THROTTLE_RX, 0x05, buf, 2);
      |               ^~~~~~~~~~~~
arm-none-eabi-g++ -o "ThrottleVanttec.elf" @"objects.list"   -mcpu=cortex-m4 -T"C:\Users\riky_\STM32CubeIDE\workspace_1.11.2\sdv_embedded\ThrottleVanttec\STM32L431RCTX_FLASH.ld" -Wl,-Map="ThrottleVanttec.map" -Wl,--gc-sections -static --specs=nano.specs -mfpu=fpv4-sp-d16 -mfloat-abi=hard -mthumb -Wl,--start-group -lc -lm -lstdc++ -lsupc++ -Wl,--end-group
Finished building target: ThrottleVanttec.elf
 
arm-none-eabi-size   ThrottleVanttec.elf 
arm-none-eabi-objdump -h -S  ThrottleVanttec.elf  > "ThrottleVanttec.list"
   text	   data	    bss	    dec	    hex	filename
  33864	    128	  35856	  69848	  110d8	ThrottleVanttec.elf
Finished building: default.size.stdout
 
Finished building: ThrottleVanttec.list
 

17:45:07 Build Finished. 0 errors, 2 warnings. (took 4s.919ms)

